01-22 17:03:16.124: W/ADB_SERVICES(358): terminating JDWP 4726 connection: Bad file number
01-22 17:03:16.132: I/libPerfService(612): 1: set: 2
01-22 17:03:16.132: E/(612): Could not open '/sys/devices/system/cpu/cpufreq/hotplug/cpu_num_base'
01-22 17:03:16.132: E/(612): error : 13, Permission denied
01-22 17:03:16.132: E/(612): Could not open '/data/data/hotplug/cmd'
01-22 17:03:16.132: E/(612): error : 2, No such file or directory
01-22 17:03:16.139: W/MALI(145): MTK_AUX_isMTKFormat:168: int MTK_AUX_isMTKFormat(ANativeWindowBuffer_t*): format=2
01-22 17:03:16.139: W/MALI(145): MTK_AUX_isMTKFormat:168: int MTK_AUX_isMTKFormat(ANativeWindowBuffer_t*): format=1
01-22 17:03:16.151: I/ActivityManager(612): Start proc com.pplive.tvplayer for activity com.pplive.tvplayer/.browser.FileListActivity: pid=14586 uid=10042 gids={50042, 3003, 1028, 1015}
01-22 17:03:16.155: W/MALI(145): MTK_AUX_isMTKFormat:168: int MTK_AUX_isMTKFormat(ANativeWindowBuffer_t*): format=2
01-22 17:03:16.156: W/MALI(145): MTK_AUX_isMTKFormat:168: int MTK_AUX_isMTKFormat(ANativeWindowBuffer_t*): format=1
01-22 17:03:16.172: W/MALI(145): MTK_AUX_isMTKFormat:168: int MTK_AUX_isMTKFormat(ANativeWindowBuffer_t*): format=2
01-22 17:03:16.172: W/MALI(145): MTK_AUX_isMTKFormat:168: int MTK_AUX_isMTKFormat(ANativeWindowBuffer_t*): format=1
01-22 17:03:16.181: I/WindowManager(612): enableScreenIfNeededLocked: mDisplayEnabled=true mForceDisplayEnabled=false mShowingBootMessages=false mSystemBooted=true
01-22 17:03:16.181: I/WindowManager(612): java.lang.RuntimeException: here
01-22 17:03:16.181: I/WindowManager(612): 	at com.android.server.wm.WindowManagerService.enableScreenIfNeededLocked(WindowManagerService.java:5894)
01-22 17:03:16.181: I/WindowManager(612): 	at com.android.server.wm.WindowManagerService.performLayoutAndPlaceSurfacesLockedInner(WindowManagerService.java:10296)
01-22 17:03:16.181: I/WindowManager(612): 	at com.android.server.wm.WindowManagerService.performLayoutAndPlaceSurfacesLockedLoop(WindowManagerService.java:8929)
01-22 17:03:16.181: I/WindowManager(612): 	at com.android.server.wm.WindowManagerService.performLayoutAndPlaceSurfacesLocked(WindowManagerService.java:8871)
01-22 17:03:16.181: I/WindowManager(612): 	at com.android.server.wm.WindowManagerService.executeAppTransition(WindowManagerService.java:4455)
01-22 17:03:16.181: I/WindowManager(612): 	at com.android.server.am.ActivityStackSupervisor.reportResumedActivityLocked(ActivityStackSupervisor.java:2668)
01-22 17:03:16.181: I/WindowManager(612): 	at com.android.server.am.ActivityStack.completeResumeLocked(ActivityStack.java:1032)
01-22 17:03:16.181: I/WindowManager(612): 	at com.android.server.am.ActivityStack.minimalResumeActivityLocked(ActivityStack.java:624)
01-22 17:03:16.181: I/WindowManager(612): 	at com.android.server.am.ActivityStackSupervisor.realStartActivityLocked(ActivityStackSupervisor.java:1186)
01-22 17:03:16.181: I/WindowManager(612): 	at com.android.server.am.ActivityStackSupervisor.attachApplicationLocked(ActivityStackSupervisor.java:492)
01-22 17:03:16.181: I/WindowManager(612): 	at com.android.server.am.ActivityManagerService.attachApplicationLocked(ActivityManagerService.java:5722)
01-22 17:03:16.181: I/WindowManager(612): 	at com.android.server.am.ActivityManagerService.attachApplication(ActivityManagerService.java:5787)
01-22 17:03:16.181: I/WindowManager(612): 	at android.app.ActivityManagerNative.onTransact(ActivityManagerNative.java:395)
01-22 17:03:16.181: I/WindowManager(612): 	at com.android.server.am.ActivityManagerService.onTransact(ActivityManagerService.java:2271)
01-22 17:03:16.181: I/WindowManager(612): 	at android.os.Binder.execTransact(Binder.java:404)
01-22 17:03:16.181: I/WindowManager(612): 	at dalvik.system.NativeStart.run(Native Method)
01-22 17:03:16.188: I/SurfaceView(970): updateWindow -- onWindowVisibilityChanged, visibility = 4, this = com.pptv.launcher.view.LauncherVideoView{41d39048 V.E..... ......ID 359,195-360,195 #7f0800e0 app:id/home_video}
01-22 17:03:16.189: W/MALI(145): MTK_AUX_isMTKFormat:168: int MTK_AUX_isMTKFormat(ANativeWindowBuffer_t*): format=2
01-22 17:03:16.189: W/MALI(145): MTK_AUX_isMTKFormat:168: int MTK_AUX_isMTKFormat(ANativeWindowBuffer_t*): format=1
01-22 17:03:16.192: I/WindowManager(612): enableScreenIfNeededLocked: mDisplayEnabled=true mForceDisplayEnabled=false mShowingBootMessages=false mSystemBooted=true
01-22 17:03:16.192: I/WindowManager(612): java.lang.RuntimeException: here
01-22 17:03:16.192: I/WindowManager(612): 	at com.android.server.wm.WindowManagerService.enableScreenIfNeededLocked(WindowManagerService.java:5894)
01-22 17:03:16.192: I/WindowManager(612): 	at com.android.server.wm.WindowManagerService.performLayoutAndPlaceSurfacesLockedInner(WindowManagerService.java:10296)
01-22 17:03:16.192: I/WindowManager(612): 	at com.android.server.wm.WindowManagerService.performLayoutAndPlaceSurfacesLockedLoop(WindowManagerService.java:8929)
01-22 17:03:16.192: I/WindowManager(612): 	at com.android.server.wm.WindowManagerService.performLayoutAndPlaceSurfacesLocked(WindowManagerService.java:8871)
01-22 17:03:16.192: I/WindowManager(612): 	at com.android.server.wm.WindowManagerService.relayoutWindow(WindowManagerService.java:3457)
01-22 17:03:16.192: I/WindowManager(612): 	at com.android.server.wm.Session.relayout(Session.java:191)
01-22 17:03:16.192: I/WindowManager(612): 	at android.view.IWindowSession$Stub.onTransact(IWindowSession.java:235)
01-22 17:03:16.192: I/WindowManager(612): 	at com.android.server.wm.Session.onTransact(Session.java:126)
01-22 17:03:16.192: I/WindowManager(612): 	at android.os.Binder.execTransact(Binder.java:404)
01-22 17:03:16.192: I/WindowManager(612): 	at dalvik.system.NativeStart.run(Native Method)
01-22 17:03:16.193: I/SurfaceView(970): updateWindow -- OnPreDrawListener, mHaveFrame = false, this = android.view.SurfaceView$3@41d27e30
01-22 17:03:16.204: I/SurfaceView(970): updateWindow -- onWindowVisibilityChanged, visibility = 0, this = com.pptv.launcher.view.LauncherVideoView{41d39048 V.E..... ......ID 359,195-360,195 #7f0800e0 app:id/home_video}
01-22 17:03:16.205: W/MALI(145): MTK_AUX_isMTKFormat:168: int MTK_AUX_isMTKFormat(ANativeWindowBuffer_t*): format=2
01-22 17:03:16.205: W/MALI(145): MTK_AUX_isMTKFormat:168: int MTK_AUX_isMTKFormat(ANativeWindowBuffer_t*): format=1
01-22 17:03:16.222: W/MALI(145): MTK_AUX_isMTKFormat:168: int MTK_AUX_isMTKFormat(ANativeWindowBuffer_t*): format=2
01-22 17:03:16.222: W/MALI(145): MTK_AUX_isMTKFormat:168: int MTK_AUX_isMTKFormat(ANativeWindowBuffer_t*): format=1
01-22 17:03:16.234: I/FFMediaPlayer_initPlayer_-1(14586): initPlayer()
01-22 17:03:16.235: I/FFMediaPlayer_initPlayer_-1(14586): System.loadLibrary() try load meet
01-22 17:03:16.238: I/unknown tag(14586): pplog inited
01-22 17:03:16.239: I/FFMediaPlayer_initPlayer_-1(14586): System.loadLibrary() meet loaded
01-22 17:03:16.240: I/BufferQueue(145): [Application Not Responding: com.pplive.tvplayer](this:0xb843eb50,id:73,api:2,p:-1,c:145) disconnect: api=2
01-22 17:03:16.240: I/BufferQueue(145): [Application Not Responding: com.pplive.tvplayer](this:0xb843eb50,id:73,api:0,p:-1,c:145) getReleasedBuffers: returning mask 0xffffffff
01-22 17:03:16.240: I/GLConsumer(145): [Application Not Responding: com.pplive.tvplayer](this:0xb843ff60,api:0) destroying EGLImage dpy=0x1 img=0x10000008
01-22 17:03:16.240: I/GraphicBuffer(145): free buffer (w:304 h:206 f:1) handle(0xb84428e8)
01-22 17:03:16.240: I/JNI-MediaPlayer(14586): native_init
01-22 17:03:16.240: I/GLConsumer(145): [Application Not Responding: com.pplive.tvplayer](this:0xb843ff60,api:0) destroying EGLImage dpy=0x1 img=0x10000009
01-22 17:03:16.240: I/GLConsumer(145): [Application Not Responding: com.pplive.tvplayer](this:0xb843ff60,api:0) destroying EGLImage dpy=0x1 img=0x1000000a
01-22 17:03:16.240: I/GraphicBuffer(145): free buffer (w:304 h:206 f:1) handle(0xb84692d8)
01-22 17:03:16.242: I/JNI-MediaPlayer(14586): MODEL_NAME: mt8127_box_p1v1
01-22 17:03:16.243: I/WindowManager(612): enableScreenIfNeededLocked: mDisplayEnabled=true mForceDisplayEnabled=false mShowingBootMessages=false mSystemBooted=true
01-22 17:03:16.243: I/WindowManager(612): java.lang.RuntimeException: here
01-22 17:03:16.243: I/WindowManager(612): 	at com.android.server.wm.WindowManagerService.enableScreenIfNeededLocked(WindowManagerService.java:5894)
01-22 17:03:16.243: I/WindowManager(612): 	at com.android.server.wm.WindowManagerService.performLayoutAndPlaceSurfacesLockedInner(WindowManagerService.java:10296)
01-22 17:03:16.243: I/WindowManager(612): 	at com.android.server.wm.WindowManagerService.performLayoutAndPlaceSurfacesLockedLoop(WindowManagerService.java:8929)
01-22 17:03:16.243: I/WindowManager(612): 	at com.android.server.wm.WindowManagerService.performLayoutAndPlaceSurfacesLocked(WindowManagerService.java:8871)
01-22 17:03:16.243: I/WindowManager(612): 	at com.android.server.wm.WindowManagerService.access$500(WindowManagerService.java:169)
01-22 17:03:16.243: I/WindowManager(612): 	at com.android.server.wm.WindowManagerService$H.handleMessage(WindowManagerService.java:7855)
01-22 17:03:16.243: I/WindowManager(612): 	at android.os.Handler.dispatchMessage(Handler.java:110)
01-22 17:03:16.243: I/WindowManager(612): 	at android.os.Looper.loop(Looper.java:193)
01-22 17:03:16.243: I/WindowManager(612): 	at android.os.HandlerThread.run(HandlerThread.java:61)
01-22 17:03:16.243: I/JNI-MediaPlayer(14586): BOARD_NAME: 
01-22 17:03:16.244: I/JNI-MediaPlayer(14586): CHIP_NAME: 
01-22 17:03:16.245: I/JNI-MediaPlayer(14586): MANUFACTURE_NAME: alps
01-22 17:03:16.245: I/WindowManager(612): enableScreenIfNeededLocked: mDisplayEnabled=true mForceDisplayEnabled=false mShowingBootMessages=false mSystemBooted=true
01-22 17:03:16.245: I/WindowManager(612): java.lang.RuntimeException: here
01-22 17:03:16.245: I/WindowManager(612): 	at com.android.server.wm.WindowManagerService.enableScreenIfNeededLocked(WindowManagerService.java:5894)
01-22 17:03:16.245: I/WindowManager(612): 	at com.android.server.wm.WindowManagerService.performLayoutAndPlaceSurfacesLockedInner(WindowManagerService.java:10296)
01-22 17:03:16.245: I/WindowManager(612): 	at com.android.server.wm.WindowManagerService.performLayoutAndPlaceSurfacesLockedLoop(WindowManagerService.java:8929)
01-22 17:03:16.245: I/WindowManager(612): 	at com.android.server.wm.WindowManagerService.performLayoutAndPlaceSurfacesLocked(WindowManagerService.java:8871)
01-22 17:03:16.245: I/WindowManager(612): 	at com.android.server.wm.WindowManagerService.access$500(WindowManagerService.java:169)
01-22 17:03:16.245: I/WindowManager(612): 	at com.android.server.wm.WindowManagerService$H.handleMessage(WindowManagerService.java:7855)
01-22 17:03:16.245: I/WindowManager(612): 	at android.os.Handler.dispatchMessage(Handler.java:110)
01-22 17:03:16.245: I/WindowManager(612): 	at android.os.Looper.loop(Looper.java:193)
01-22 17:03:16.245: I/WindowManager(612): 	at android.os.HandlerThread.run(HandlerThread.java:61)
01-22 17:03:16.245: I/BufferQueue(145): [unnamed-145-74](this:0xb844f8b0,id:74,api:0,p:-1,c:-1) BufferQueue
01-22 17:03:16.245: I/BufferQueue(145): [unnamed-145-74](this:0xb844f8b0,id:74,api:0,p:-1,c:145) consumerConnect consumer=(145:/system/bin/surfaceflinger) controlledByApp=false
01-22 17:03:16.245: I/BufferQueue(145): [unnamed-145-74](this:0xb844f8b0,id:74,api:0,p:-1,c:145) setConsumerName: unnamed-145-74
01-22 17:03:16.245: I/GLConsumer(145): [unnamed-145-74](this:0xb8445dc8,api:0) GLConsumer
01-22 17:03:16.245: I/BufferQueue(145): [com.pptv.launcher/com.pptv.launcher.Launcher](this:0xb844f8b0,id:74,api:0,p:-1,c:145) setConsumerName: com.pptv.launcher/com.pptv.launcher.Launcher
01-22 17:03:16.245: I/BufferQueue(145): [com.pptv.launcher/com.pptv.launcher.Launcher](this:0xb844f8b0,id:74,api:0,p:-1,c:145) setDefaultBufferSize: w=1920, h=1080
01-22 17:03:16.246: I/JNI-MediaPlayer(14586): RELEASE_VERSION: 4.4.2
01-22 17:03:16.246: I/JNI-MediaPlayer(14586): SDK_VERSION: 19
01-22 17:03:16.247: I/JNI-MediaPlayer(14586): APP_PATH: /data/data/com.pplive.tvplayer/
01-22 17:03:16.248: I/WindowManager(612): enableScreenIfNeededLocked: mDisplayEnabled=true mForceDisplayEnabled=false mShowingBootMessages=false mSystemBooted=true
01-22 17:03:16.248: I/WindowManager(612): java.lang.RuntimeException: here
01-22 17:03:16.248: I/WindowManager(612): 	at com.android.server.wm.WindowManagerService.enableScreenIfNeededLocked(WindowManagerService.java:5894)
01-22 17:03:16.248: I/WindowManager(612): 	at com.android.server.wm.WindowManagerService.performLayoutAndPlaceSurfacesLockedInner(WindowManagerService.java:10296)
01-22 17:03:16.248: I/WindowManager(612): 	at com.android.server.wm.WindowManagerService.performLayoutAndPlaceSurfacesLockedLoop(WindowManagerService.java:8929)
01-22 17:03:16.248: I/WindowManager(612): 	at com.android.server.wm.WindowManagerService.performLayoutAndPlaceSurfacesLocked(WindowManagerService.java:8871)
01-22 17:03:16.248: I/WindowManager(612): 	at com.android.server.wm.WindowManagerService.relayoutWindow(WindowManagerService.java:3457)
01-22 17:03:16.248: I/WindowManager(612): 	at com.android.server.wm.Session.relayout(Session.java:191)
01-22 17:03:16.248: I/WindowManager(612): 	at android.view.IWindowSession$Stub.onTransact(IWindowSession.java:235)
01-22 17:03:16.248: I/WindowManager(612): 	at com.android.server.wm.Session.onTransact(Session.java:126)
01-22 17:03:16.248: I/WindowManager(612): 	at android.os.Binder.execTransact(Binder.java:404)
01-22 17:03:16.248: I/WindowManager(612): 	at dalvik.system.NativeStart.run(Native Method)
01-22 17:03:16.248: I/JNI-MediaPlayer(14586): LIB_PATH: 
01-22 17:03:16.249: I/BufferQueue(145): [com.pptv.launcher/com.pptv.launcher.Launcher](this:0xb844f8b0,id:74,api:0,p:970,c:145) connect: api=1 producer=(970:com.pptv.launcher) producerControlledByApp=true
01-22 17:03:16.249: I/JNI-MediaPlayer(14586): PPBOX_LIB_NAME: 
01-22 17:03:16.249: I/BufferQueue(145): [com.pptv.launcher/com.pptv.launcher.Launcher](this:0xb844f8b0,id:74,api:1,p:970,c:145) new GraphicBuffer needed
01-22 17:03:16.250: I/GraphicBuffer(145): allocate buffer (w:1920 h:1080 f:1) handle(0xb847c860) err(0)
01-22 17:03:16.250: W/GraphicBufferExtra_hal(145): gralloc extra device setBufInfo(...) is not supported
01-22 17:03:16.250: I/BufferQueue(145):     [NEW] gb=0xb8440740, handle=0xb847c860, w=1920, h=1080, s=1920, f=0x1, u=0x00000f02
01-22 17:03:16.252: I/MaliEGL(970): [Mali]surface->num_buffers=4, surface->num_frames=3, win_min_undequeued=1
01-22 17:03:16.252: I/MaliEGL(970): [Mali]max_allowed_dequeued_buffers=3
01-22 17:03:16.252: I/BufferQueue(145): [com.pptv.launcher/com.pptv.launcher.Launcher](this:0xb844f8b0,id:74,api:1,p:970,c:145) setBufferCount: count=4
01-22 17:03:16.252: I/GraphicBuffer(145): free buffer (w:1920 h:1080 f:1) handle(0xb847c860)
01-22 17:03:16.253: I/BufferQueue(145): [com.pptv.launcher/com.pptv.launcher.Launcher](this:0xb844f8b0,id:74,api:1,p:970,c:145) getReleasedBuffers: returning mask 0xffffffff
01-22 17:03:16.254: I/BufferQueue(145): [com.pptv.launcher/com.pptv.launcher.Launcher](this:0xb844f8b0,id:74,api:1,p:970,c:145) new GraphicBuffer needed
01-22 17:03:16.254: I/BufferQueue(145): [Application Not Responding: com.pplive.tvplayer](this:0xb843eb50,id:73,api:0,p:-1,c:-1) consumerDisconnect
01-22 17:03:16.254: I/GraphicBuffer(145): free buffer (w:304 h:206 f:1) handle(0xb8440590)
01-22 17:03:16.255: I/BufferQueue(145): [Application Not Responding: com.pplive.tvplayer](this:0xb843eb50,id:73,api:0,p:-1,c:-1) ~BufferQueue
01-22 17:03:16.255: I/GraphicBuffer(145): allocate buffer (w:1920 h:1080 f:1) handle(0xb8441978) err(0)
01-22 17:03:16.255: W/GraphicBufferExtra_hal(145): gralloc extra device setBufInfo(...) is not supported
01-22 17:03:16.255: I/BufferQueue(145):     [NEW] gb=0xb8440740, handle=0xb8441978, w=1920, h=1080, s=1920, f=0x1, u=0x00000f02
01-22 17:03:16.257: W/MALI(145): MTK_AUX_isMTKFormat:168: int MTK_AUX_isMTKFormat(ANativeWindowBuffer_t*): format=2
01-22 17:03:16.257: W/MALI(145): MTK_AUX_isMTKFormat:168: int MTK_AUX_isMTKFormat(ANativeWindowBuffer_t*): format=1
01-22 17:03:16.258: E/tvplayer_app:b.onCreate(L:-1)(14586): ---onCreate---stacksize=0
01-22 17:03:16.261: I/SurfaceView(970): updateWindow -- OnPreDrawListener, mHaveFrame = false, this = android.view.SurfaceView$3@41d27e30
01-22 17:03:16.264: I/System.out(14586): httpget:http://market.ott.pptv.com/api/v1/channelconfig?platform=device&channel=4003&sv=3.0.2
01-22 17:03:16.265: I/System.out(14586): http://market.ott.pptv.com/api/v1/channelconfig?platform=device&channel=4003&sv=3.0.2
01-22 17:03:16.271: I/SurfaceView(970): updateWindow -- OnPreDrawListener, mHaveFrame = false, this = android.view.SurfaceView$3@41d27e30
01-22 17:03:16.272: W/MALI(145): MTK_AUX_isMTKFormat:168: int MTK_AUX_isMTKFormat(ANativeWindowBuffer_t*): format=2
01-22 17:03:16.273: W/MALI(145): MTK_AUX_isMTKFormat:168: int MTK_AUX_isMTKFormat(ANativeWindowBuffer_t*): format=1
01-22 17:03:16.289: W/MALI(145): MTK_AUX_isMTKFormat:168: int MTK_AUX_isMTKFormat(ANativeWindowBuffer_t*): format=2
01-22 17:03:16.289: W/MALI(145): MTK_AUX_isMTKFormat:168: int MTK_AUX_isMTKFormat(ANativeWindowBuffer_t*): format=1
01-22 17:03:16.290: I/BufferQueue(145): [FrameBufferSurface_0](this:0xb8436860,id:0,api:1,p:145,c:145) [release] fps:17.99, dur:1000.81, max:450.53, min:15.20
01-22 17:03:16.290: I/BufferQueue(145): [FrameBufferSurface_0](this:0xb8436860,id:0,api:1,p:145,c:145) [queue] fps:17.99, dur:1000.79, max:450.43, min:15.20
01-22 17:03:16.290: I/SurfaceFlinger(145): [Built-in Screen (type:0)] fps:17.986586,dur:1000.75,max:450.55,min:15.20
01-22 17:03:16.305: W/MALI(145): MTK_AUX_isMTKFormat:168: int MTK_AUX_isMTKFormat(ANativeWindowBuffer_t*): format=2
01-22 17:03:16.306: W/MALI(145): MTK_AUX_isMTKFormat:168: int MTK_AUX_isMTKFormat(ANativeWindowBuffer_t*): format=1
01-22 17:03:16.306: I/FrameworkListener(140): onDataAvailable get 47 bytes 
01-22 17:03:16.322: W/MALI(145): MTK_AUX_isMTKFormat:168: int MTK_AUX_isMTKFormat(ANativeWindowBuffer_t*): format=2
01-22 17:03:16.322: W/MALI(145): MTK_AUX_isMTKFormat:168: int MTK_AUX_isMTKFormat(ANativeWindowBuffer_t*): format=1
01-22 17:03:16.339: W/MALI(145): MTK_AUX_isMTKFormat:168: int MTK_AUX_isMTKFormat(ANativeWindowBuffer_t*): format=2
01-22 17:03:16.339: W/MALI(145): MTK_AUX_isMTKFormat:168: int MTK_AUX_isMTKFormat(ANativeWindowBuffer_t*): format=1
01-22 17:03:16.348: I/System.out(970): [CDS]close[58059]
01-22 17:03:16.349: I/System.out(970): [CDS]close[44403]
01-22 17:03:16.349: I/System.out(970): close [socket][/0.0.0.0:44403]
01-22 17:03:16.349: I/System.out(970): close [socket][/0.0.0.0:44403]
01-22 17:03:16.350: I/System.out(970): close [socket][/0.0.0.0:58059]
01-22 17:03:16.350: I/System.out(970): close [socket][/0.0.0.0:58059]
01-22 17:03:16.352: I/dalvikvm-heap(14586): Grow heap (frag case) to 9.377MB for 6536560-byte allocation
01-22 17:03:16.355: W/MALI(145): MTK_AUX_isMTKFormat:168: int MTK_AUX_isMTKFormat(ANativeWindowBuffer_t*): format=2
01-22 17:03:16.356: W/MALI(145): MTK_AUX_isMTKFormat:168: int MTK_AUX_isMTKFormat(ANativeWindowBuffer_t*): format=1
01-22 17:03:16.366: I/System.out(14586): propertyValue:true
01-22 17:03:16.366: I/System.out(14586): openConnection:2
01-22 17:03:16.367: I/System.out(14586): [socket][0] connection /183.129.205.157:80;LocalPort=45544(0)
01-22 17:03:16.367: I/System.out(14586): [CDS]connect[/183.129.205.157:80] tm:90
01-22 17:03:16.372: W/MALI(145): MTK_AUX_isMTKFormat:168: int MTK_AUX_isMTKFormat(ANativeWindowBuffer_t*): format=2
01-22 17:03:16.372: W/MALI(145): MTK_AUX_isMTKFormat:168: int MTK_AUX_isMTKFormat(ANativeWindowBuffer_t*): format=1
01-22 17:03:16.389: W/MALI(145): MTK_AUX_isMTKFormat:168: int MTK_AUX_isMTKFormat(ANativeWindowBuffer_t*): format=2
01-22 17:03:16.389: I/System.out(14586): [socket][/192.168.200.6:45544] connected
01-22 17:03:16.389: I/System.out(14586): [CDS]rx timeout:0
01-22 17:03:16.389: I/System.out(14586): [CDS]SO_SND_TIMEOUT:0
01-22 17:03:16.389: W/MALI(145): MTK_AUX_isMTKFormat:168: int MTK_AUX_isMTKFormat(ANativeWindowBuffer_t*): format=1
01-22 17:03:16.391: I/System.out(14586): >doSendRequest
01-22 17:03:16.392: I/System.out(14586): <doSendRequest
01-22 17:03:16.405: W/MALI(145): MTK_AUX_isMTKFormat:168: int MTK_AUX_isMTKFormat(ANativeWindowBuffer_t*): format=2
01-22 17:03:16.406: W/MALI(145): MTK_AUX_isMTKFormat:168: int MTK_AUX_isMTKFormat(ANativeWindowBuffer_t*): format=1
01-22 17:03:16.416: W/System.err(14586): org.json.JSONException: No value for usbclosed
01-22 17:03:16.417: W/System.err(14586): 	at org.json.JSONObject.get(JSONObject.java:355)
01-22 17:03:16.417: W/System.err(14586): 	at org.json.JSONObject.getInt(JSONObject.java:444)
01-22 17:03:16.417: W/System.err(14586): 	at com.pplive.tvplayer.c.run(Unknown Source)
01-22 17:03:16.417: W/System.err(14586): 	at java.lang.Thread.run(Thread.java:848)
01-22 17:03:16.422: W/MALI(145): MTK_AUX_isMTKFormat:168: int MTK_AUX_isMTKFormat(ANativeWindowBuffer_t*): format=2
01-22 17:03:16.422: W/MALI(145): MTK_AUX_isMTKFormat:168: int MTK_AUX_isMTKFormat(ANativeWindowBuffer_t*): format=1
01-22 17:03:16.439: W/MALI(145): MTK_AUX_isMTKFormat:168: int MTK_AUX_isMTKFormat(ANativeWindowBuffer_t*): format=2
01-22 17:03:16.439: W/MALI(145): MTK_AUX_isMTKFormat:168: int MTK_AUX_isMTKFormat(ANativeWindowBuffer_t*): format=1
01-22 17:03:16.450: I/WindowManager(612): enableScreenIfNeededLocked: mDisplayEnabled=true mForceDisplayEnabled=false mShowingBootMessages=false mSystemBooted=true
01-22 17:03:16.450: I/WindowManager(612): java.lang.RuntimeException: here
01-22 17:03:16.450: I/WindowManager(612): 	at com.android.server.wm.WindowManagerService.enableScreenIfNeededLocked(WindowManagerService.java:5894)
01-22 17:03:16.450: I/WindowManager(612): 	at com.android.server.wm.WindowStateAnimator.performShowLocked(WindowStateAnimator.java:1480)
01-22 17:03:16.450: I/WindowManager(612): 	at com.android.server.wm.AppWindowAnimator.showAllWindowsLocked(AppWindowAnimator.java:313)
01-22 17:03:16.450: I/WindowManager(612): 	at com.android.server.wm.WindowManagerService.handleAppTransitionReadyLocked(WindowManagerService.java:9358)
01-22 17:03:16.450: I/WindowManager(612): 	at com.android.server.wm.WindowManagerService.performLayoutAndPlaceSurfacesLockedInner(WindowManagerService.java:10021)
01-22 17:03:16.450: I/WindowManager(612): 	at com.android.server.wm.WindowManagerService.performLayoutAndPlaceSurfacesLockedLoop(WindowManagerService.java:8929)
01-22 17:03:16.450: I/WindowManager(612): 	at com.android.server.wm.WindowManagerService.performLayoutAndPlaceSurfacesLocked(WindowManagerService.java:8871)
01-22 17:03:16.450: I/WindowManager(612): 	at com.android.server.wm.WindowManagerService.access$500(WindowManagerService.java:169)
01-22 17:03:16.450: I/WindowManager(612): 	at com.android.server.wm.WindowManagerService$H.handleMessage(WindowManagerService.java:7855)
01-22 17:03:16.450: I/WindowManager(612): 	at android.os.Handler.dispatchMessage(Handler.java:110)
01-22 17:03:16.450: I/WindowManager(612): 	at android.os.Looper.loop(Looper.java:193)
01-22 17:03:16.450: I/WindowManager(612): 	at android.os.HandlerThread.run(HandlerThread.java:61)
01-22 17:03:16.452: I/WindowManager(612): enableScreenIfNeededLocked: mDisplayEnabled=true mForceDisplayEnabled=false mShowingBootMessages=false mSystemBooted=true
01-22 17:03:16.452: I/WindowManager(612): java.lang.RuntimeException: here
01-22 17:03:16.452: I/WindowManager(612): 	at com.android.server.wm.WindowManagerService.enableScreenIfNeededLocked(WindowManagerService.java:5894)
01-22 17:03:16.452: I/WindowManager(612): 	at com.android.server.wm.WindowManagerService.performLayoutAndPlaceSurfacesLockedInner(WindowManagerService.java:10296)
01-22 17:03:16.452: I/WindowManager(612): 	at com.android.server.wm.WindowManagerService.performLayoutAndPlaceSurfacesLockedLoop(WindowManagerService.java:8929)
01-22 17:03:16.452: I/WindowManager(612): 	at com.android.server.wm.WindowManagerService.performLayoutAndPlaceSurfacesLocked(WindowManagerService.java:8871)
01-22 17:03:16.452: I/WindowManager(612): 	at com.android.server.wm.WindowManagerService.access$500(WindowManagerService.java:169)
01-22 17:03:16.452: I/WindowManager(612): 	at com.android.server.wm.WindowManagerService$H.handleMessage(WindowManagerService.java:7855)
01-22 17:03:16.452: I/WindowManager(612): 	at android.os.Handler.dispatchMessage(Handler.java:110)
01-22 17:03:16.452: I/WindowManager(612): 	at android.os.Looper.loop(Looper.java:193)
01-22 17:03:16.452: I/WindowManager(612): 	at android.os.HandlerThread.run(HandlerThread.java:61)
01-22 17:03:16.454: W/MALI(145): MTK_AUX_isMTKFormat:168: int MTK_AUX_isMTKFormat(ANativeWindowBuffer_t*): format=1
01-22 17:03:16.455: I/WindowManager(612): enableScreenIfNeededLocked: mDisplayEnabled=true mForceDisplayEnabled=false mShowingBootMessages=false mSystemBooted=true
01-22 17:03:16.455: I/WindowManager(612): java.lang.RuntimeException: here
01-22 17:03:16.455: I/WindowManager(612): 	at com.android.server.wm.WindowManagerService.enableScreenIfNeededLocked(WindowManagerService.java:5894)
01-22 17:03:16.455: I/WindowManager(612): 	at com.android.server.wm.WindowManagerService.performLayoutAndPlaceSurfacesLockedInner(WindowManagerService.java:10296)
01-22 17:03:16.455: I/WindowManager(612): 	at com.android.server.wm.WindowManagerService.performLayoutAndPlaceSurfacesLockedLoop(WindowManagerService.java:8929)
01-22 17:03:16.455: I/WindowManager(612): 	at com.android.server.wm.WindowManagerService.performLayoutAndPlaceSurfacesLocked(WindowManagerService.java:8871)
01-22 17:03:16.455: I/WindowManager(612): 	at com.android.server.wm.WindowManagerService.access$500(WindowManagerService.java:169)
01-22 17:03:16.455: I/WindowManager(612): 	at com.android.server.wm.WindowManagerService$H.handleMessage(WindowManagerService.java:7855)
01-22 17:03:16.455: I/WindowManager(612): 	at android.os.Handler.dispatchMessage(Handler.java:110)
01-22 17:03:16.455: I/WindowManager(612): 	at android.os.Looper.loop(Looper.java:193)
01-22 17:03:16.455: I/WindowManager(612): 	at android.os.HandlerThread.run(HandlerThread.java:61)
01-22 17:03:16.456: W/MALI(145): MTK_AUX_isMTKFormat:168: int MTK_AUX_isMTKFormat(ANativeWindowBuffer_t*): format=2
01-22 17:03:16.456: W/MALI(145): MTK_AUX_isMTKFormat:168: int MTK_AUX_isMTKFormat(ANativeWindowBuffer_t*): format=1
01-22 17:03:16.461: I/WindowManager(612): enableScreenIfNeededLocked: mDisplayEnabled=true mForceDisplayEnabled=false mShowingBootMessages=false mSystemBooted=true
01-22 17:03:16.461: I/WindowManager(612): java.lang.RuntimeException: here
01-22 17:03:16.461: I/WindowManager(612): 	at com.android.server.wm.WindowManagerService.enableScreenIfNeededLocked(WindowManagerService.java:5894)
01-22 17:03:16.461: I/WindowManager(612): 	at com.android.server.wm.WindowManagerService.performLayoutAndPlaceSurfacesLockedInner(WindowManagerService.java:10296)
01-22 17:03:16.461: I/WindowManager(612): 	at com.android.server.wm.WindowManagerService.performLayoutAndPlaceSurfacesLockedLoop(WindowManagerService.java:8929)
01-22 17:03:16.461: I/WindowManager(612): 	at com.android.server.wm.WindowManagerService.performLayoutAndPlaceSurfacesLocked(WindowManagerService.java:8871)
01-22 17:03:16.461: I/WindowManager(612): 	at com.android.server.wm.WindowManagerService.access$500(WindowManagerService.java:169)
01-22 17:03:16.461: I/WindowManager(612): 	at com.android.server.wm.WindowManagerService$H.handleMessage(WindowManagerService.java:7855)
01-22 17:03:16.461: I/WindowManager(612): 	at android.os.Handler.dispatchMessage(Handler.java:110)
01-22 17:03:16.461: I/WindowManager(612): 	at android.os.Looper.loop(Looper.java:193)
01-22 17:03:16.461: I/WindowManager(612): 	at android.os.HandlerThread.run(HandlerThread.java:61)
01-22 17:03:16.464: I/WindowManager(612): enableScreenIfNeededLocked: mDisplayEnabled=true mForceDisplayEnabled=false mShowingBootMessages=false mSystemBooted=true
01-22 17:03:16.464: I/WindowManager(612): java.lang.RuntimeException: here
01-22 17:03:16.464: I/WindowManager(612): 	at com.android.server.wm.WindowManagerService.enableScreenIfNeededLocked(WindowManagerService.java:5894)
01-22 17:03:16.464: I/WindowManager(612): 	at com.android.server.wm.WindowManagerService.performLayoutAndPlaceSurfacesLockedInner(WindowManagerService.java:10296)
01-22 17:03:16.464: I/WindowManager(612): 	at com.android.server.wm.WindowManagerService.performLayoutAndPlaceSurfacesLockedLoop(WindowManagerService.java:8929)
01-22 17:03:16.464: I/WindowManager(612): 	at com.android.server.wm.WindowManagerService.performLayoutAndPlaceSurfacesLocked(WindowManagerService.java:8871)
01-22 17:03:16.464: I/WindowManager(612): 	at com.android.server.wm.WindowManagerService.access$500(WindowManagerService.java:169)
01-22 17:03:16.464: I/WindowManager(612): 	at com.android.server.wm.WindowManagerService$H.handleMessage(WindowManagerService.java:7855)
01-22 17:03:16.464: I/WindowManager(612): 	at android.os.Handler.dispatchMessage(Handler.java:110)
01-22 17:03:16.464: I/WindowManager(612): 	at android.os.Looper.loop(Looper.java:193)
01-22 17:03:16.464: I/WindowManager(612): 	at android.os.HandlerThread.run(HandlerThread.java:61)
01-22 17:03:16.468: E/tvplayer_app:b.onResume(L:-1)(14586): ---onResume---true
01-22 17:03:16.471: W/MediatekClassFactory(14586): Tablet not exist!, Get obj from default class
01-22 17:03:16.471: I/BufferQueue(145): [com.pplive.tvplayer/com.pplive.tvplayer.player.video.DLNAVideoplayerActivity](this:0xb8441f88,id:68,api:0,p:-1,c:-1) consumerDisconnect
01-22 17:03:16.471: I/BufferQueue(145): [SurfaceView](this:0xb847a130,id:69,api:0,p:-1,c:-1) consumerDisconnect
01-22 17:03:16.472: I/GraphicBuffer(145): free buffer (w:480 h:272 f:2) handle(0xb847cdf8)
01-22 17:03:16.472: I/BufferQueue(145): [SurfaceView](this:0xb847a130,id:69,api:0,p:-1,c:-1) ~BufferQueue
01-22 17:03:16.472: I/GraphicBuffer(145): free buffer (w:1920 h:1080 f:1) handle(0xb8447a58)
01-22 17:03:16.472: I/BufferQueue(145): [com.pplive.tvplayer/com.pplive.tvplayer.player.video.DLNAVideoplayerActivity](this:0xb8441f88,id:68,api:0,p:-1,c:-1) ~BufferQueue
01-22 17:03:16.479: W/System.err(612): java.lang.SecurityException: WifiService: Neither user 10042 nor current process has android.permission.CHANGE_WIFI_STATE.
01-22 17:03:16.479: W/System.err(612): 	at android.app.ContextImpl.enforce(ContextImpl.java:1781)
01-22 17:03:16.479: W/System.err(612): 	at android.app.ContextImpl.enforceCallingOrSelfPermission(ContextImpl.java:1810)
01-22 17:03:16.479: W/System.err(612): 	at com.android.server.wifi.WifiService.enforceChangePermission(WifiService.java:650)
01-22 17:03:16.479: W/System.err(612): 	at com.android.server.wifi.WifiService.getWifiServiceMessenger(WifiService.java:1304)
01-22 17:03:16.479: W/System.err(612): 	at android.net.wifi.IWifiManager$Stub.onTransact(IWifiManager.java:424)
01-22 17:03:16.479: W/System.err(612): 	at android.os.Binder.execTransact(Binder.java:404)
01-22 17:03:16.479: W/System.err(612): 	at dalvik.system.NativeStart.run(Native Method)
01-22 17:03:16.480: E/WifiManager(14586): mWifiServiceMessenger == null
01-22 17:03:16.486: I/LoginUserProvider(970): query : content://com.pptv.launcher.provider.LOGIN/userInfo
01-22 17:03:16.492: E/tvplayer_app:a.a(L:-1)(14586): sendStartupLog
01-22 17:03:16.497: I/SurfaceFlinger(145): EventThread Client Pid (14586) created
01-22 17:03:16.499: I/FrameworkListener(140): onDataAvailable get 47 bytes 
01-22 17:03:16.508: I/WindowManager(612): enableScreenIfNeededLocked: mDisplayEnabled=true mForceDisplayEnabled=false mShowingBootMessages=false mSystemBooted=true
01-22 17:03:16.508: I/WindowManager(612): java.lang.RuntimeException: here
01-22 17:03:16.508: I/WindowManager(612): 	at com.android.server.wm.WindowManagerService.enableScreenIfNeededLocked(WindowManagerService.java:5894)
01-22 17:03:16.508: I/WindowManager(612): 	at com.android.server.wm.WindowManagerService.performLayoutAndPlaceSurfacesLockedInner(WindowManagerService.java:10296)
01-22 17:03:16.508: I/WindowManager(612): 	at com.android.server.wm.WindowManagerService.performLayoutAndPlaceSurfacesLockedLoop(WindowManagerService.java:8929)
01-22 17:03:16.508: I/WindowManager(612): 	at com.android.server.wm.WindowManagerService.performLayoutAndPlaceSurfacesLocked(WindowManagerService.java:8871)
01-22 17:03:16.508: I/WindowManager(612): 	at com.android.server.wm.WindowManagerService.access$500(WindowManagerService.java:169)
01-22 17:03:16.508: I/WindowManager(612): 	at com.android.server.wm.WindowManagerService$H.handleMessage(WindowManagerService.java:7855)
01-22 17:03:16.508: I/WindowManager(612): 	at android.os.Handler.dispatchMessage(Handler.java:110)
01-22 17:03:16.508: I/WindowManager(612): 	at android.os.Looper.loop(Looper.java:193)
01-22 17:03:16.508: I/WindowManager(612): 	at android.os.HandlerThread.run(HandlerThread.java:61)
01-22 17:03:16.514: I/System.out(14586): propertyValue:true
01-22 17:03:16.515: I/System.out(14586): [socket][1] connection box.data.pplive.com/202.107.192.70:80;LocalPort=35245(0)
01-22 17:03:16.515: I/System.out(14586): [CDS]connect[box.data.pplive.com/202.107.192.70:80] tm:90
01-22 17:03:16.526: I/System.out(14586): [socket][/192.168.200.6:35245] connected
01-22 17:03:16.526: I/System.out(14586): [CDS]rx timeout:0
01-22 17:03:16.528: I/BufferQueue(145): [unnamed-145-75](this:0xb8441f88,id:75,api:0,p:-1,c:-1) BufferQueue
01-22 17:03:16.528: I/BufferQueue(145): [unnamed-145-75](this:0xb8441f88,id:75,api:0,p:-1,c:145) consumerConnect consumer=(145:/system/bin/surfaceflinger) controlledByApp=false
01-22 17:03:16.528: I/BufferQueue(145): [unnamed-145-75](this:0xb8441f88,id:75,api:0,p:-1,c:145) setConsumerName: unnamed-145-75
01-22 17:03:16.528: I/GLConsumer(145): [unnamed-145-75](this:0xb8488fd8,api:0) GLConsumer
01-22 17:03:16.528: I/BufferQueue(145): [com.pplive.tvplayer/com.pplive.tvplayer.browser.FileListActivity](this:0xb8441f88,id:75,api:0,p:-1,c:145) setConsumerName: com.pplive.tvplayer/com.pplive.tvplayer.browser.FileListActivity
01-22 17:03:16.528: I/BufferQueue(145): [com.pplive.tvplayer/com.pplive.tvplayer.browser.FileListActivity](this:0xb8441f88,id:75,api:0,p:-1,c:145) setDefaultBufferSize: w=1, h=1
01-22 17:03:16.538: I/BufferQueue(145): [com.pplive.tvplayer/com.pplive.tvplayer.browser.FileListActivity](this:0xb8441f88,id:75,api:0,p:-1,c:145) setDefaultBufferSize: w=1920, h=1080
01-22 17:03:16.539: I/WindowManager(612): enableScreenIfNeededLocked: mDisplayEnabled=true mForceDisplayEnabled=false mShowingBootMessages=false mSystemBooted=true
01-22 17:03:16.539: I/WindowManager(612): java.lang.RuntimeException: here
01-22 17:03:16.539: I/WindowManager(612): 	at com.android.server.wm.WindowManagerService.enableScreenIfNeededLocked(WindowManagerService.java:5894)
01-22 17:03:16.539: I/WindowManager(612): 	at com.android.server.wm.WindowManagerService.performLayoutAndPlaceSurfacesLockedInner(WindowManagerService.java:10296)
01-22 17:03:16.539: I/WindowManager(612): 	at com.android.server.wm.WindowManagerService.performLayoutAndPlaceSurfacesLockedLoop(WindowManagerService.java:8929)
01-22 17:03:16.539: I/WindowManager(612): 	at com.android.server.wm.WindowManagerService.performLayoutAndPlaceSurfacesLocked(WindowManagerService.java:8871)
01-22 17:03:16.539: I/WindowManager(612): 	at com.android.server.wm.WindowManagerService.relayoutWindow(WindowManagerService.java:3457)
01-22 17:03:16.539: I/WindowManager(612): 	at com.android.server.wm.Session.relayout(Session.java:191)
01-22 17:03:16.539: I/WindowManager(612): 	at android.view.IWindowSession$Stub.onTransact(IWindowSession.java:235)
01-22 17:03:16.539: I/WindowManager(612): 	at com.android.server.wm.Session.onTransact(Session.java:126)
01-22 17:03:16.539: I/WindowManager(612): 	at android.os.Binder.execTransact(Binder.java:404)
01-22 17:03:16.539: I/WindowManager(612): 	at dalvik.system.NativeStart.run(Native Method)
01-22 17:03:16.542: I/WindowManager(612): enableScreenIfNeededLocked: mDisplayEnabled=true mForceDisplayEnabled=false mShowingBootMessages=false mSystemBooted=true
01-22 17:03:16.542: I/WindowManager(612): java.lang.RuntimeException: here
01-22 17:03:16.542: I/WindowManager(612): 	at com.android.server.wm.WindowManagerService.enableScreenIfNeededLocked(WindowManagerService.java:5894)
01-22 17:03:16.542: I/WindowManager(612): 	at com.android.server.wm.WindowManagerService.performLayoutAndPlaceSurfacesLockedInner(WindowManagerService.java:10296)
01-22 17:03:16.542: I/WindowManager(612): 	at com.android.server.wm.WindowManagerService.performLayoutAndPlaceSurfacesLockedLoop(WindowManagerService.java:8929)
01-22 17:03:16.542: I/WindowManager(612): 	at com.android.server.wm.WindowManagerService.performLayoutAndPlaceSurfacesLocked(WindowManagerService.java:8871)
01-22 17:03:16.542: I/WindowManager(612): 	at com.android.server.wm.WindowManagerService.relayoutWindow(WindowManagerService.java:3457)
01-22 17:03:16.542: I/WindowManager(612): 	at com.android.server.wm.Session.relayout(Session.java:191)
01-22 17:03:16.542: I/WindowManager(612): 	at android.view.IWindowSession$Stub.onTransact(IWindowSession.java:235)
01-22 17:03:16.542: I/WindowManager(612): 	at com.android.server.wm.Session.onTransact(Session.java:126)
01-22 17:03:16.542: I/WindowManager(612): 	at android.os.Binder.execTransact(Binder.java:404)
01-22 17:03:16.542: I/WindowManager(612): 	at dalvik.system.NativeStart.run(Native Method)
01-22 17:03:16.542: I/WindowManager(612): Gaining focus: Window{4218d220 u0 com.pplive.tvplayer/com.pplive.tvplayer.browser.FileListActivity}
01-22 17:03:16.548: I/BufferQueue(145): [com.pplive.tvplayer/com.pplive.tvplayer.browser.FileListActivity](this:0xb8441f88,id:75,api:0,p:14586,c:145) connect: api=1 producer=(14586:com.pplive.tvplayer) producerControlledByApp=true
01-22 17:03:16.548: I/BufferQueue(145): [com.pplive.tvplayer/com.pplive.tvplayer.browser.FileListActivity](this:0xb8441f88,id:75,api:1,p:14586,c:145) new GraphicBuffer needed
01-22 17:03:16.549: I/GraphicBuffer(145): allocate buffer (w:1920 h:1080 f:1) handle(0xb8447a58) err(0)
01-22 17:03:16.549: W/GraphicBufferExtra_hal(145): gralloc extra device setBufInfo(...) is not supported
01-22 17:03:16.549: I/BufferQueue(145):     [NEW] gb=0xb84598d8, handle=0xb8447a58, w=1920, h=1080, s=1920, f=0x1, u=0x00000f02
01-22 17:03:16.552: I/MaliEGL(14586): [Mali]surface->num_buffers=4, surface->num_frames=3, win_min_undequeued=1
01-22 17:03:16.552: I/MaliEGL(14586): [Mali]max_allowed_dequeued_buffers=3
01-22 17:03:16.552: I/BufferQueue(145): [com.pplive.tvplayer/com.pplive.tvplayer.browser.FileListActivity](this:0xb8441f88,id:75,api:1,p:14586,c:145) setBufferCount: count=4
01-22 17:03:16.552: I/GraphicBuffer(145): free buffer (w:1920 h:1080 f:1) handle(0xb8447a58)
01-22 17:03:16.553: E/DacAppRec(14586): --try send--http://box.data.pplive.com/1.html?5GOnpOKdmkqxfZxWlofg7trB1omrcpGJ1ZzZ4dGdmkrSqc9ioYqlsNHEzlWldJtZ1VjW4pyZy1yfdqSKo4nWs6STzIagd6KKoIrVrpK/3JPhtqhWnlies8vCm1SfdJxXoFyWw6mTl1SccpF+oWOkrpyTj32lfZ9VoFiWwZ2dmUrZfZtLs1itrpLB3WGgZsyV4InR8tGdnEqxc6hdoFaksqGRnVSicJ1YoFykpLCSppvcsNeR4mbX683J1VLRr9hLtFmtq52G3Y3bpahXo1eW0amQ---ret=true
01-22 17:03:16.553: I/BufferQueue(145): [com.pplive.tvplayer/com.pplive.tvplayer.browser.FileListActivity](this:0xb8441f88,id:75,api:1,p:14586,c:145) getReleasedBuffers: returning mask 0xffffffff
01-22 17:03:16.554: I/BufferQueue(145): [com.pplive.tvplayer/com.pplive.tvplayer.browser.FileListActivity](this:0xb8441f88,id:75,api:1,p:14586,c:145) new GraphicBuffer needed
01-22 17:03:16.555: I/GraphicBuffer(145): allocate buffer (w:1920 h:1080 f:1) handle(0xb84408a8) err(0)
01-22 17:03:16.555: W/GraphicBufferExtra_hal(145): gralloc extra device setBufInfo(...) is not supported
01-22 17:03:16.555: I/BufferQueue(145):     [NEW] gb=0xb84598d8, handle=0xb84408a8, w=1920, h=1080, s=1920, f=0x1, u=0x00000f02
01-22 17:03:16.565: I/[MALI][Gralloc](14586): gralloc UREE_CreateSession recount = 0
01-22 17:03:16.565: I/[MALI][Gralloc](14586): gralloc call UREE_CreateSession
01-22 17:03:16.565: I/[MALI][Gralloc](14586): UREE_CreateSession fail, ret = -65536
01-22 17:03:16.565: W/MALI(14586): MTK_AUX_isMTKFormat:168: int MTK_AUX_isMTKFormat(ANativeWindowBuffer_t*): format=1
01-22 17:03:16.792: I/WindowManager(612): enableScreenIfNeededLocked: mDisplayEnabled=true mForceDisplayEnabled=false mShowingBootMessages=false mSystemBooted=true
01-22 17:03:16.792: I/WindowManager(612): java.lang.RuntimeException: here
01-22 17:03:16.792: I/WindowManager(612): 	at com.android.server.wm.WindowManagerService.enableScreenIfNeededLocked(WindowManagerService.java:5894)
01-22 17:03:16.792: I/WindowManager(612): 	at com.android.server.wm.WindowManagerService.performLayoutAndPlaceSurfacesLockedInner(WindowManagerService.java:10296)
01-22 17:03:16.792: I/WindowManager(612): 	at com.android.server.wm.WindowManagerService.performLayoutAndPlaceSurfacesLockedLoop(WindowManagerService.java:8929)
01-22 17:03:16.792: I/WindowManager(612): 	at com.android.server.wm.WindowManagerService.performLayoutAndPlaceSurfacesLocked(WindowManagerService.java:8871)
01-22 17:03:16.792: I/WindowManager(612): 	at com.android.server.wm.WindowManagerService.access$500(WindowManagerService.java:169)
01-22 17:03:16.792: I/WindowManager(612): 	at com.android.server.wm.WindowManagerService$H.handleMessage(WindowManagerService.java:7855)
01-22 17:03:16.792: I/WindowManager(612): 	at android.os.Handler.dispatchMessage(Handler.java:110)
01-22 17:03:16.792: I/WindowManager(612): 	at android.os.Looper.loop(Looper.java:193)
01-22 17:03:16.792: I/WindowManager(612): 	at android.os.HandlerThread.run(HandlerThread.java:61)
01-22 17:03:16.795: I/WindowManager(612): enableScreenIfNeededLocked: mDisplayEnabled=true mForceDisplayEnabled=false mShowingBootMessages=false mSystemBooted=true
01-22 17:03:16.795: I/WindowManager(612): java.lang.RuntimeException: here
01-22 17:03:16.795: I/WindowManager(612): 	at com.android.server.wm.WindowManagerService.enableScreenIfNeededLocked(WindowManagerService.java:5894)
01-22 17:03:16.795: I/WindowManager(612): 	at com.android.server.wm.WindowManagerService.performLayoutAndPlaceSurfacesLockedInner(WindowManagerService.java:10296)
01-22 17:03:16.795: I/WindowManager(612): 	at com.android.server.wm.WindowManagerService.performLayoutAndPlaceSurfacesLockedLoop(WindowManagerService.java:8929)
01-22 17:03:16.795: I/WindowManager(612): 	at com.android.server.wm.WindowManagerService.performLayoutAndPlaceSurfacesLocked(WindowManagerService.java:8871)
01-22 17:03:16.795: I/WindowManager(612): 	at com.android.server.wm.WindowManagerService.access$500(WindowManagerService.java:169)
01-22 17:03:16.795: I/WindowManager(612): 	at com.android.server.wm.WindowManagerService$H.handleMessage(WindowManagerService.java:7855)
01-22 17:03:16.795: I/WindowManager(612): 	at android.os.Handler.dispatchMessage(Handler.java:110)
01-22 17:03:16.795: I/WindowManager(612): 	at android.os.Looper.loop(Looper.java:193)
01-22 17:03:16.795: I/WindowManager(612): 	at android.os.HandlerThread.run(HandlerThread.java:61)
01-22 17:03:16.808: I/WindowManager(612): enableScreenIfNeededLocked: mDisplayEnabled=true mForceDisplayEnabled=false mShowingBootMessages=false mSystemBooted=true
01-22 17:03:16.808: I/WindowManager(612): java.lang.RuntimeException: here
01-22 17:03:16.808: I/WindowManager(612): 	at com.android.server.wm.WindowManagerService.enableScreenIfNeededLocked(WindowManagerService.java:5894)
01-22 17:03:16.808: I/WindowManager(612): 	at com.android.server.wm.WindowManagerService.performLayoutAndPlaceSurfacesLockedInner(WindowManagerService.java:10296)
01-22 17:03:16.808: I/WindowManager(612): 	at com.android.server.wm.WindowManagerService.performLayoutAndPlaceSurfacesLockedLoop(WindowManagerService.java:8929)
01-22 17:03:16.808: I/WindowManager(612): 	at com.android.server.wm.WindowManagerService.performLayoutAndPlaceSurfacesLocked(WindowManagerService.java:8871)
01-22 17:03:16.808: I/WindowManager(612): 	at com.android.server.wm.WindowManagerService.access$500(WindowManagerService.java:169)
01-22 17:03:16.808: I/WindowManager(612): 	at com.android.server.wm.WindowManagerService$H.handleMessage(WindowManagerService.java:7855)
01-22 17:03:16.808: I/WindowManager(612): 	at android.os.Handler.dispatchMessage(Handler.java:110)
01-22 17:03:16.808: I/WindowManager(612): 	at android.os.Looper.loop(Looper.java:193)
01-22 17:03:16.808: I/WindowManager(612): 	at android.os.HandlerThread.run(HandlerThread.java:61)
01-22 17:03:16.857: I/libPerfService(612): 1: set: 1
01-22 17:03:16.858: E/(612): Could not open '/sys/devices/system/cpu/cpufreq/hotplug/cpu_num_base'
01-22 17:03:16.858: E/(612): error : 13, Permission denied
01-22 17:03:16.858: E/(612): Could not open '/data/data/hotplug/cmd'
01-22 17:03:16.858: E/(612): error : 2, No such file or directory
01-22 17:03:16.859: I/PowerManagerService(612): setBrightness mButtonLight, screenBrightness=102
01-22 17:03:16.859: I/WindowManager(612): enableScreenIfNeededLocked: mDisplayEnabled=true mForceDisplayEnabled=false mShowingBootMessages=false mSystemBooted=true
01-22 17:03:16.859: I/WindowManager(612): java.lang.RuntimeException: here
01-22 17:03:16.859: I/WindowManager(612): 	at com.android.server.wm.WindowManagerService.enableScreenIfNeededLocked(WindowManagerService.java:5894)
01-22 17:03:16.859: I/WindowManager(612): 	at com.android.server.wm.WindowManagerService.performLayoutAndPlaceSurfacesLockedInner(WindowManagerService.java:10296)
01-22 17:03:16.859: I/WindowManager(612): 	at com.android.server.wm.WindowManagerService.performLayoutAndPlaceSurfacesLockedLoop(WindowManagerService.java:8929)
01-22 17:03:16.859: I/WindowManager(612): 	at com.android.server.wm.WindowManagerService.performLayoutAndPlaceSurfacesLocked(WindowManagerService.java:8871)
01-22 17:03:16.859: I/WindowManager(612): 	at com.android.server.wm.WindowManagerService.access$500(WindowManagerService.java:169)
01-22 17:03:16.859: I/WindowManager(612): 	at com.android.server.wm.WindowManagerService$H.handleMessage(WindowManagerService.java:7855)
01-22 17:03:16.859: I/WindowManager(612): 	at android.os.Handler.dispatchMessage(Handler.java:110)
01-22 17:03:16.859: I/WindowManager(612): 	at android.os.Looper.loop(Looper.java:193)
01-22 17:03:16.859: I/WindowManager(612): 	at android.os.HandlerThread.run(HandlerThread.java:61)
01-22 17:03:16.871: W/MALI(145): MTK_AUX_isMTKFormat:168: int MTK_AUX_isMTKFormat(ANativeWindowBuffer_t*): format=1
01-22 17:03:16.872: I/WindowManager(612): enableScreenIfNeededLocked: mDisplayEnabled=true mForceDisplayEnabled=false mShowingBootMessages=false mSystemBooted=true
01-22 17:03:16.872: I/WindowManager(612): java.lang.RuntimeException: here
01-22 17:03:16.872: I/WindowManager(612): 	at com.android.server.wm.WindowManagerService.enableScreenIfNeededLocked(WindowManagerService.java:5894)
01-22 17:03:16.872: I/WindowManager(612): 	at com.android.server.wm.WindowStateAnimator.performShowLocked(WindowStateAnimator.java:1480)
01-22 17:03:16.872: I/WindowManager(612): 	at com.android.server.wm.WindowAnimator.updateWindowsLocked(WindowAnimator.java:336)
01-22 17:03:16.872: I/WindowManager(612): 	at com.android.server.wm.WindowAnimator.performAnimationsLocked(WindowAnimator.java:504)
01-22 17:03:16.872: I/WindowManager(612): 	at com.android.server.wm.WindowAnimator.animateLocked(WindowAnimator.java:555)
01-22 17:03:16.872: I/WindowManager(612): 	at com.android.server.wm.WindowAnimator.access$000(WindowAnimator.java:42)
01-22 17:03:16.872: I/WindowManager(612): 	at com.android.server.wm.WindowAnimator$1.run(WindowAnimator.java:111)
01-22 17:03:16.872: I/WindowManager(612): 	at android.view.Choreographer$CallbackRecord.run(Choreographer.java:788)
01-22 17:03:16.872: I/WindowManager(612): 	at android.view.Choreographer.doCallbacks(Choreographer.java:591)
01-22 17:03:16.872: I/WindowManager(612): 	at android.view.Choreographer.doFrame(Choreographer.java:559)
01-22 17:03:16.872: I/WindowManager(612): 	at android.view.Choreographer$FrameDisplayEventReceiver.run(Choreographer.java:774)
01-22 17:03:16.872: I/WindowManager(612): 	at android.os.Handler.handleCallback(Handler.java:808)
01-22 17:03:16.872: I/WindowManager(612): 	at android.os.Handler.dispatchMessage(Handler.java:103)
01-22 17:03:16.872: I/WindowManager(612): 	at android.os.Looper.loop(Looper.java:193)
01-22 17:03:16.872: I/WindowManager(612): 	at android.os.HandlerThread.run(HandlerThread.java:61)
01-22 17:03:16.873: I/ActivityManager(612): [AppLaunch] Displayed Displayed com.pplive.tvplayer/.browser.FileListActivity: +741ms
01-22 17:03:16.876: I/WindowManager(612): enableScreenIfNeededLocked: mDisplayEnabled=true mForceDisplayEnabled=false mShowingBootMessages=false mSystemBooted=true
01-22 17:03:16.876: I/WindowManager(612): java.lang.RuntimeException: here
01-22 17:03:16.876: I/WindowManager(612): 	at com.android.server.wm.WindowManagerService.enableScreenIfNeededLocked(WindowManagerService.java:5894)
01-22 17:03:16.876: I/WindowManager(612): 	at com.android.server.wm.WindowManagerService.performLayoutAndPlaceSurfacesLockedInner(WindowManagerService.java:10296)
01-22 17:03:16.876: I/WindowManager(612): 	at com.android.server.wm.WindowManagerService.performLayoutAndPlaceSurfacesLockedLoop(WindowManagerService.java:8929)
01-22 17:03:16.876: I/WindowManager(612): 	at com.android.server.wm.WindowManagerService.performLayoutAndPlaceSurfacesLocked(WindowManagerService.java:8871)
01-22 17:03:16.876: I/WindowManager(612): 	at com.android.server.wm.WindowManagerService.access$500(WindowManagerService.java:169)
01-22 17:03:16.876: I/WindowManager(612): 	at com.android.server.wm.WindowManagerService$H.handleMessage(WindowManagerService.java:7855)
01-22 17:03:16.876: I/WindowManager(612): 	at android.os.Handler.dispatchMessage(Handler.java:110)
01-22 17:03:16.876: I/WindowManager(612): 	at android.os.Looper.loop(Looper.java:193)
01-22 17:03:16.876: I/WindowManager(612): 	at android.os.HandlerThread.run(HandlerThread.java:61)
