?:??: W/?(?): --------- beginning of /dev/log/system
01-22 17:01:27.065: I/PowerManagerService(612): setBrightness mButtonLight 0.
01-22 17:01:37.065: I/PowerManagerService(612): setBrightness mButtonLight 0.
01-22 17:01:37.066: I/PowerManagerService(612): setBrightness mButtonLight 0.
01-22 17:01:45.484: I/FrameworkListener(140): onDataAvailable get 49 bytes 
01-22 17:01:47.066: I/PowerManagerService(612): setBrightness mButtonLight 0.
01-22 17:01:47.071: I/PowerManagerService(612): setBrightness mButtonLight 0.
01-22 17:01:51.511: I/FrameworkListener(140): onDataAvailable get 49 bytes 
01-22 17:01:57.062: I/PowerManagerService(612): setBrightness mButtonLight 0.
01-22 17:01:57.064: I/PowerManagerService(612): setBrightness mButtonLight 0.
01-22 17:01:58.326: I/PowerManagerService(612): setBrightness mButtonLight 0.
01-22 17:01:58.329: I/FrameworkListener(140): onDataAvailable get 29 bytes 
01-22 17:01:58.352: W/NetworkStatsRecorder(612): unknown interfaces [lo, p2p0], ignoring those stats
01-22 17:01:58.352: W/NetworkStatsRecorder(612): unknown interfaces [lo, p2p0], ignoring those stats
01-22 17:01:58.352: W/NetworkStatsRecorder(612): unknown interfaces [lo, p2p0], ignoring those stats
01-22 17:01:58.353: W/NetworkStatsRecorder(612): unknown interfaces [lo, p2p0], ignoring those stats
01-22 17:01:58.357: I/PowerManagerService(612): setBrightness mButtonLight 0.
01-22 17:01:58.358: I/FrameworkListener(140): onDataAvailable get 37 bytes 
01-22 17:02:00.004: I/PowerManagerService(612): setBrightness mButtonLight 0.
01-22 17:02:00.034: I/PowerManagerService(612): setBrightness mButtonLight 0.
01-22 17:02:03.548: I/FrameworkListener(140): onDataAvailable get 49 bytes 
01-22 17:02:05.036: I/ANRManager(612): updateProcessStats
01-22 17:02:07.064: I/PowerManagerService(612): setBrightness mButtonLight 0.
01-22 17:02:07.065: I/PowerManagerService(612): setBrightness mButtonLight 0.
01-22 17:02:15.576: I/FrameworkListener(140): onDataAvailable get 49 bytes 
01-22 17:02:17.066: I/PowerManagerService(612): setBrightness mButtonLight 0.
01-22 17:02:17.067: I/PowerManagerService(612): setBrightness mButtonLight 0.
01-22 17:02:21.612: I/FrameworkListener(140): onDataAvailable get 49 bytes 
01-22 17:02:27.062: I/PowerManagerService(612): setBrightness mButtonLight 0.
01-22 17:02:27.063: I/PowerManagerService(612): setBrightness mButtonLight 0.
01-22 17:02:37.062: I/PowerManagerService(612): setBrightness mButtonLight 0.
01-22 17:02:37.064: I/PowerManagerService(612): setBrightness mButtonLight 0.
01-22 17:02:45.668: I/FrameworkListener(140): onDataAvailable get 49 bytes 
01-22 17:02:47.063: I/PowerManagerService(612): setBrightness mButtonLight 0.
01-22 17:02:47.064: I/PowerManagerService(612): setBrightness mButtonLight 0.
01-22 17:02:50.231: I/PowerManagerService(612): setBrightness mButtonLight, screenBrightness=102
01-22 17:02:50.459: I/WindowManager(612): enableScreenIfNeededLocked: mDisplayEnabled=true mForceDisplayEnabled=false mShowingBootMessages=false mSystemBooted=true
01-22 17:02:50.459: I/WindowManager(612): java.lang.RuntimeException: here
01-22 17:02:50.459: I/WindowManager(612): 	at com.android.server.wm.WindowManagerService.enableScreenIfNeededLocked(WindowManagerService.java:5894)
01-22 17:02:50.459: I/WindowManager(612): 	at com.android.server.wm.WindowManagerService.performLayoutAndPlaceSurfacesLockedInner(WindowManagerService.java:10296)
01-22 17:02:50.459: I/WindowManager(612): 	at com.android.server.wm.WindowManagerService.performLayoutAndPlaceSurfacesLockedLoop(WindowManagerService.java:8929)
01-22 17:02:50.459: I/WindowManager(612): 	at com.android.server.wm.WindowManagerService.performLayoutAndPlaceSurfacesLocked(WindowManagerService.java:8871)
01-22 17:02:50.459: I/WindowManager(612): 	at com.android.server.wm.WindowManagerService.removeWindowLocked(WindowManagerService.java:2825)
01-22 17:02:50.459: I/WindowManager(612): 	at com.android.server.wm.WindowManagerService.removeWindow(WindowManagerService.java:2762)
01-22 17:02:50.459: I/WindowManager(612): 	at com.android.server.wm.Session.remove(Session.java:182)
01-22 17:02:50.459: I/WindowManager(612): 	at android.view.ViewRootImpl.dispatchDetachedFromWindow(ViewRootImpl.java:3256)
01-22 17:02:50.459: I/WindowManager(612): 	at android.view.ViewRootImpl.doDie(ViewRootImpl.java:5837)
01-22 17:02:50.459: I/WindowManager(612): 	at android.view.ViewRootImpl.die(ViewRootImpl.java:5810)
01-22 17:02:50.459: I/WindowManager(612): 	at android.view.WindowManagerGlobal.removeViewLocked(WindowManagerGlobal.java:348)
01-22 17:02:50.459: I/WindowManager(612): 	at android.view.WindowManagerGlobal.removeView(WindowManagerGlobal.java:303)
01-22 17:02:50.459: I/WindowManager(612): 	at android.view.WindowManagerImpl.removeViewImmediate(WindowManagerImpl.java:84)
01-22 17:02:50.459: I/WindowManager(612): 	at android.app.Dialog.dismissDialog(Dialog.java:348)
01-22 17:02:50.459: I/WindowManager(612): 	at android.app.Dialog.dismiss(Dialog.java:331)
01-22 17:02:50.459: I/WindowManager(612): 	at com.android.internal.app.AlertController$ButtonHandler.handleMessage(AlertController.java:170)
01-22 17:02:50.459: I/WindowManager(612): 	at android.os.Handler.dispatchMessage(Handler.java:110)
01-22 17:02:50.459: I/WindowManager(612): 	at android.os.Looper.loop(Looper.java:193)
01-22 17:02:50.459: I/WindowManager(612): 	at com.android.server.am.ActivityManagerService$AThread.run(ActivityManagerService.java:2055)
01-22 17:02:50.459: I/WindowManager(612): Gaining focus: Window{41cc91c8 u0 com.pplive.tvplayer/com.pplive.tvplayer.player.video.DLNAVideoplayerActivity}
01-22 17:02:50.459: I/WindowManager(612): Losing focus: Window{42042ba8 u0 Application Not Responding: com.pplive.tvplayer EXITING}
01-22 17:02:50.718: I/WindowManager(612): enableScreenIfNeededLocked: mDisplayEnabled=true mForceDisplayEnabled=false mShowingBootMessages=false mSystemBooted=true
01-22 17:02:50.718: I/WindowManager(612): java.lang.RuntimeException: here
01-22 17:02:50.718: I/WindowManager(612): 	at com.android.server.wm.WindowManagerService.enableScreenIfNeededLocked(WindowManagerService.java:5894)
01-22 17:02:50.718: I/WindowManager(612): 	at com.android.server.wm.WindowManagerService.performLayoutAndPlaceSurfacesLockedInner(WindowManagerService.java:10296)
01-22 17:02:50.718: I/WindowManager(612): 	at com.android.server.wm.WindowManagerService.performLayoutAndPlaceSurfacesLockedLoop(WindowManagerService.java:8929)
01-22 17:02:50.718: I/WindowManager(612): 	at com.android.server.wm.WindowManagerService.performLayoutAndPlaceSurfacesLocked(WindowManagerService.java:8871)
01-22 17:02:50.718: I/WindowManager(612): 	at com.android.server.wm.WindowManagerService.access$500(WindowManagerService.java:169)
01-22 17:02:50.718: I/WindowManager(612): 	at com.android.server.wm.WindowManagerService$H.handleMessage(WindowManagerService.java:7855)
01-22 17:02:50.718: I/WindowManager(612): 	at android.os.Handler.dispatchMessage(Handler.java:110)
01-22 17:02:50.718: I/WindowManager(612): 	at android.os.Looper.loop(Looper.java:193)
01-22 17:02:50.718: I/WindowManager(612): 	at android.os.HandlerThread.run(HandlerThread.java:61)
01-22 17:02:50.721: I/WindowManager(612): enableScreenIfNeededLocked: mDisplayEnabled=true mForceDisplayEnabled=false mShowingBootMessages=false mSystemBooted=true
01-22 17:02:50.721: I/WindowManager(612): java.lang.RuntimeException: here
01-22 17:02:50.721: I/WindowManager(612): 	at com.android.server.wm.WindowManagerService.enableScreenIfNeededLocked(WindowManagerService.java:5894)
01-22 17:02:50.721: I/WindowManager(612): 	at com.android.server.wm.WindowManagerService.performLayoutAndPlaceSurfacesLockedInner(WindowManagerService.java:10296)
01-22 17:02:50.721: I/WindowManager(612): 	at com.android.server.wm.WindowManagerService.performLayoutAndPlaceSurfacesLockedLoop(WindowManagerService.java:8929)
01-22 17:02:50.721: I/WindowManager(612): 	at com.android.server.wm.WindowManagerService.performLayoutAndPlaceSurfacesLocked(WindowManagerService.java:8871)
01-22 17:02:50.721: I/WindowManager(612): 	at com.android.server.wm.WindowManagerService.access$500(WindowManagerService.java:169)
01-22 17:02:50.721: I/WindowManager(612): 	at com.android.server.wm.WindowManagerService$H.handleMessage(WindowManagerService.java:7855)
01-22 17:02:50.721: I/WindowManager(612): 	at android.os.Handler.dispatchMessage(Handler.java:110)
01-22 17:02:50.721: I/WindowManager(612): 	at android.os.Looper.loop(Looper.java:193)
01-22 17:02:50.721: I/WindowManager(612): 	at android.os.HandlerThread.run(HandlerThread.java:61)
01-22 17:02:52.957: I/PowerManagerService(612): setBrightness mButtonLight, screenBrightness=102
01-22 17:02:54.031: W/ContextImpl(612): Calling a method in the system process without a qualified user: android.app.ContextImpl.sendBroadcast:1219 com.android.internal.policy.impl.PhoneWindowManager.interceptKeyBeforeQueueing:4339 com.android.server.wm.InputMonitor.interceptKeyBeforeQueueing:500 com.android.server.input.InputManagerService.interceptKeyBeforeQueueing:1371 dalvik.system.NativeStart.run:-2 
01-22 17:02:54.044: I/ActivityManager(612): Force stopping com.youjoy.strugglelandlord appid=10056 user=0: from pid 925
01-22 17:02:54.044: I/ActivityManager(612): Killing 775:com.youjoy.strugglelandlord/u0a56 (adj 11): stop com.youjoy.strugglelandlord
01-22 17:02:54.073: I/NotificationService(612): queryReplace=false
01-22 17:02:54.074: I/ActivityManager(612): Force stopping com.estrongs.android.pop appid=10059 user=0: from pid 925
01-22 17:02:54.075: I/ActivityManager(612): Killing 4359:com.estrongs.android.pop/u0a59 (adj 11): stop com.estrongs.android.pop
01-22 17:02:54.082: I/NotificationService(612): queryReplace=false
01-22 17:02:54.083: I/ActivityManager(612): Force stopping com.android.packageinstaller appid=10028 user=0: from pid 925
01-22 17:02:54.083: I/ActivityManager(612): Killing 4573:com.android.packageinstaller/u0a28 (adj 11): stop com.android.packageinstaller
01-22 17:02:54.087: I/ActivityManager(612): Force stopping com.android.quicksearchbox appid=10037 user=0: from pid 925
01-22 17:02:54.087: I/ActivityManager(612): Killing 4711:com.android.quicksearchbox/u0a37 (adj 11): stop com.android.quicksearchbox
01-22 17:02:54.092: I/PowerManagerService(612): setBrightness mButtonLight, screenBrightness=102
01-22 17:02:54.094: I/FrameworkListener(140): onDataAvailable get 29 bytes 
01-22 17:02:54.113: W/NetworkStatsRecorder(612): unknown interfaces [lo, p2p0], ignoring those stats
01-22 17:02:54.113: W/NetworkStatsRecorder(612): unknown interfaces [lo, p2p0], ignoring those stats
01-22 17:02:54.113: W/NetworkStatsRecorder(612): unknown interfaces [lo, p2p0], ignoring those stats
01-22 17:02:54.113: W/NetworkStatsRecorder(612): unknown interfaces [lo, p2p0], ignoring those stats
01-22 17:02:54.116: I/NotificationService(612): queryReplace=false
01-22 17:02:54.118: I/NotificationService(612): queryReplace=false
01-22 17:02:54.122: I/ActivityManager(612): Force stopping com.svox.pico appid=10031 user=0: from pid 925
01-22 17:02:54.123: I/ActivityManager(612): Killing 4695:com.svox.pico/u0a31 (adj 15): stop com.svox.pico
01-22 17:02:54.126: I/ActivityManager(612): Force stopping com.android.gallery3d appid=10018 user=0: from pid 925
01-22 17:02:54.126: I/ActivityManager(612): Killing 4680:com.android.gallery3d/u0a18 (adj 15): stop com.android.gallery3d
01-22 17:02:54.135: I/NotificationService(612): queryReplace=false
01-22 17:02:54.138: I/NotificationService(612): queryReplace=false
01-22 17:02:54.146: I/ActivityManager(612): Force stopping com.stvgame.xiaoy appid=10055 user=0: from pid 925
01-22 17:02:54.146: I/ActivityManager(612): Killing 698:com.stvgame.xiaoy/u0a55 (adj 15): stop com.stvgame.xiaoy
01-22 17:02:54.148: I/ActivityManager(612):   Force stopping service ServiceRecord{420d5898 u0 com.stvgame.xiaoy/.service.XYService}
01-22 17:02:54.151: I/ActivityManager(612): Force stopping com.pptv.boxserver appid=1000 user=0: from pid 925
01-22 17:02:54.157: I/NotificationService(612): queryReplace=false
01-22 17:02:54.161: I/NotificationService(612): queryReplace=false
01-22 17:02:54.164: I/PowerManagerService(612): setBrightness mButtonLight, screenBrightness=102
01-22 17:02:54.165: I/FrameworkListener(140): onDataAvailable get 37 bytes 
01-22 17:02:54.531: I/PowerManagerService(612): setBrightness mButtonLight, screenBrightness=102
01-22 17:02:54.536: I/PowerManagerService(612): setBrightness mButtonLight, screenBrightness=102
01-22 17:02:54.537: I/ActivityManager(612): START u0 {act=android.intent.action.MAIN cat=[android.intent.category.HOME] flg=0x10200000 cmp=com.pptv.launcher/.Launcher} from pid 612
01-22 17:02:54.629: I/PowerManagerService(612): setBrightness mButtonLight, screenBrightness=102
01-22 17:02:54.630: I/WindowManager(612): enableScreenIfNeededLocked: mDisplayEnabled=true mForceDisplayEnabled=false mShowingBootMessages=false mSystemBooted=true
01-22 17:02:54.630: I/WindowManager(612): java.lang.RuntimeException: here
01-22 17:02:54.630: I/WindowManager(612): 	at com.android.server.wm.WindowManagerService.enableScreenIfNeededLocked(WindowManagerService.java:5894)
01-22 17:02:54.630: I/WindowManager(612): 	at com.android.server.wm.WindowManagerService.performLayoutAndPlaceSurfacesLockedInner(WindowManagerService.java:10296)
01-22 17:02:54.630: I/WindowManager(612): 	at com.android.server.wm.WindowManagerService.performLayoutAndPlaceSurfacesLockedLoop(WindowManagerService.java:8929)
01-22 17:02:54.630: I/WindowManager(612): 	at com.android.server.wm.WindowManagerService.performLayoutAndPlaceSurfacesLocked(WindowManagerService.java:8871)
01-22 17:02:54.630: I/WindowManager(612): 	at com.android.server.wm.WindowManagerService.relayoutWindow(WindowManagerService.java:3457)
01-22 17:02:54.630: I/WindowManager(612): 	at com.android.server.wm.Session.relayout(Session.java:191)
01-22 17:02:54.630: I/WindowManager(612): 	at android.view.IWindowSession$Stub.onTransact(IWindowSession.java:235)
01-22 17:02:54.630: I/WindowManager(612): 	at com.android.server.wm.Session.onTransact(Session.java:126)
01-22 17:02:54.630: I/WindowManager(612): 	at android.os.Binder.execTransact(Binder.java:404)
01-22 17:02:54.630: I/WindowManager(612): 	at dalvik.system.NativeStart.run(Native Method)
01-22 17:02:54.631: W/ContextImpl(612): Calling a method in the system process without a qualified user: android.app.ContextImpl.sendBroadcast:1219 com.android.internal.policy.impl.PhoneWindowManager.startDockOrHome:5770 com.android.internal.policy.impl.PhoneWindowManager.launchHomeFromHotKey:2801 com.android.internal.policy.impl.PhoneWindowManager.interceptKeyBeforeDispatching:2266 com.android.server.wm.InputMonitor.interceptKeyBeforeDispatching:517 
01-22 17:02:54.905: I/WindowManager(612): enableScreenIfNeededLocked: mDisplayEnabled=true mForceDisplayEnabled=false mShowingBootMessages=false mSystemBooted=true
01-22 17:02:54.905: I/WindowManager(612): java.lang.RuntimeException: here
01-22 17:02:54.905: I/WindowManager(612): 	at com.android.server.wm.WindowManagerService.enableScreenIfNeededLocked(WindowManagerService.java:5894)
01-22 17:02:54.905: I/WindowManager(612): 	at com.android.server.wm.WindowManagerService.performLayoutAndPlaceSurfacesLockedInner(WindowManagerService.java:10296)
01-22 17:02:54.905: I/WindowManager(612): 	at com.android.server.wm.WindowManagerService.performLayoutAndPlaceSurfacesLockedLoop(WindowManagerService.java:8929)
01-22 17:02:54.905: I/WindowManager(612): 	at com.android.server.wm.WindowManagerService.performLayoutAndPlaceSurfacesLocked(WindowManagerService.java:8871)
01-22 17:02:54.905: I/WindowManager(612): 	at com.android.server.wm.WindowManagerService.access$500(WindowManagerService.java:169)
01-22 17:02:54.905: I/WindowManager(612): 	at com.android.server.wm.WindowManagerService$H.handleMessage(WindowManagerService.java:7855)
01-22 17:02:54.905: I/WindowManager(612): 	at android.os.Handler.dispatchMessage(Handler.java:110)
01-22 17:02:54.905: I/WindowManager(612): 	at android.os.Looper.loop(Looper.java:193)
01-22 17:02:54.905: I/WindowManager(612): 	at android.os.HandlerThread.run(HandlerThread.java:61)
01-22 17:02:55.130: W/ActivityManager(612): Activity pause timeout for ActivityRecord{41c76b90 u0 com.pplive.tvplayer/.player.video.DLNAVideoplayerActivity t6}
01-22 17:02:55.138: I/WindowManager(612): enableScreenIfNeededLocked: mDisplayEnabled=true mForceDisplayEnabled=false mShowingBootMessages=false mSystemBooted=true
01-22 17:02:55.138: I/WindowManager(612): java.lang.RuntimeException: here
01-22 17:02:55.138: I/WindowManager(612): 	at com.android.server.wm.WindowManagerService.enableScreenIfNeededLocked(WindowManagerService.java:5894)
01-22 17:02:55.138: I/WindowManager(612): 	at com.android.server.wm.WindowManagerService.performLayoutAndPlaceSurfacesLockedInner(WindowManagerService.java:10296)
01-22 17:02:55.138: I/WindowManager(612): 	at com.android.server.wm.WindowManagerService.performLayoutAndPlaceSurfacesLockedLoop(WindowManagerService.java:8929)
01-22 17:02:55.138: I/WindowManager(612): 	at com.android.server.wm.WindowManagerService.performLayoutAndPlaceSurfacesLocked(WindowManagerService.java:8871)
01-22 17:02:55.138: I/WindowManager(612): 	at com.android.server.wm.WindowManagerService.executeAppTransition(WindowManagerService.java:4455)
01-22 17:02:55.138: I/WindowManager(612): 	at com.android.server.am.ActivityStackSupervisor.reportResumedActivityLocked(ActivityStackSupervisor.java:2668)
01-22 17:02:55.138: I/WindowManager(612): 	at com.android.server.am.ActivityStack.completeResumeLocked(ActivityStack.java:1032)
01-22 17:02:55.138: I/WindowManager(612): 	at com.android.server.am.ActivityStack.resumeTopActivityLocked(ActivityStack.java:1798)
01-22 17:02:55.138: I/WindowManager(612): 	at com.android.server.am.ActivityStackSupervisor.resumeTopActivitiesLocked(ActivityStackSupervisor.java:2424)
01-22 17:02:55.138: I/WindowManager(612): 	at com.android.server.am.ActivityStack.completePauseLocked(ActivityStack.java:970)
01-22 17:02:55.138: I/WindowManager(612): 	at com.android.server.am.ActivityStack.activityPausedLocked(ActivityStack.java:862)
01-22 17:02:55.138: I/WindowManager(612): 	at com.android.server.am.ActivityStack$ActivityStackHandler.handleMessage(ActivityStack.java:300)
01-22 17:02:55.138: I/WindowManager(612): 	at android.os.Handler.dispatchMessage(Handler.java:110)
01-22 17:02:55.138: I/WindowManager(612): 	at android.os.Looper.loop(Looper.java:193)
01-22 17:02:55.138: I/WindowManager(612): 	at com.android.server.am.ActivityManagerService$AThread.run(ActivityManagerService.java:2055)
01-22 17:02:55.143: I/WindowManager(612): enableScreenIfNeededLocked: mDisplayEnabled=true mForceDisplayEnabled=false mShowingBootMessages=false mSystemBooted=true
01-22 17:02:55.143: I/WindowManager(612): java.lang.RuntimeException: here
01-22 17:02:55.143: I/WindowManager(612): 	at com.android.server.wm.WindowManagerService.enableScreenIfNeededLocked(WindowManagerService.java:5894)
01-22 17:02:55.143: I/WindowManager(612): 	at com.android.server.wm.WindowManagerService.performLayoutAndPlaceSurfacesLockedInner(WindowManagerService.java:10296)
01-22 17:02:55.143: I/WindowManager(612): 	at com.android.server.wm.WindowManagerService.performLayoutAndPlaceSurfacesLockedLoop(WindowManagerService.java:8929)
01-22 17:02:55.143: I/WindowManager(612): 	at com.android.server.wm.WindowManagerService.performLayoutAndPlaceSurfacesLocked(WindowManagerService.java:8871)
01-22 17:02:55.143: I/WindowManager(612): 	at com.android.server.wm.WindowManagerService.relayoutWindow(WindowManagerService.java:3457)
01-22 17:02:55.143: I/WindowManager(612): 	at com.android.server.wm.Session.relayout(Session.java:191)
01-22 17:02:55.143: I/WindowManager(612): 	at android.view.IWindowSession$Stub.onTransact(IWindowSession.java:235)
01-22 17:02:55.143: I/WindowManager(612): 	at com.android.server.wm.Session.onTransact(Session.java:126)
01-22 17:02:55.143: I/WindowManager(612): 	at android.os.Binder.execTransact(Binder.java:404)
01-22 17:02:55.143: I/WindowManager(612): 	at dalvik.system.NativeStart.run(Native Method)
01-22 17:02:55.144: I/WindowManager(612): Losing focus: Window{41cc91c8 u0 com.pplive.tvplayer/com.pplive.tvplayer.player.video.DLNAVideoplayerActivity}
01-22 17:02:55.278: I/WindowManager(612): enableScreenIfNeededLocked: mDisplayEnabled=true mForceDisplayEnabled=false mShowingBootMessages=false mSystemBooted=true
01-22 17:02:55.278: I/WindowManager(612): java.lang.RuntimeException: here
01-22 17:02:55.278: I/WindowManager(612): 	at com.android.server.wm.WindowManagerService.enableScreenIfNeededLocked(WindowManagerService.java:5894)
01-22 17:02:55.278: I/WindowManager(612): 	at com.android.server.wm.WindowManagerService.performLayoutAndPlaceSurfacesLockedInner(WindowManagerService.java:10296)
01-22 17:02:55.278: I/WindowManager(612): 	at com.android.server.wm.WindowManagerService.performLayoutAndPlaceSurfacesLockedLoop(WindowManagerService.java:8929)
01-22 17:02:55.278: I/WindowManager(612): 	at com.android.server.wm.WindowManagerService.performLayoutAndPlaceSurfacesLocked(WindowManagerService.java:8871)
01-22 17:02:55.278: I/WindowManager(612): 	at com.android.server.wm.WindowManagerService.relayoutWindow(WindowManagerService.java:3457)
01-22 17:02:55.278: I/WindowManager(612): 	at com.android.server.wm.Session.relayout(Session.java:191)
01-22 17:02:55.278: I/WindowManager(612): 	at android.view.IWindowSession$Stub.onTransact(IWindowSession.java:235)
01-22 17:02:55.278: I/WindowManager(612): 	at com.android.server.wm.Session.onTransact(Session.java:126)
01-22 17:02:55.278: I/WindowManager(612): 	at android.os.Binder.execTransact(Binder.java:404)
01-22 17:02:55.278: I/WindowManager(612): 	at dalvik.system.NativeStart.run(Native Method)
01-22 17:02:55.279: I/WindowManager(612): Gaining focus: Window{41c85c08 u0 com.pptv.launcher/com.pptv.launcher.Launcher}
01-22 17:02:55.537: I/PowerManagerService(612): setBrightness mButtonLight, screenBrightness=102
01-22 17:02:55.540: I/WindowManager(612): enableScreenIfNeededLocked: mDisplayEnabled=true mForceDisplayEnabled=false mShowingBootMessages=false mSystemBooted=true
01-22 17:02:55.540: I/WindowManager(612): java.lang.RuntimeException: here
01-22 17:02:55.540: I/WindowManager(612): 	at com.android.server.wm.WindowManagerService.enableScreenIfNeededLocked(WindowManagerService.java:5894)
01-22 17:02:55.540: I/WindowManager(612): 	at com.android.server.wm.WindowStateAnimator.performShowLocked(WindowStateAnimator.java:1480)
01-22 17:02:55.540: I/WindowManager(612): 	at com.android.server.wm.AppWindowAnimator.showAllWindowsLocked(AppWindowAnimator.java:313)
01-22 17:02:55.540: I/WindowManager(612): 	at com.android.server.wm.WindowManagerService.handleAppTransitionReadyLocked(WindowManagerService.java:9358)
01-22 17:02:55.540: I/WindowManager(612): 	at com.android.server.wm.WindowManagerService.performLayoutAndPlaceSurfacesLockedInner(WindowManagerService.java:10021)
01-22 17:02:55.540: I/WindowManager(612): 	at com.android.server.wm.WindowManagerService.performLayoutAndPlaceSurfacesLockedLoop(WindowManagerService.java:8929)
01-22 17:02:55.540: I/WindowManager(612): 	at com.android.server.wm.WindowManagerService.performLayoutAndPlaceSurfacesLocked(WindowManagerService.java:8871)
01-22 17:02:55.540: I/WindowManager(612): 	at com.android.server.wm.WindowManagerService.access$500(WindowManagerService.java:169)
01-22 17:02:55.540: I/WindowManager(612): 	at com.android.server.wm.WindowManagerService$H.handleMessage(WindowManagerService.java:7855)
01-22 17:02:55.540: I/WindowManager(612): 	at android.os.Handler.dispatchMessage(Handler.java:110)
01-22 17:02:55.540: I/WindowManager(612): 	at android.os.Looper.loop(Looper.java:193)
01-22 17:02:55.540: I/WindowManager(612): 	at android.os.HandlerThread.run(HandlerThread.java:61)
01-22 17:02:55.544: I/WindowManager(612): enableScreenIfNeededLocked: mDisplayEnabled=true mForceDisplayEnabled=false mShowingBootMessages=false mSystemBooted=true
01-22 17:02:55.544: I/WindowManager(612): java.lang.RuntimeException: here
01-22 17:02:55.544: I/WindowManager(612): 	at com.android.server.wm.WindowManagerService.enableScreenIfNeededLocked(WindowManagerService.java:5894)
01-22 17:02:55.544: I/WindowManager(612): 	at com.android.server.wm.WindowManagerService.performLayoutAndPlaceSurfacesLockedInner(WindowManagerService.java:10296)
01-22 17:02:55.544: I/WindowManager(612): 	at com.android.server.wm.WindowManagerService.performLayoutAndPlaceSurfacesLockedLoop(WindowManagerService.java:8929)
01-22 17:02:55.544: I/WindowManager(612): 	at com.android.server.wm.WindowManagerService.performLayoutAndPlaceSurfacesLocked(WindowManagerService.java:8871)
01-22 17:02:55.544: I/WindowManager(612): 	at com.android.server.wm.WindowManagerService.access$500(WindowManagerService.java:169)
01-22 17:02:55.544: I/WindowManager(612): 	at com.android.server.wm.WindowManagerService$H.handleMessage(WindowManagerService.java:7855)
01-22 17:02:55.544: I/WindowManager(612): 	at android.os.Handler.dispatchMessage(Handler.java:110)
01-22 17:02:55.544: I/WindowManager(612): 	at android.os.Looper.loop(Looper.java:193)
01-22 17:02:55.544: I/WindowManager(612): 	at android.os.HandlerThread.run(HandlerThread.java:61)
01-22 17:02:55.546: I/WindowManager(612): enableScreenIfNeededLocked: mDisplayEnabled=true mForceDisplayEnabled=false mShowingBootMessages=false mSystemBooted=true
01-22 17:02:55.546: I/WindowManager(612): java.lang.RuntimeException: here
01-22 17:02:55.546: I/WindowManager(612): 	at com.android.server.wm.WindowManagerService.enableScreenIfNeededLocked(WindowManagerService.java:5894)
01-22 17:02:55.546: I/WindowManager(612): 	at com.android.server.wm.WindowManagerService.performLayoutAndPlaceSurfacesLockedInner(WindowManagerService.java:10296)
01-22 17:02:55.546: I/WindowManager(612): 	at com.android.server.wm.WindowManagerService.performLayoutAndPlaceSurfacesLockedLoop(WindowManagerService.java:8929)
01-22 17:02:55.546: I/WindowManager(612): 	at com.android.server.wm.WindowManagerService.performLayoutAndPlaceSurfacesLocked(WindowManagerService.java:8871)
01-22 17:02:55.546: I/WindowManager(612): 	at com.android.server.wm.WindowManagerService.access$500(WindowManagerService.java:169)
01-22 17:02:55.546: I/WindowManager(612): 	at com.android.server.wm.WindowManagerService$H.handleMessage(WindowManagerService.java:7855)
01-22 17:02:55.546: I/WindowManager(612): 	at android.os.Handler.dispatchMessage(Handler.java:110)
01-22 17:02:55.546: I/WindowManager(612): 	at android.os.Looper.loop(Looper.java:193)
01-22 17:02:55.546: I/WindowManager(612): 	at android.os.HandlerThread.run(HandlerThread.java:61)
01-22 17:02:55.554: I/WindowManager(612): enableScreenIfNeededLocked: mDisplayEnabled=true mForceDisplayEnabled=false mShowingBootMessages=false mSystemBooted=true
01-22 17:02:55.554: I/WindowManager(612): java.lang.RuntimeException: here
01-22 17:02:55.554: I/WindowManager(612): 	at com.android.server.wm.WindowManagerService.enableScreenIfNeededLocked(WindowManagerService.java:5894)
01-22 17:02:55.554: I/WindowManager(612): 	at com.android.server.wm.WindowManagerService.performLayoutAndPlaceSurfacesLockedInner(WindowManagerService.java:10296)
01-22 17:02:55.554: I/WindowManager(612): 	at com.android.server.wm.WindowManagerService.performLayoutAndPlaceSurfacesLockedLoop(WindowManagerService.java:8929)
01-22 17:02:55.554: I/WindowManager(612): 	at com.android.server.wm.WindowManagerService.performLayoutAndPlaceSurfacesLocked(WindowManagerService.java:8871)
01-22 17:02:55.554: I/WindowManager(612): 	at com.android.server.wm.WindowManagerService.access$500(WindowManagerService.java:169)
01-22 17:02:55.554: I/WindowManager(612): 	at com.android.server.wm.WindowManagerService$H.handleMessage(WindowManagerService.java:7855)
01-22 17:02:55.554: I/WindowManager(612): 	at android.os.Handler.dispatchMessage(Handler.java:110)
01-22 17:02:55.554: I/WindowManager(612): 	at android.os.Looper.loop(Looper.java:193)
01-22 17:02:55.554: I/WindowManager(612): 	at android.os.HandlerThread.run(HandlerThread.java:61)
01-22 17:02:55.823: I/PowerManagerService(612): setBrightness mButtonLight, screenBrightness=102
01-22 17:02:56.011: W/ContextImpl(612): Calling a method in the system process without a qualified user: android.app.ContextImpl.sendBroadcast:1219 com.android.internal.policy.impl.PhoneWindowManager.interceptKeyBeforeQueueing:4339 com.android.server.wm.InputMonitor.interceptKeyBeforeQueueing:500 com.android.server.input.InputManagerService.interceptKeyBeforeQueueing:1371 dalvik.system.NativeStart.run:-2 
01-22 17:02:56.016: I/PowerManagerService(612): setBrightness mButtonLight, screenBrightness=102
01-22 17:02:56.017: I/ActivityManager(612): START u0 {act=android.intent.action.MAIN cat=[android.intent.category.HOME] flg=0x10200000 cmp=com.pptv.launcher/.Launcher} from pid 612
01-22 17:02:56.020: I/ActivityManager(612): Force stopping com.pptv.boxserver appid=1000 user=0: from pid 925
01-22 17:02:56.021: W/ContextImpl(612): Calling a method in the system process without a qualified user: android.app.ContextImpl.sendBroadcast:1219 com.android.internal.policy.impl.PhoneWindowManager.startDockOrHome:5770 com.android.internal.policy.impl.PhoneWindowManager.launchHomeFromHotKey:2801 com.android.internal.policy.impl.PhoneWindowManager.interceptKeyBeforeDispatching:2266 com.android.server.wm.InputMonitor.interceptKeyBeforeDispatching:517 
01-22 17:02:56.027: I/NotificationService(612): queryReplace=false
01-22 17:02:56.041: I/WindowManager(612): enableScreenIfNeededLocked: mDisplayEnabled=true mForceDisplayEnabled=false mShowingBootMessages=false mSystemBooted=true
01-22 17:02:56.041: I/WindowManager(612): java.lang.RuntimeException: here
01-22 17:02:56.041: I/WindowManager(612): 	at com.android.server.wm.WindowManagerService.enableScreenIfNeededLocked(WindowManagerService.java:5894)
01-22 17:02:56.041: I/WindowManager(612): 	at com.android.server.wm.WindowManagerService.performLayoutAndPlaceSurfacesLockedInner(WindowManagerService.java:10296)
01-22 17:02:56.041: I/WindowManager(612): 	at com.android.server.wm.WindowManagerService.performLayoutAndPlaceSurfacesLockedLoop(WindowManagerService.java:8929)
01-22 17:02:56.041: I/WindowManager(612): 	at com.android.server.wm.WindowManagerService.performLayoutAndPlaceSurfacesLocked(WindowManagerService.java:8871)
01-22 17:02:56.041: I/WindowManager(612): 	at com.android.server.wm.WindowManagerService.relayoutWindow(WindowManagerService.java:3457)
01-22 17:02:56.041: I/WindowManager(612): 	at com.android.server.wm.Session.relayout(Session.java:191)
01-22 17:02:56.041: I/WindowManager(612): 	at android.view.IWindowSession$Stub.onTransact(IWindowSession.java:235)
01-22 17:02:56.041: I/WindowManager(612): 	at com.android.server.wm.Session.onTransact(Session.java:126)
01-22 17:02:56.041: I/WindowManager(612): 	at android.os.Binder.execTransact(Binder.java:404)
01-22 17:02:56.041: I/WindowManager(612): 	at dalvik.system.NativeStart.run(Native Method)
01-22 17:02:56.323: I/WindowManager(612): enableScreenIfNeededLocked: mDisplayEnabled=true mForceDisplayEnabled=false mShowingBootMessages=false mSystemBooted=true
01-22 17:02:56.323: I/WindowManager(612): java.lang.RuntimeException: here
01-22 17:02:56.323: I/WindowManager(612): 	at com.android.server.wm.WindowManagerService.enableScreenIfNeededLocked(WindowManagerService.java:5894)
01-22 17:02:56.323: I/WindowManager(612): 	at com.android.server.wm.WindowManagerService.performLayoutAndPlaceSurfacesLockedInner(WindowManagerService.java:10296)
01-22 17:02:56.323: I/WindowManager(612): 	at com.android.server.wm.WindowManagerService.performLayoutAndPlaceSurfacesLockedLoop(WindowManagerService.java:8929)
01-22 17:02:56.323: I/WindowManager(612): 	at com.android.server.wm.WindowManagerService.performLayoutAndPlaceSurfacesLocked(WindowManagerService.java:8871)
01-22 17:02:56.323: I/WindowManager(612): 	at com.android.server.wm.WindowManagerService.access$500(WindowManagerService.java:169)
01-22 17:02:56.323: I/WindowManager(612): 	at com.android.server.wm.WindowManagerService$H.handleMessage(WindowManagerService.java:7855)
01-22 17:02:56.323: I/WindowManager(612): 	at android.os.Handler.dispatchMessage(Handler.java:110)
01-22 17:02:56.323: I/WindowManager(612): 	at android.os.Looper.loop(Looper.java:193)
01-22 17:02:56.323: I/WindowManager(612): 	at android.os.HandlerThread.run(HandlerThread.java:61)
01-22 17:02:56.474: I/WindowManager(612): enableScreenIfNeededLocked: mDisplayEnabled=true mForceDisplayEnabled=false mShowingBootMessages=false mSystemBooted=true
01-22 17:02:56.474: I/WindowManager(612): java.lang.RuntimeException: here
01-22 17:02:56.474: I/WindowManager(612): 	at com.android.server.wm.WindowManagerService.enableScreenIfNeededLocked(WindowManagerService.java:5894)
01-22 17:02:56.474: I/WindowManager(612): 	at com.android.server.wm.WindowManagerService.performLayoutAndPlaceSurfacesLockedInner(WindowManagerService.java:10296)
01-22 17:02:56.474: I/WindowManager(612): 	at com.android.server.wm.WindowManagerService.performLayoutAndPlaceSurfacesLockedLoop(WindowManagerService.java:8929)
01-22 17:02:56.474: I/WindowManager(612): 	at com.android.server.wm.WindowManagerService.performLayoutAndPlaceSurfacesLocked(WindowManagerService.java:8871)
01-22 17:02:56.474: I/WindowManager(612): 	at com.android.server.wm.WindowManagerService.access$500(WindowManagerService.java:169)
01-22 17:02:56.474: I/WindowManager(612): 	at com.android.server.wm.WindowManagerService$H.handleMessage(WindowManagerService.java:7855)
01-22 17:02:56.474: I/WindowManager(612): 	at android.os.Handler.dispatchMessage(Handler.java:110)
01-22 17:02:56.474: I/WindowManager(612): 	at android.os.Looper.loop(Looper.java:193)
01-22 17:02:56.474: I/WindowManager(612): 	at android.os.HandlerThread.run(HandlerThread.java:61)
01-22 17:02:56.478: I/WindowManager(612): enableScreenIfNeededLocked: mDisplayEnabled=true mForceDisplayEnabled=false mShowingBootMessages=false mSystemBooted=true
01-22 17:02:56.478: I/WindowManager(612): java.lang.RuntimeException: here
01-22 17:02:56.478: I/WindowManager(612): 	at com.android.server.wm.WindowManagerService.enableScreenIfNeededLocked(WindowManagerService.java:5894)
01-22 17:02:56.478: I/WindowManager(612): 	at com.android.server.wm.WindowManagerService.performLayoutAndPlaceSurfacesLockedInner(WindowManagerService.java:10296)
01-22 17:02:56.478: I/WindowManager(612): 	at com.android.server.wm.WindowManagerService.performLayoutAndPlaceSurfacesLockedLoop(WindowManagerService.java:8929)
01-22 17:02:56.478: I/WindowManager(612): 	at com.android.server.wm.WindowManagerService.performLayoutAndPlaceSurfacesLocked(WindowManagerService.java:8871)
01-22 17:02:56.478: I/WindowManager(612): 	at com.android.server.wm.WindowManagerService.access$500(WindowManagerService.java:169)
01-22 17:02:56.478: I/WindowManager(612): 	at com.android.server.wm.WindowManagerService$H.handleMessage(WindowManagerService.java:7855)
01-22 17:02:56.478: I/WindowManager(612): 	at android.os.Handler.dispatchMessage(Handler.java:110)
01-22 17:02:56.478: I/WindowManager(612): 	at android.os.Looper.loop(Looper.java:193)
01-22 17:02:56.478: I/WindowManager(612): 	at android.os.HandlerThread.run(HandlerThread.java:61)
01-22 17:02:56.489: I/WindowManager(612): enableScreenIfNeededLocked: mDisplayEnabled=true mForceDisplayEnabled=false mShowingBootMessages=false mSystemBooted=true
01-22 17:02:56.489: I/WindowManager(612): java.lang.RuntimeException: here
01-22 17:02:56.489: I/WindowManager(612): 	at com.android.server.wm.WindowManagerService.enableScreenIfNeededLocked(WindowManagerService.java:5894)
01-22 17:02:56.489: I/WindowManager(612): 	at com.android.server.wm.WindowManagerService.performLayoutAndPlaceSurfacesLockedInner(WindowManagerService.java:10296)
01-22 17:02:56.489: I/WindowManager(612): 	at com.android.server.wm.WindowManagerService.performLayoutAndPlaceSurfacesLockedLoop(WindowManagerService.java:8929)
01-22 17:02:56.489: I/WindowManager(612): 	at com.android.server.wm.WindowManagerService.performLayoutAndPlaceSurfacesLocked(WindowManagerService.java:8871)
01-22 17:02:56.489: I/WindowManager(612): 	at com.android.server.wm.WindowManagerService.access$500(WindowManagerService.java:169)
01-22 17:02:56.489: I/WindowManager(612): 	at com.android.server.wm.WindowManagerService$H.handleMessage(WindowManagerService.java:7855)
01-22 17:02:56.489: I/WindowManager(612): 	at android.os.Handler.dispatchMessage(Handler.java:110)
01-22 17:02:56.489: I/WindowManager(612): 	at android.os.Looper.loop(Looper.java:193)
01-22 17:02:56.489: I/WindowManager(612): 	at android.os.HandlerThread.run(HandlerThread.java:61)
01-22 17:02:57.028: I/PowerManagerService(612): setBrightness mButtonLight, screenBrightness=102
01-22 17:02:57.062: I/PowerManagerService(612): setBrightness mButtonLight, screenBrightness=102
01-22 17:02:57.063: I/PowerManagerService(612): setBrightness mButtonLight, screenBrightness=102
01-22 17:02:57.066: I/FrameworkListener(140): onDataAvailable get 29 bytes 
01-22 17:02:57.080: W/NetworkStatsRecorder(612): unknown interfaces [lo, p2p0], ignoring those stats
01-22 17:02:57.080: W/NetworkStatsRecorder(612): unknown interfaces [lo, p2p0], ignoring those stats
01-22 17:02:57.081: W/NetworkStatsRecorder(612): unknown interfaces [lo, p2p0], ignoring those stats
01-22 17:02:57.081: W/NetworkStatsRecorder(612): unknown interfaces [lo, p2p0], ignoring those stats
01-22 17:02:57.087: I/PowerManagerService(612): setBrightness mButtonLight, screenBrightness=102
01-22 17:02:57.088: I/FrameworkListener(140): onDataAvailable get 37 bytes 
01-22 17:02:57.092: I/PowerManagerService(612): setBrightness mButtonLight, screenBrightness=102
01-22 17:02:57.155: I/FrameworkListener(140): onDataAvailable get 47 bytes 
01-22 17:02:57.214: I/ActivityManager(612): START u0 {flg=0x10000000 cmp=com.pplive.tvplayer/.browser.MainActivity} from pid 970
01-22 17:02:57.217: I/PowerManagerService(612): setBrightness mButtonLight, screenBrightness=102
01-22 17:02:57.254: I/WindowManager(612): enableScreenIfNeededLocked: mDisplayEnabled=true mForceDisplayEnabled=false mShowingBootMessages=false mSystemBooted=true
01-22 17:02:57.254: I/WindowManager(612): java.lang.RuntimeException: here
01-22 17:02:57.254: I/WindowManager(612): 	at com.android.server.wm.WindowManagerService.enableScreenIfNeededLocked(WindowManagerService.java:5894)
01-22 17:02:57.254: I/WindowManager(612): 	at com.android.server.wm.WindowManagerService.performLayoutAndPlaceSurfacesLockedInner(WindowManagerService.java:10296)
01-22 17:02:57.254: I/WindowManager(612): 	at com.android.server.wm.WindowManagerService.performLayoutAndPlaceSurfacesLockedLoop(WindowManagerService.java:8929)
01-22 17:02:57.254: I/WindowManager(612): 	at com.android.server.wm.WindowManagerService.performLayoutAndPlaceSurfacesLocked(WindowManagerService.java:8871)
01-22 17:02:57.254: I/WindowManager(612): 	at com.android.server.wm.WindowManagerService.executeAppTransition(WindowManagerService.java:4455)
01-22 17:02:57.254: I/WindowManager(612): 	at com.android.server.am.ActivityStackSupervisor.reportResumedActivityLocked(ActivityStackSupervisor.java:2668)
01-22 17:02:57.254: I/WindowManager(612): 	at com.android.server.am.ActivityStack.completeResumeLocked(ActivityStack.java:1032)
01-22 17:02:57.254: I/WindowManager(612): 	at com.android.server.am.ActivityStack.resumeTopActivityLocked(ActivityStack.java:1798)
01-22 17:02:57.254: I/WindowManager(612): 	at com.android.server.am.ActivityStackSupervisor.resumeTopActivitiesLocked(ActivityStackSupervisor.java:2424)
01-22 17:02:57.254: I/WindowManager(612): 	at com.android.server.am.ActivityStack.completePauseLocked(ActivityStack.java:970)
01-22 17:02:57.254: I/WindowManager(612): 	at com.android.server.am.ActivityStack.activityPausedLocked(ActivityStack.java:862)
01-22 17:02:57.254: I/WindowManager(612): 	at com.android.server.am.ActivityManagerService.activityPaused(ActivityManagerService.java:5996)
01-22 17:02:57.254: I/WindowManager(612): 	at android.app.ActivityManagerNative.onTransact(ActivityManagerNative.java:427)
01-22 17:02:57.254: I/WindowManager(612): 	at com.android.server.am.ActivityManagerService.onTransact(ActivityManagerService.java:2271)
01-22 17:02:57.254: I/WindowManager(612): 	at android.os.Binder.execTransact(Binder.java:404)
01-22 17:02:57.254: I/WindowManager(612): 	at dalvik.system.NativeStart.run(Native Method)
01-22 17:02:57.258: I/WindowManager(612): Gaining focus: Window{41cc91c8 u0 com.pplive.tvplayer/com.pplive.tvplayer.player.video.DLNAVideoplayerActivity}
01-22 17:02:57.258: I/WindowManager(612): Losing focus: Window{41c85c08 u0 com.pptv.launcher/com.pptv.launcher.Launcher}
01-22 17:02:57.271: I/WindowManager(612): enableScreenIfNeededLocked: mDisplayEnabled=true mForceDisplayEnabled=false mShowingBootMessages=false mSystemBooted=true
01-22 17:02:57.271: I/WindowManager(612): java.lang.RuntimeException: here
01-22 17:02:57.271: I/WindowManager(612): 	at com.android.server.wm.WindowManagerService.enableScreenIfNeededLocked(WindowManagerService.java:5894)
01-22 17:02:57.271: I/WindowManager(612): 	at com.android.server.wm.WindowManagerService.performLayoutAndPlaceSurfacesLockedInner(WindowManagerService.java:10296)
01-22 17:02:57.271: I/WindowManager(612): 	at com.android.server.wm.WindowManagerService.performLayoutAndPlaceSurfacesLockedLoop(WindowManagerService.java:8929)
01-22 17:02:57.271: I/WindowManager(612): 	at com.android.server.wm.WindowManagerService.performLayoutAndPlaceSurfacesLocked(WindowManagerService.java:8871)
01-22 17:02:57.271: I/WindowManager(612): 	at com.android.server.wm.WindowManagerService.access$500(WindowManagerService.java:169)
01-22 17:02:57.271: I/WindowManager(612): 	at com.android.server.wm.WindowManagerService$H.handleMessage(WindowManagerService.java:7855)
01-22 17:02:57.271: I/WindowManager(612): 	at android.os.Handler.dispatchMessage(Handler.java:110)
01-22 17:02:57.271: I/WindowManager(612): 	at android.os.Looper.loop(Looper.java:193)
01-22 17:02:57.271: I/WindowManager(612): 	at android.os.HandlerThread.run(HandlerThread.java:61)
01-22 17:02:57.275: I/WindowManager(612): enableScreenIfNeededLocked: mDisplayEnabled=true mForceDisplayEnabled=false mShowingBootMessages=false mSystemBooted=true
01-22 17:02:57.275: I/WindowManager(612): java.lang.RuntimeException: here
01-22 17:02:57.275: I/WindowManager(612): 	at com.android.server.wm.WindowManagerService.enableScreenIfNeededLocked(WindowManagerService.java:5894)
01-22 17:02:57.275: I/WindowManager(612): 	at com.android.server.wm.WindowManagerService.performLayoutAndPlaceSurfacesLockedInner(WindowManagerService.java:10296)
01-22 17:02:57.275: I/WindowManager(612): 	at com.android.server.wm.WindowManagerService.performLayoutAndPlaceSurfacesLockedLoop(WindowManagerService.java:8929)
01-22 17:02:57.275: I/WindowManager(612): 	at com.android.server.wm.WindowManagerService.performLayoutAndPlaceSurfacesLocked(WindowManagerService.java:8871)
01-22 17:02:57.275: I/WindowManager(612): 	at com.android.server.wm.WindowManagerService.relayoutWindow(WindowManagerService.java:3457)
01-22 17:02:57.275: I/WindowManager(612): 	at com.android.server.wm.Session.relayout(Session.java:191)
01-22 17:02:57.275: I/WindowManager(612): 	at android.view.IWindowSession$Stub.onTransact(IWindowSession.java:235)
01-22 17:02:57.275: I/WindowManager(612): 	at com.android.server.wm.Session.onTransact(Session.java:126)
01-22 17:02:57.275: I/WindowManager(612): 	at android.os.Binder.execTransact(Binder.java:404)
01-22 17:02:57.275: I/WindowManager(612): 	at dalvik.system.NativeStart.run(Native Method)
01-22 17:02:59.337: I/PowerManagerService(612): setBrightness mButtonLight, screenBrightness=102
01-22 17:03:00.002: I/PowerManagerService(612): setBrightness mButtonLight, screenBrightness=102
01-22 17:03:00.040: I/PowerManagerService(612): setBrightness mButtonLight, screenBrightness=102
01-22 17:03:02.269: I/WindowManager(612): enableScreenIfNeededLocked: mDisplayEnabled=true mForceDisplayEnabled=false mShowingBootMessages=false mSystemBooted=true
01-22 17:03:02.269: I/WindowManager(612): java.lang.RuntimeException: here
01-22 17:03:02.269: I/WindowManager(612): 	at com.android.server.wm.WindowManagerService.enableScreenIfNeededLocked(WindowManagerService.java:5894)
01-22 17:03:02.269: I/WindowManager(612): 	at com.android.server.wm.WindowManagerService.performLayoutAndPlaceSurfacesLockedInner(WindowManagerService.java:10296)
01-22 17:03:02.269: I/WindowManager(612): 	at com.android.server.wm.WindowManagerService.performLayoutAndPlaceSurfacesLockedLoop(WindowManagerService.java:8929)
01-22 17:03:02.269: I/WindowManager(612): 	at com.android.server.wm.WindowManagerService.performLayoutAndPlaceSurfacesLocked(WindowManagerService.java:8871)
01-22 17:03:02.269: I/WindowManager(612): 	at com.android.server.wm.WindowManagerService.access$500(WindowManagerService.java:169)
01-22 17:03:02.269: I/WindowManager(612): 	at com.android.server.wm.WindowManagerService$H.handleMessage(WindowManagerService.java:8059)
01-22 17:03:02.269: I/WindowManager(612): 	at android.os.Handler.dispatchMessage(Handler.java:110)
01-22 17:03:02.269: I/WindowManager(612): 	at android.os.Looper.loop(Looper.java:193)
01-22 17:03:02.269: I/WindowManager(612): 	at android.os.HandlerThread.run(HandlerThread.java:61)
01-22 17:03:02.276: I/WindowManager(612): enableScreenIfNeededLocked: mDisplayEnabled=true mForceDisplayEnabled=false mShowingBootMessages=false mSystemBooted=true
01-22 17:03:02.276: I/WindowManager(612): java.lang.RuntimeException: here
01-22 17:03:02.276: I/WindowManager(612): 	at com.android.server.wm.WindowManagerService.enableScreenIfNeededLocked(WindowManagerService.java:5894)
01-22 17:03:02.276: I/WindowManager(612): 	at com.android.server.wm.WindowManagerService.performLayoutAndPlaceSurfacesLockedInner(WindowManagerService.java:10296)
01-22 17:03:02.276: I/WindowManager(612): 	at com.android.server.wm.WindowManagerService.performLayoutAndPlaceSurfacesLockedLoop(WindowManagerService.java:8929)
01-22 17:03:02.276: I/WindowManager(612): 	at com.android.server.wm.WindowManagerService.performLayoutAndPlaceSurfacesLocked(WindowManagerService.java:8871)
01-22 17:03:02.276: I/WindowManager(612): 	at com.android.server.wm.WindowManagerService.access$500(WindowManagerService.java:169)
01-22 17:03:02.276: I/WindowManager(612): 	at com.android.server.wm.WindowManagerService$H.handleMessage(WindowManagerService.java:8059)
01-22 17:03:02.276: I/WindowManager(612): 	at android.os.Handler.dispatchMessage(Handler.java:110)
01-22 17:03:02.276: I/WindowManager(612): 	at android.os.Looper.loop(Looper.java:193)
01-22 17:03:02.276: I/WindowManager(612): 	at android.os.HandlerThread.run(HandlerThread.java:61)
01-22 17:03:02.281: I/WindowManager(612): enableScreenIfNeededLocked: mDisplayEnabled=true mForceDisplayEnabled=false mShowingBootMessages=false mSystemBooted=true
01-22 17:03:02.281: I/WindowManager(612): java.lang.RuntimeException: here
01-22 17:03:02.281: I/WindowManager(612): 	at com.android.server.wm.WindowManagerService.enableScreenIfNeededLocked(WindowManagerService.java:5894)
01-22 17:03:02.281: I/WindowManager(612): 	at com.android.server.wm.WindowManagerService.performLayoutAndPlaceSurfacesLockedInner(WindowManagerService.java:10296)
01-22 17:03:02.281: I/WindowManager(612): 	at com.android.server.wm.WindowManagerService.performLayoutAndPlaceSurfacesLockedLoop(WindowManagerService.java:8929)
01-22 17:03:02.281: I/WindowManager(612): 	at com.android.server.wm.WindowManagerService.performLayoutAndPlaceSurfacesLocked(WindowManagerService.java:8871)
01-22 17:03:02.281: I/WindowManager(612): 	at com.android.server.wm.WindowManagerService.relayoutWindow(WindowManagerService.java:3457)
01-22 17:03:02.281: I/WindowManager(612): 	at com.android.server.wm.Session.relayout(Session.java:191)
01-22 17:03:02.281: I/WindowManager(612): 	at android.view.IWindowSession$Stub.onTransact(IWindowSession.java:235)
01-22 17:03:02.281: I/WindowManager(612): 	at com.android.server.wm.Session.onTransact(Session.java:126)
01-22 17:03:02.281: I/WindowManager(612): 	at android.os.Binder.execTransact(Binder.java:404)
01-22 17:03:02.281: I/WindowManager(612): 	at dalvik.system.NativeStart.run(Native Method)
01-22 17:03:03.217: I/WindowManager(612): enableScreenIfNeededLocked: mDisplayEnabled=true mForceDisplayEnabled=false mShowingBootMessages=false mSystemBooted=true
01-22 17:03:03.217: I/WindowManager(612): java.lang.RuntimeException: here
01-22 17:03:03.217: I/WindowManager(612): 	at com.android.server.wm.WindowManagerService.enableScreenIfNeededLocked(WindowManagerService.java:5894)
01-22 17:03:03.217: I/WindowManager(612): 	at com.android.server.wm.WindowManagerService.performLayoutAndPlaceSurfacesLockedInner(WindowManagerService.java:10296)
01-22 17:03:03.217: I/WindowManager(612): 	at com.android.server.wm.WindowManagerService.performLayoutAndPlaceSurfacesLockedLoop(WindowManagerService.java:8929)
01-22 17:03:03.217: I/WindowManager(612): 	at com.android.server.wm.WindowManagerService.performLayoutAndPlaceSurfacesLocked(WindowManagerService.java:8871)
01-22 17:03:03.217: I/WindowManager(612): 	at com.android.server.wm.WindowManagerService.access$500(WindowManagerService.java:169)
01-22 17:03:03.217: I/WindowManager(612): 	at com.android.server.wm.WindowManagerService$H.handleMessage(WindowManagerService.java:7855)
01-22 17:03:03.217: I/WindowManager(612): 	at android.os.Handler.dispatchMessage(Handler.java:110)
01-22 17:03:03.217: I/WindowManager(612): 	at android.os.Looper.loop(Looper.java:193)
01-22 17:03:03.217: I/WindowManager(612): 	at android.os.HandlerThread.run(HandlerThread.java:61)
01-22 17:03:03.220: I/WindowManager(612): enableScreenIfNeededLocked: mDisplayEnabled=true mForceDisplayEnabled=false mShowingBootMessages=false mSystemBooted=true
01-22 17:03:03.220: I/WindowManager(612): java.lang.RuntimeException: here
