01-22 17:03:17.063: I/PowerManagerService(612): setBrightness mButtonLight, screenBrightness=102
01-22 17:03:17.064: I/PowerManagerService(612): setBrightness mButtonLight, screenBrightness=102
01-22 17:03:17.067: I/SettingsProvider(758): query : content://com.pptv.setting/machine
01-22 17:03:17.087: E/tvplayer_app:AirPlayService.<init>(L:-1)(14586): Airplay Service Started
01-22 17:03:17.094: I/WindowManager(612): enableScreenIfNeededLocked: mDisplayEnabled=true mForceDisplayEnabled=false mShowingBootMessages=false mSystemBooted=true
01-22 17:03:17.094: I/WindowManager(612): java.lang.RuntimeException: here
01-22 17:03:17.094: I/WindowManager(612): 	at com.android.server.wm.WindowManagerService.enableScreenIfNeededLocked(WindowManagerService.java:5894)
01-22 17:03:17.094: I/WindowManager(612): 	at com.android.server.wm.WindowManagerService.performLayoutAndPlaceSurfacesLockedInner(WindowManagerService.java:10296)
01-22 17:03:17.094: I/WindowManager(612): 	at com.android.server.wm.WindowManagerService.performLayoutAndPlaceSurfacesLockedLoop(WindowManagerService.java:8929)
01-22 17:03:17.094: I/WindowManager(612): 	at com.android.server.wm.WindowManagerService.performLayoutAndPlaceSurfacesLocked(WindowManagerService.java:8871)
01-22 17:03:17.094: I/WindowManager(612): 	at com.android.server.wm.WindowManagerService.access$500(WindowManagerService.java:169)
01-22 17:03:17.094: I/WindowManager(612): 	at com.android.server.wm.WindowManagerService$H.handleMessage(WindowManagerService.java:7855)
01-22 17:03:17.094: I/WindowManager(612): 	at android.os.Handler.dispatchMessage(Handler.java:110)
01-22 17:03:17.094: I/WindowManager(612): 	at android.os.Looper.loop(Looper.java:193)
01-22 17:03:17.094: I/WindowManager(612): 	at android.os.HandlerThread.run(HandlerThread.java:61)
01-22 17:03:17.111: I/tvplayer_app:DLNASdkService.onStart(L:-1)(14586): DLNA SDK SERVICE : KEY=3
01-22 17:03:17.122: I/PPAirPlaySDK(14586): [ZeroConf]CZeroconfAvahi::clientCallback: uiuui; coll or reg, anyways, resetting groups
01-22 17:03:17.122: I/PPAirPlaySDK(14586): [ZeroConf]create reset airplay poll
01-22 17:03:17.126: I/PPAirPlaySDK(14586): [main] to public AirTunes, uid = 12F5FBFF17AD@PPBOX mini, vs = 150.33
01-22 17:03:17.126: I/PPAirPlaySDK(14586): [ZeroConf]CZeroconfAvahi::doPublishService identifier: servers.2.airtunes type: _raop._tcp name:12F5FBFF17AD@PPBOX mini port:6802
01-22 17:03:17.126: I/PPAirPlaySDK(14586): [ZeroConf]CZeroconfAvahi::doPublishService: client not running, queued for publishing
01-22 17:03:17.128: I/PPAirPlaySDK(14586): [AirPlay]AIRPLAY Server: bind to port 6803
01-22 17:03:17.129: I/PPAirPlaySDK(14586): [main]ppairplay version = 1.0.20140829.0815
01-22 17:03:17.129: I/PPAirPlaySDK(14586): [main] to public AirPlay, device name = Apple3,1, srcvers = 150.33, features = 0x1000087F
01-22 17:03:17.129: I/PPAirPlaySDK(14586): [ZeroConf]CZeroconfAvahi::doPublishService identifier: servers.1.airplay type: _airplay._tcp name:PPBOX mini port:6803
01-22 17:03:17.129: I/PPAirPlaySDK(14586): [ZeroConf]CZeroconfAvahi::doPublishService: client not running, queued for publishing
01-22 17:03:18.093: I/PPAirPlaySDK(14586): [ZeroConf]CZeroconfAvahi::clientCallback: client is up and running
01-22 17:03:18.663: I/PowerManagerService(612): setBrightness mButtonLight, screenBrightness=102
01-22 17:03:18.665: I/FrameworkListener(140): onDataAvailable get 29 bytes 
01-22 17:03:18.675: W/NetworkStatsRecorder(612): unknown interfaces [lo, p2p0], ignoring those stats
01-22 17:03:18.675: W/NetworkStatsRecorder(612): unknown interfaces [lo, p2p0], ignoring those stats
01-22 17:03:18.676: W/NetworkStatsRecorder(612): unknown interfaces [lo, p2p0], ignoring those stats
01-22 17:03:18.676: W/NetworkStatsRecorder(612): unknown interfaces [lo, p2p0], ignoring those stats
01-22 17:03:18.688: I/WifiStateMachine(612): fetchRssiAndLinkSpeedNative, newRssi:-54, newLinkSpeed:135, SSID:"PPTV QA"
01-22 17:03:18.742: I/PowerManagerService(612): setBrightness mButtonLight, screenBrightness=102
01-22 17:03:18.743: I/FrameworkListener(140): onDataAvailable get 37 bytes 
01-22 17:03:19.000: I/PowerManagerService(612): setBrightness mButtonLight, screenBrightness=102
01-22 17:03:19.206: E/(151): AudioCloseDumpPCMFile file== NULL
01-22 17:03:19.206: E/(151): AudioCloseDumpPCMFile file== NULL
01-22 17:03:19.207: W/AudioDigitalControl(151): GetAfeDigitalStatus mAudioMEMIF[11] state = 0, mAudioDigitalBlock = 1
01-22 17:03:19.207: W/AudioDigitalControl(151): SetAfeEnable disable but digital still running
01-22 17:03:19.208: I/PowerManagerService(612): setBrightness mButtonLight, screenBrightness=102
01-22 17:03:19.257: I/PowerManagerService(612): setBrightness mButtonLight, screenBrightness=102
01-22 17:03:21.488: E/battery_warning(158): error opening file
01-22 17:03:21.693: I/WifiStateMachine(612): fetchRssiAndLinkSpeedNative, newRssi:-53, newLinkSpeed:108, SSID:"PPTV QA"
01-22 17:03:23.907: I/PowerManagerService(612): setBrightness mButtonLight 0.
01-22 17:03:24.698: I/WifiStateMachine(612): fetchRssiAndLinkSpeedNative, newRssi:-53, newLinkSpeed:108, SSID:"PPTV QA"
01-22 17:03:27.068: I/PowerManagerService(612): setBrightness mButtonLight 0.
01-22 17:03:27.070: I/PowerManagerService(612): setBrightness mButtonLight 0.
01-22 17:03:27.703: I/WifiStateMachine(612): fetchRssiAndLinkSpeedNative, newRssi:-58, newLinkSpeed:135, SSID:"PPTV QA"
01-22 17:03:27.707: I/HomeNetworkModel(970): action = android.net.wifi.RSSI_CHANGED
01-22 17:03:27.713: I/HomeNetworkModel(970): signalStrength = 3
01-22 17:03:27.713: I/HomeNetworkModel(970): createHomeNetworkData : [action=android.net.wifi.RSSI_CHANGED][networkStatus=3][typeName=WIFI][isConntected=true][speed=108][ssid=PPTV QA][units=Mbps]
01-22 17:03:27.741: I/System.out(970): [CDS]rx timeout:60000
01-22 17:03:27.743: I/System.out(970): [CDS]close[59645]
01-22 17:03:27.746: I/System.out(970): close [socket][/0.0.0.0:59645]
01-22 17:03:27.752: I/FrameworkListener(140): onDataAvailable get 49 bytes 
01-22 17:03:27.773: I/System.out(970): propertyValue:true
01-22 17:03:27.774: I/System.out(970): [socket][223] connection weixin.ppbox.pptv.com/183.129.205.157:80;LocalPort=40423(60000)
01-22 17:03:27.774: I/System.out(970): [CDS]connect[weixin.ppbox.pptv.com/183.129.205.157:80] tm:60
01-22 17:03:27.816: I/SurfaceView(970): updateWindow -- OnPreDrawListener, mHaveFrame = false, this = android.view.SurfaceView$3@41d27e30
01-22 17:03:27.817: I/BufferQueue(145): [com.pptv.launcher/com.pptv.launcher.Launcher](this:0xb844f8b0,id:74,api:1,p:970,c:145) new GraphicBuffer needed
01-22 17:03:27.818: I/GraphicBuffer(145): allocate buffer (w:1920 h:1080 f:1) handle(0xb84692e8) err(0)
01-22 17:03:27.819: W/GraphicBufferExtra_hal(145): gralloc extra device setBufInfo(...) is not supported
01-22 17:03:27.819: I/BufferQueue(145):     [NEW] gb=0xb8450350, handle=0xb84692e8, w=1920, h=1080, s=1920, f=0x1, u=0x00000f02
01-22 17:03:27.827: I/BufferQueue(145): [com.pptv.launcher/com.pptv.launcher.Launcher](this:0xb844f8b0,id:74,api:1,p:970,c:145) [queue] fps:0.09, dur:11383.05, max:11383.05, min:11383.05
01-22 17:03:27.832: W/MALI(145): MTK_AUX_isMTKFormat:168: int MTK_AUX_isMTKFormat(ANativeWindowBuffer_t*): format=1
01-22 17:03:27.832: I/GLConsumer(145): [com.pptv.launcher/com.pptv.launcher.Launcher](this:0xb8445dc8,api:1) [void* android::GLConsumer::createImage(EGLDisplay, const android::sp<android::GraphicBuffer>&, const android::Rect&)]
01-22 17:03:27.834: I/BufferQueue(145): [FrameBufferSurface_0](this:0xb8436860,id:0,api:1,p:145,c:145) [release] fps:4.24, dur:11543.66, max:10726.86, min:15.17
01-22 17:03:27.834: I/BufferQueue(145): [FrameBufferSurface_0](this:0xb8436860,id:0,api:1,p:145,c:145) [queue] fps:4.24, dur:11543.64, max:10726.93, min:15.17
01-22 17:03:27.834: I/SurfaceFlinger(145): [Built-in Screen (type:0)] fps:4.244772,dur:11543.61,max:10726.93,min:15.15
01-22 17:03:27.847: I/System.out(970): [socket][/192.168.200.6:40423] connected
01-22 17:03:27.847: I/System.out(970): [CDS]rx timeout:60000
01-22 17:03:27.924: I/System.out(970): [CDS]rx timeout:100
01-22 17:03:27.924: I/System.out(970): [CDS]rx timeout:60000
01-22 17:03:30.431: I/ANRManager(612): updateProcessStats
01-22 17:03:30.437: I/ANRManager(612): CPU update time < 2.5sec
01-22 17:03:30.717: I/WifiStateMachine(612): fetchRssiAndLinkSpeedNative, newRssi:-58, newLinkSpeed:135, SSID:"PPTV QA"
01-22 17:03:31.488: E/battery_warning(158): error opening file
01-22 17:03:33.722: I/WifiStateMachine(612): fetchRssiAndLinkSpeedNative, newRssi:-56, newLinkSpeed:108, SSID:"PPTV QA"
01-22 17:03:36.727: I/WifiStateMachine(612): fetchRssiAndLinkSpeedNative, newRssi:-56, newLinkSpeed:108, SSID:"PPTV QA"
01-22 17:03:37.064: I/PowerManagerService(612): setBrightness mButtonLight 0.
01-22 17:03:37.065: I/PowerManagerService(612): setBrightness mButtonLight 0.
01-22 17:03:39.732: I/WifiStateMachine(612): fetchRssiAndLinkSpeedNative, newRssi:-58, newLinkSpeed:108, SSID:"PPTV QA"
01-22 17:03:40.421: I/ANRManager(612): updateProcessStats
01-22 17:03:41.488: E/battery_warning(158): error opening file
01-22 17:03:42.738: I/WifiStateMachine(612): fetchRssiAndLinkSpeedNative, newRssi:-58, newLinkSpeed:108, SSID:"PPTV QA"
01-22 17:03:45.742: I/WifiStateMachine(612): fetchRssiAndLinkSpeedNative, newRssi:-53, newLinkSpeed:121, SSID:"PPTV QA"
01-22 17:03:45.746: I/HomeNetworkModel(970): action = android.net.wifi.RSSI_CHANGED
01-22 17:03:45.756: I/HomeNetworkModel(970): signalStrength = 4
01-22 17:03:45.756: I/HomeNetworkModel(970): createHomeNetworkData : [action=android.net.wifi.RSSI_CHANGED][networkStatus=4][typeName=WIFI][isConntected=true][speed=108][ssid=PPTV QA][units=Mbps]
01-22 17:03:45.787: I/System.out(970): [CDS]rx timeout:60000
01-22 17:03:45.787: I/System.out(970): [CDS]close[40423]
01-22 17:03:45.788: I/System.out(970): close [socket][/0.0.0.0:40423]
01-22 17:03:45.795: I/FrameworkListener(140): onDataAvailable get 49 bytes 
01-22 17:03:45.835: I/SurfaceView(970): updateWindow -- OnPreDrawListener, mHaveFrame = false, this = android.view.SurfaceView$3@41d27e30
01-22 17:03:45.836: I/BufferQueue(145): [com.pptv.launcher/com.pptv.launcher.Launcher](this:0xb844f8b0,id:74,api:1,p:970,c:145) new GraphicBuffer needed
01-22 17:03:45.837: I/GraphicBuffer(145): allocate buffer (w:1920 h:1080 f:1) handle(0xb8436710) err(0)
01-22 17:03:45.837: W/GraphicBufferExtra_hal(145): gralloc extra device setBufInfo(...) is not supported
01-22 17:03:45.837: I/BufferQueue(145):     [NEW] gb=0xb847b870, handle=0xb8436710, w=1920, h=1080, s=1920, f=0x1, u=0x00000f02
01-22 17:03:45.845: I/BufferQueue(145): [com.pptv.launcher/com.pptv.launcher.Launcher](this:0xb844f8b0,id:74,api:1,p:970,c:145) [queue] fps:0.06, dur:18017.85, max:18017.85, min:18017.85
01-22 17:03:45.850: W/MALI(145): MTK_AUX_isMTKFormat:168: int MTK_AUX_isMTKFormat(ANativeWindowBuffer_t*): format=1
01-22 17:03:45.851: I/GLConsumer(145): [com.pptv.launcher/com.pptv.launcher.Launcher](this:0xb8445dc8,api:1) [void* android::GLConsumer::createImage(EGLDisplay, const android::sp<android::GraphicBuffer>&, const android::Rect&)]
01-22 17:03:45.851: I/BufferQueue(145): [com.pptv.launcher/com.pptv.launcher.Launcher](this:0xb844f8b0,id:74,api:1,p:970,c:145) [release] fps:0.06, dur:18018.15, max:18018.15, min:18018.15
01-22 17:03:45.852: I/BufferQueue(145): [FrameBufferSurface_0](this:0xb8436860,id:0,api:1,p:145,c:145) [release] fps:0.06, dur:18018.18, max:18018.18, min:18018.18
01-22 17:03:45.852: I/BufferQueue(145): [FrameBufferSurface_0](this:0xb8436860,id:0,api:1,p:145,c:145) [queue] fps:0.06, dur:18018.17, max:18018.17, min:18018.17
01-22 17:03:45.852: I/SurfaceFlinger(145): [Built-in Screen (type:0)] fps:0.055500,dur:18018.18,max:18018.18,min:18018.18
01-22 17:03:45.877: I/System.out(970): propertyValue:true
01-22 17:03:45.877: I/System.out(970): [socket][224] connection weixin.ppbox.pptv.com/183.129.205.156:80;LocalPort=40919(60000)
01-22 17:03:45.877: I/System.out(970): [CDS]connect[weixin.ppbox.pptv.com/183.129.205.156:80] tm:60
01-22 17:03:45.957: I/System.out(970): [socket][/192.168.200.6:40919] connected
01-22 17:03:45.957: I/System.out(970): [CDS]rx timeout:60000
01-22 17:03:46.041: I/System.out(970): [CDS]rx timeout:100
01-22 17:03:46.041: I/System.out(970): [CDS]rx timeout:60000
01-22 17:03:47.065: I/PowerManagerService(612): setBrightness mButtonLight 0.
01-22 17:03:47.067: I/PowerManagerService(612): setBrightness mButtonLight 0.
01-22 17:03:48.764: I/WifiStateMachine(612): fetchRssiAndLinkSpeedNative, newRssi:-53, newLinkSpeed:121, SSID:"PPTV QA"
01-22 17:03:50.422: I/ANRManager(612): updateProcessStats
01-22 17:03:51.488: E/battery_warning(158): error opening file
01-22 17:03:51.768: I/WifiStateMachine(612): fetchRssiAndLinkSpeedNative, newRssi:-54, newLinkSpeed:135, SSID:"PPTV QA"
01-22 17:03:54.772: I/WifiStateMachine(612): fetchRssiAndLinkSpeedNative, newRssi:-54, newLinkSpeed:135, SSID:"PPTV QA"
01-22 17:03:57.065: I/PowerManagerService(612): setBrightness mButtonLight 0.
01-22 17:03:57.066: I/PowerManagerService(612): setBrightness mButtonLight 0.
01-22 17:03:57.778: I/WifiStateMachine(612): fetchRssiAndLinkSpeedNative, newRssi:-55, newLinkSpeed:135, SSID:"PPTV QA"
01-22 17:04:00.002: I/PowerManagerService(612): setBrightness mButtonLight 0.
01-22 17:04:00.033: I/PowerManagerService(612): setBrightness mButtonLight 0.
01-22 17:04:00.065: I/SurfaceView(970): updateWindow -- OnPreDrawListener, mHaveFrame = false, this = android.view.SurfaceView$3@41d27e30
01-22 17:04:00.065: I/BufferQueue(145): [com.pptv.launcher/com.pptv.launcher.Launcher](this:0xb844f8b0,id:74,api:1,p:970,c:145) new GraphicBuffer needed
01-22 17:04:00.067: I/GraphicBuffer(145): allocate buffer (w:1920 h:1080 f:1) handle(0xb8489be8) err(0)
01-22 17:04:00.067: W/GraphicBufferExtra_hal(145): gralloc extra device setBufInfo(...) is not supported
01-22 17:04:00.067: I/BufferQueue(145):     [NEW] gb=0xb8446688, handle=0xb8489be8, w=1920, h=1080, s=1920, f=0x1, u=0x00000f02
01-22 17:04:00.075: I/BufferQueue(145): [com.pptv.launcher/com.pptv.launcher.Launcher](this:0xb844f8b0,id:74,api:1,p:970,c:145) [queue] fps:0.07, dur:14230.18, max:14230.18, min:14230.18
01-22 17:04:00.082: W/MALI(145): MTK_AUX_isMTKFormat:168: int MTK_AUX_isMTKFormat(ANativeWindowBuffer_t*): format=1
01-22 17:04:00.082: I/GLConsumer(145): [com.pptv.launcher/com.pptv.launcher.Launcher](this:0xb8445dc8,api:1) [void* android::GLConsumer::createImage(EGLDisplay, const android::sp<android::GraphicBuffer>&, const android::Rect&)]
01-22 17:04:00.082: I/BufferQueue(145): [com.pptv.launcher/com.pptv.launcher.Launcher](this:0xb844f8b0,id:74,api:1,p:970,c:145) [release] fps:0.07, dur:14231.19, max:14231.19, min:14231.19
01-22 17:04:00.083: I/BufferQueue(145): [FrameBufferSurface_0](this:0xb8436860,id:0,api:1,p:145,c:145) [release] fps:0.07, dur:14231.23, max:14231.23, min:14231.23
01-22 17:04:00.083: I/BufferQueue(145): [FrameBufferSurface_0](this:0xb8436860,id:0,api:1,p:145,c:145) [queue] fps:0.07, dur:14231.24, max:14231.24, min:14231.24
01-22 17:04:00.083: I/SurfaceFlinger(145): [Built-in Screen (type:0)] fps:0.070268,dur:14231.23,max:14231.23,min:14231.23
01-22 17:04:00.424: I/ANRManager(612): updateProcessStats
01-22 17:04:00.782: I/WifiStateMachine(612): fetchRssiAndLinkSpeedNative, newRssi:-55, newLinkSpeed:135, SSID:"PPTV QA"
01-22 17:04:01.489: E/battery_warning(158): error opening file
01-22 17:04:03.788: I/WifiStateMachine(612): fetchRssiAndLinkSpeedNative, newRssi:-53, newLinkSpeed:135, SSID:"PPTV QA"
01-22 17:04:05.026: I/ANRManager(612): updateProcessStats
01-22 17:04:06.792: I/WifiStateMachine(612): fetchRssiAndLinkSpeedNative, newRssi:-53, newLinkSpeed:135, SSID:"PPTV QA"
01-22 17:04:07.065: I/PowerManagerService(612): setBrightness mButtonLight 0.
01-22 17:04:07.066: I/PowerManagerService(612): setBrightness mButtonLight 0.
01-22 17:04:09.797: I/WifiStateMachine(612): fetchRssiAndLinkSpeedNative, newRssi:-53, newLinkSpeed:135, SSID:"PPTV QA"
01-22 17:04:10.415: I/ANRManager(612): updateProcessStats
01-22 17:04:11.489: E/battery_warning(158): error opening file
01-22 17:04:12.802: I/WifiStateMachine(612): fetchRssiAndLinkSpeedNative, newRssi:-53, newLinkSpeed:135, SSID:"PPTV QA"
01-22 17:04:15.807: I/WifiStateMachine(612): fetchRssiAndLinkSpeedNative, newRssi:-52, newLinkSpeed:135, SSID:"PPTV QA"
01-22 17:04:17.065: I/PowerManagerService(612): setBrightness mButtonLight 0.
01-22 17:04:17.067: I/PowerManagerService(612): setBrightness mButtonLight 0.
01-22 17:04:18.812: I/WifiStateMachine(612): fetchRssiAndLinkSpeedNative, newRssi:-52, newLinkSpeed:135, SSID:"PPTV QA"
01-22 17:04:20.422: I/ANRManager(612): updateProcessStats
01-22 17:04:21.489: E/battery_warning(158): error opening file
01-22 17:04:21.818: I/WifiStateMachine(612): fetchRssiAndLinkSpeedNative, newRssi:-52, newLinkSpeed:135, SSID:"PPTV QA"
01-22 17:04:24.822: I/WifiStateMachine(612): fetchRssiAndLinkSpeedNative, newRssi:-52, newLinkSpeed:135, SSID:"PPTV QA"
01-22 17:04:27.064: I/PowerManagerService(612): setBrightness mButtonLight 0.
01-22 17:04:27.066: I/PowerManagerService(612): setBrightness mButtonLight 0.
01-22 17:04:27.828: I/WifiStateMachine(612): fetchRssiAndLinkSpeedNative, newRssi:-53, newLinkSpeed:135, SSID:"PPTV QA"
01-22 17:04:30.429: I/ANRManager(612): updateProcessStats
01-22 17:04:30.852: I/WifiStateMachine(612): fetchRssiAndLinkSpeedNative, newRssi:-53, newLinkSpeed:135, SSID:"PPTV QA"
01-22 17:04:31.489: E/battery_warning(158): error opening file
01-22 17:04:33.857: I/WifiStateMachine(612): fetchRssiAndLinkSpeedNative, newRssi:-54, newLinkSpeed:135, SSID:"PPTV QA"
01-22 17:04:36.862: I/WifiStateMachine(612): fetchRssiAndLinkSpeedNative, newRssi:-54, newLinkSpeed:135, SSID:"PPTV QA"
01-22 17:04:37.068: I/PowerManagerService(612): setBrightness mButtonLight 0.
01-22 17:04:37.069: I/PowerManagerService(612): setBrightness mButtonLight 0.
01-22 17:04:39.519: W/ADB_SERVICES(358): host: starting transport output thread on fd 24, SYNC online (2)
01-22 17:04:39.520: W/ADB_SERVICES(358): host: starting transport input thread, reading from fd 24
01-22 17:04:39.520: W/ADB_SERVICES(358): host: transport SYNC online
01-22 17:04:39.525: W/ADB_SERVICES(358): create_local_service_socket() name=track-jdwp
01-22 17:04:39.526: W/ADB_SERVICES(358): create_local_service_socket() name=track-jdwp
01-22 17:04:39.533: W/ADB_SERVICES(358): create_local_service_socket() name=shell:getprop 'ro.product.manufacturer'
01-22 17:04:39.533: W/ADB_SERVICES(358): service_to_fd() name=shell:getprop 'ro.product.manufacturer'
01-22 17:04:39.533: W/ADB_SERVICES(358): read_meminfo() mem_free=276116
01-22 17:04:39.534: W/ADB_SERVICES(358): create_subprocess() ret_fd=26 pid=15092
01-22 17:04:39.534: W/ADB_SERVICES(358): LS(1078): bound to 'shell:getprop 'ro.product.manufacturer'' via 26
01-22 17:04:39.536: W/ADB_SERVICES(358): create_local_service_socket() name=jdwp:957
01-22 17:04:39.536: W/ADB_SERVICES(358): service_to_fd() name=jdwp:957
01-22 17:04:39.536: W/ADB_SERVICES(358): looking for pid 957 in JDWP process list return fds0(27) fds1(29)
01-22 17:04:39.536: W/ADB_SERVICES(358): LS(1079): bound to 'jdwp:957' via 27
01-22 17:04:39.536: W/ADB_SERVICES(358): create_local_service_socket() name=shell:getprop
01-22 17:04:39.536: W/ADB_SERVICES(358): service_to_fd() name=shell:getprop
01-22 17:04:39.536: W/ADB_SERVICES(358): read_meminfo() mem_free=276084
01-22 17:04:39.537: W/ADB_SERVICES(358): create_subprocess() ret_fd=37 pid=15093
01-22 17:04:39.537: W/ADB_SERVICES(358): LS(1080): bound to 'shell:getprop' via 37
01-22 17:04:39.538: W/ADB_SERVICES(358): trying to write to JDWP socket=35 pid=957 count=1 out_fds=29
01-22 17:04:39.538: W/ADB_SERVICES(358): create_local_service_socket() name=shell:getprop 'ro.product.manufacturer'
01-22 17:04:39.538: W/ADB_SERVICES(358): service_to_fd() name=shell:getprop 'ro.product.manufacturer'
01-22 17:04:39.538: W/ADB_SERVICES(358): read_meminfo() mem_free=276044
01-22 17:04:39.539: W/ADB_SERVICES(358): create_subprocess() ret_fd=29 pid=15094
01-22 17:04:39.539: W/ADB_SERVICES(358): LS(1081): bound to 'shell:getprop 'ro.product.manufacturer'' via 29
01-22 17:04:39.539: W/ADB_SERVICES(358): create_local_service_socket() name=shell:getprop
01-22 17:04:39.539: W/ADB_SERVICES(358): service_to_fd() name=shell:getprop
01-22 17:04:39.551: W/ADB_SERVICES(358): read_meminfo() mem_free=276044
01-22 17:04:39.552: W/ADB_SERVICES(358): create_subprocess() ret_fd=38 pid=15096
01-22 17:04:39.552: W/ADB_SERVICES(358): LS(1082): bound to 'shell:getprop' via 38
01-22 17:04:39.553: W/ADB_SERVICES(358): create_local_service_socket() name=jdwp:957
01-22 17:04:39.553: W/ADB_SERVICES(358): service_to_fd() name=jdwp:957
01-22 17:04:39.553: W/ADB_SERVICES(358): looking for pid 957 in JDWP process list return fds0(40) fds1(41)
01-22 17:04:39.553: W/ADB_SERVICES(358): LS(1083): bound to 'jdwp:957' via 40
01-22 17:04:39.560: W/ADB_SERVICES(358): trying to write to JDWP socket=35 pid=957 count=1 out_fds=41
01-22 17:04:39.560: I/jdwp(957): Ignoring second debugger -- accepting and dropping
01-22 17:04:39.569: W/ADB_SERVICES(358): create_local_service_socket() name=jdwp:4607
01-22 17:04:39.569: W/ADB_SERVICES(358): service_to_fd() name=jdwp:4607
01-22 17:04:39.569: W/ADB_SERVICES(358): looking for pid 4607 in JDWP process list return fds0(41) fds1(42)
01-22 17:04:39.569: W/ADB_SERVICES(358): LS(1084): bound to 'jdwp:4607' via 41
01-22 17:04:39.570: W/ADB_SERVICES(358): entered. LS(1083) fd=40
01-22 17:04:39.570: W/ADB_SERVICES(358): trying to write to JDWP socket=39 pid=4607 count=1 out_fds=42
01-22 17:04:39.571: W/ADB_SERVICES(358): create_local_service_socket() name=jdwp:4607
01-22 17:04:39.571: W/ADB_SERVICES(358): service_to_fd() name=jdwp:4607
01-22 17:04:39.571: W/ADB_SERVICES(358): looking for pid 4607 in JDWP process list return fds0(40) fds1(42)
01-22 17:04:39.571: W/ADB_SERVICES(358): LS(1085): bound to 'jdwp:4607' via 40
01-22 17:04:39.571: W/ADB_SERVICES(358): trying to write to JDWP socket=39 pid=4607 count=1 out_fds=42
01-22 17:04:39.595: I/jdwp(4607): Ignoring second debugger -- accepting and dropping
01-22 17:04:39.595: W/ADB_SERVICES(358): entered. LS(1085) fd=40
01-22 17:04:39.608: W/ADB_SERVICES(358): entered. LS(1078) fd=26
01-22 17:04:39.610: W/ADB_SERVICES(358): entered. LS(1081) fd=29
01-22 17:04:39.628: W/ADB_SERVICES(358): create_local_service_socket() name=shell:getprop 'ro.product.model'
01-22 17:04:39.628: W/ADB_SERVICES(358): service_to_fd() name=shell:getprop 'ro.product.model'
01-22 17:04:39.629: W/ADB_SERVICES(358): read_meminfo() mem_free=275640
01-22 17:04:39.629: W/ADB_SERVICES(358): create_subprocess() ret_fd=26 pid=15099
01-22 17:04:39.629: W/ADB_SERVICES(358): LS(1086): bound to 'shell:getprop 'ro.product.model'' via 26
01-22 17:04:39.631: W/ADB_SERVICES(358): create_local_service_socket() name=shell:getprop 'ro.product.model'
01-22 17:04:39.631: W/ADB_SERVICES(358): service_to_fd() name=shell:getprop 'ro.product.model'
01-22 17:04:39.631: W/ADB_SERVICES(358): read_meminfo() mem_free=275640
01-22 17:04:39.631: W/ADB_SERVICES(358): create_subprocess() ret_fd=29 pid=15100
01-22 17:04:39.631: W/ADB_SERVICES(358): LS(1087): bound to 'shell:getprop 'ro.product.model'' via 29
01-22 17:04:39.636: W/ADB_SERVICES(358): entered. LS(1080) fd=37
01-22 17:04:39.642: W/ADB_SERVICES(358): entered. LS(1082) fd=38
01-22 17:04:39.654: W/ADB_SERVICES(358): create_local_service_socket() name=shell:echo $EXTERNAL_STORAGE
01-22 17:04:39.654: W/ADB_SERVICES(358): service_to_fd() name=shell:echo $EXTERNAL_STORAGE
01-22 17:04:39.655: W/ADB_SERVICES(358): read_meminfo() mem_free=275856
01-22 17:04:39.655: W/ADB_SERVICES(358): create_subprocess() ret_fd=37 pid=15103
01-22 17:04:39.655: W/ADB_SERVICES(358): LS(1088): bound to 'shell:echo $EXTERNAL_STORAGE' via 37
01-22 17:04:39.659: W/ADB_SERVICES(358): entered. LS(1087) fd=29
01-22 17:04:39.660: W/ADB_SERVICES(358): entered. LS(1086) fd=26
01-22 17:04:39.665: W/ADB_SERVICES(358): create_local_service_socket() name=shell:echo $EXTERNAL_STORAGE
01-22 17:04:39.665: W/ADB_SERVICES(358): service_to_fd() name=shell:echo $EXTERNAL_STORAGE
01-22 17:04:39.666: W/ADB_SERVICES(358): read_meminfo() mem_free=275928
01-22 17:04:39.666: W/ADB_SERVICES(358): create_subprocess() ret_fd=26 pid=15104
01-22 17:04:39.666: W/ADB_SERVICES(358): LS(1089): bound to 'shell:echo $EXTERNAL_STORAGE' via 26
01-22 17:04:39.667: W/ADB_SERVICES(358): entered. LS(1088) fd=37
01-22 17:04:39.674: W/ADB_SERVICES(358): entered. LS(1089) fd=26
01-22 17:04:39.690: W/ADB_SERVICES(358): create_local_service_socket() name=shell:echo $ANDROID_DATA
01-22 17:04:39.690: W/ADB_SERVICES(358): service_to_fd() name=shell:echo $ANDROID_DATA
01-22 17:04:39.691: W/ADB_SERVICES(358): read_meminfo() mem_free=275952
01-22 17:04:39.691: W/ADB_SERVICES(358): create_subprocess() ret_fd=26 pid=15105
01-22 17:04:39.691: W/ADB_SERVICES(358): LS(1090): bound to 'shell:echo $ANDROID_DATA' via 26
01-22 17:04:39.697: W/ADB_SERVICES(358): entered. LS(1090) fd=26
01-22 17:04:39.701: W/ADB_SERVICES(358): create_local_service_socket() name=shell:echo $ANDROID_DATA
01-22 17:04:39.701: W/ADB_SERVICES(358): service_to_fd() name=shell:echo $ANDROID_DATA
01-22 17:04:39.702: W/ADB_SERVICES(358): read_meminfo() mem_free=275952
01-22 17:04:39.702: W/ADB_SERVICES(358): create_subprocess() ret_fd=26 pid=15106
01-22 17:04:39.702: W/ADB_SERVICES(358): LS(1091): bound to 'shell:echo $ANDROID_DATA' via 26
01-22 17:04:39.708: W/ADB_SERVICES(358): entered. LS(1091) fd=26
01-22 17:04:39.726: W/ADB_SERVICES(358): create_local_service_socket() name=shell:echo $ANDROID_ROOT
01-22 17:04:39.726: W/ADB_SERVICES(358): service_to_fd() name=shell:echo $ANDROID_ROOT
01-22 17:04:39.726: W/ADB_SERVICES(358): read_meminfo() mem_free=275944
01-22 17:04:39.727: W/ADB_SERVICES(358): create_subprocess() ret_fd=26 pid=15107
01-22 17:04:39.727: W/ADB_SERVICES(358): LS(1092): bound to 'shell:echo $ANDROID_ROOT' via 26
01-22 17:04:39.733: W/ADB_SERVICES(358): entered. LS(1092) fd=26
01-22 17:04:39.736: W/ADB_SERVICES(358): create_local_service_socket() name=shell:echo $ANDROID_ROOT
01-22 17:04:39.736: W/ADB_SERVICES(358): service_to_fd() name=shell:echo $ANDROID_ROOT
01-22 17:04:39.736: W/ADB_SERVICES(358): read_meminfo() mem_free=275936
01-22 17:04:39.737: W/ADB_SERVICES(358): create_subprocess() ret_fd=26 pid=15108
01-22 17:04:39.737: W/ADB_SERVICES(358): LS(1093): bound to 'shell:echo $ANDROID_ROOT' via 26
01-22 17:04:39.744: W/ADB_SERVICES(358): entered. LS(1093) fd=26
01-22 17:04:39.761: W/ADB_SERVICES(358): create_local_service_socket() name=jdwp:925
01-22 17:04:39.761: W/ADB_SERVICES(358): service_to_fd() name=jdwp:925
01-22 17:04:39.761: W/ADB_SERVICES(358): looking for pid 925 in JDWP process list return fds0(26) fds1(29)
01-22 17:04:39.762: W/ADB_SERVICES(358): LS(1094): bound to 'jdwp:925' via 26
01-22 17:04:39.762: W/ADB_SERVICES(358): trying to write to JDWP socket=33 pid=925 count=1 out_fds=29
01-22 17:04:39.774: W/ADB_SERVICES(358): create_local_service_socket() name=jdwp:925
01-22 17:04:39.774: W/ADB_SERVICES(358): service_to_fd() name=jdwp:925
01-22 17:04:39.774: W/ADB_SERVICES(358): looking for pid 925 in JDWP process list return fds0(29) fds1(37)
01-22 17:04:39.774: W/ADB_SERVICES(358): LS(1095): bound to 'jdwp:925' via 29
01-22 17:04:39.774: W/ADB_SERVICES(358): trying to write to JDWP socket=33 pid=925 count=1 out_fds=37
01-22 17:04:39.774: I/jdwp(925): Ignoring second debugger -- accepting and dropping
01-22 17:04:39.774: W/ADB_SERVICES(358): entered. LS(1095) fd=29
01-22 17:04:39.778: W/ADB_SERVICES(358): create_local_service_socket() name=jdwp:612
01-22 17:04:39.778: W/ADB_SERVICES(358): service_to_fd() name=jdwp:612
01-22 17:04:39.779: W/ADB_SERVICES(358): looking for pid 612 in JDWP process list return fds0(29) fds1(37)
01-22 17:04:39.779: W/ADB_SERVICES(358): LS(1096): bound to 'jdwp:612' via 29
01-22 17:04:39.779: W/ADB_SERVICES(358): trying to write to JDWP socket=20 pid=612 count=1 out_fds=37
01-22 17:04:39.791: W/ADB_SERVICES(358): create_local_service_socket() name=jdwp:612
01-22 17:04:39.791: W/ADB_SERVICES(358): service_to_fd() name=jdwp:612
01-22 17:04:39.791: W/ADB_SERVICES(358): looking for pid 612 in JDWP process list return fds0(37) fds1(38)
01-22 17:04:39.791: W/ADB_SERVICES(358): LS(1097): bound to 'jdwp:612' via 37
01-22 17:04:39.792: W/ADB_SERVICES(358): trying to write to JDWP socket=20 pid=612 count=1 out_fds=38
01-22 17:04:39.792: I/jdwp(612): Ignoring second debugger -- accepting and dropping
01-22 17:04:39.792: W/ADB_SERVICES(358): entered. LS(1097) fd=37
01-22 17:04:39.795: W/ADB_SERVICES(358): create_local_service_socket() name=jdwp:887
01-22 17:04:39.795: W/ADB_SERVICES(358): service_to_fd() name=jdwp:887
01-22 17:04:39.795: W/ADB_SERVICES(358): looking for pid 887 in JDWP process list return fds0(37) fds1(38)
01-22 17:04:39.795: W/ADB_SERVICES(358): LS(1098): bound to 'jdwp:887' via 37
01-22 17:04:39.795: W/ADB_SERVICES(358): trying to write to JDWP socket=30 pid=887 count=1 out_fds=38
01-22 17:04:39.816: W/ADB_SERVICES(358): create_local_service_socket() name=jdwp:14586
01-22 17:04:39.816: W/ADB_SERVICES(358): service_to_fd() name=jdwp:14586
01-22 17:04:39.816: W/ADB_SERVICES(358): looking for pid 14586 in JDWP process list return fds0(38) fds1(40)
01-22 17:04:39.816: W/ADB_SERVICES(358): LS(1099): bound to 'jdwp:14586' via 38
01-22 17:04:39.816: W/ADB_SERVICES(358): trying to write to JDWP socket=19 pid=14586 count=1 out_fds=40
01-22 17:04:39.817: W/ADB_SERVICES(358): create_local_service_socket() name=jdwp:887
01-22 17:04:39.817: W/ADB_SERVICES(358): service_to_fd() name=jdwp:887
01-22 17:04:39.817: W/ADB_SERVICES(358): looking for pid 887 in JDWP process list return fds0(40) fds1(42)
01-22 17:04:39.817: W/ADB_SERVICES(358): LS(1100): bound to 'jdwp:887' via 40
01-22 17:04:39.817: W/ADB_SERVICES(358): trying to write to JDWP socket=30 pid=887 count=1 out_fds=42
01-22 17:04:39.817: I/jdwp(887): Ignoring second debugger -- accepting and dropping
01-22 17:04:39.817: W/ADB_SERVICES(358): entered. LS(1100) fd=40
01-22 17:04:39.845: W/ADB_SERVICES(358): create_local_service_socket() name=jdwp:858
01-22 17:04:39.845: W/ADB_SERVICES(358): service_to_fd() name=jdwp:858
01-22 17:04:39.845: W/ADB_SERVICES(358): looking for pid 858 in JDWP process list return fds0(40) fds1(42)
01-22 17:04:39.845: W/ADB_SERVICES(358): LS(1101): bound to 'jdwp:858' via 40
01-22 17:04:39.845: W/ADB_SERVICES(358): trying to write to JDWP socket=28 pid=858 count=1 out_fds=42
01-22 17:04:39.849: W/ADB_SERVICES(358): create_local_service_socket() name=jdwp:14586
01-22 17:04:39.849: W/ADB_SERVICES(358): service_to_fd() name=jdwp:14586
01-22 17:04:39.849: W/ADB_SERVICES(358): looking for pid 14586 in JDWP process list return fds0(42) fds1(43)
01-22 17:04:39.849: W/ADB_SERVICES(358): LS(1102): bound to 'jdwp:14586' via 42
01-22 17:04:39.849: W/ADB_SERVICES(358): trying to write to JDWP socket=19 pid=14586 count=1 out_fds=43
01-22 17:04:39.851: I/jdwp(14586): Ignoring second debugger -- accepting and dropping
01-22 17:04:39.851: W/ADB_SERVICES(358): entered. LS(1102) fd=42
01-22 17:04:39.863: W/ADB_SERVICES(358): create_local_service_socket() name=jdwp:895
01-22 17:04:39.863: W/ADB_SERVICES(358): service_to_fd() name=jdwp:895
01-22 17:04:39.863: W/ADB_SERVICES(358): looking for pid 895 in JDWP process list return fds0(42) fds1(43)
01-22 17:04:39.863: W/ADB_SERVICES(358): LS(1103): bound to 'jdwp:895' via 42
01-22 17:04:39.863: W/ADB_SERVICES(358): trying to write to JDWP socket=31 pid=895 count=1 out_fds=43
01-22 17:04:39.869: W/ADB_SERVICES(358): create_local_service_socket() name=jdwp:858
01-22 17:04:39.869: W/ADB_SERVICES(358): service_to_fd() name=jdwp:858
01-22 17:04:39.869: W/ADB_SERVICES(358): looking for pid 858 in JDWP process list return fds0(43) fds1(45)
01-22 17:04:39.869: W/ADB_SERVICES(358): LS(1104): bound to 'jdwp:858' via 43
01-22 17:04:39.869: W/ADB_SERVICES(358): trying to write to JDWP socket=28 pid=858 count=1 out_fds=45
01-22 17:04:39.870: I/jdwp(858): Ignoring second debugger -- accepting and dropping
01-22 17:04:39.871: W/ADB_SERVICES(358): entered. LS(1104) fd=43
01-22 17:04:39.875: I/WifiStateMachine(612): fetchRssiAndLinkSpeedNative, newRssi:-53, newLinkSpeed:121, SSID:"PPTV QA"
01-22 17:04:39.880: W/ADB_SERVICES(358): create_local_service_socket() name=jdwp:912
01-22 17:04:39.880: W/ADB_SERVICES(358): service_to_fd() name=jdwp:912
01-22 17:04:39.880: W/ADB_SERVICES(358): looking for pid 912 in JDWP process list return fds0(43) fds1(45)
01-22 17:04:39.880: W/ADB_SERVICES(358): LS(1105): bound to 'jdwp:912' via 43
01-22 17:04:39.880: W/ADB_SERVICES(358): trying to write to JDWP socket=32 pid=912 count=1 out_fds=45
01-22 17:04:39.887: W/ADB_SERVICES(358): create_local_service_socket() name=jdwp:895
01-22 17:04:39.887: W/ADB_SERVICES(358): service_to_fd() name=jdwp:895
01-22 17:04:39.887: W/ADB_SERVICES(358): looking for pid 895 in JDWP process list return fds0(45) fds1(46)
01-22 17:04:39.887: W/ADB_SERVICES(358): LS(1106): bound to 'jdwp:895' via 45
01-22 17:04:39.887: W/ADB_SERVICES(358): trying to write to JDWP socket=31 pid=895 count=1 out_fds=46
01-22 17:04:39.888: I/jdwp(895): Ignoring second debugger -- accepting and dropping
01-22 17:04:39.888: W/ADB_SERVICES(358): entered. LS(1106) fd=45
01-22 17:04:39.897: W/ADB_SERVICES(358): create_local_service_socket() name=jdwp:940
01-22 17:04:39.897: W/ADB_SERVICES(358): service_to_fd() name=jdwp:940
01-22 17:04:39.897: W/ADB_SERVICES(358): looking for pid 940 in JDWP process list return fds0(45) fds1(46)
01-22 17:04:39.897: W/ADB_SERVICES(358): LS(1107): bound to 'jdwp:940' via 45
01-22 17:04:39.897: W/ADB_SERVICES(358): trying to write to JDWP socket=34 pid=940 count=1 out_fds=46
01-22 17:04:39.909: W/ADB_SERVICES(358): create_local_service_socket() name=jdwp:912
01-22 17:04:39.909: W/ADB_SERVICES(358): service_to_fd() name=jdwp:912
01-22 17:04:39.909: W/ADB_SERVICES(358): looking for pid 912 in JDWP process list return fds0(46) fds1(48)
01-22 17:04:39.909: W/ADB_SERVICES(358): LS(1108): bound to 'jdwp:912' via 46
01-22 17:04:39.909: W/ADB_SERVICES(358): trying to write to JDWP socket=32 pid=912 count=1 out_fds=48
01-22 17:04:39.909: I/jdwp(912): Ignoring second debugger -- accepting and dropping
01-22 17:04:39.909: W/ADB_SERVICES(358): entered. LS(1108) fd=46
01-22 17:04:39.919: W/ADB_SERVICES(358): create_local_service_socket() name=jdwp:970
01-22 17:04:39.919: W/ADB_SERVICES(358): service_to_fd() name=jdwp:970
01-22 17:04:39.919: W/ADB_SERVICES(358): looking for pid 970 in JDWP process list return fds0(46) fds1(48)
01-22 17:04:39.919: W/ADB_SERVICES(358): LS(1109): bound to 'jdwp:970' via 46
01-22 17:04:39.919: W/ADB_SERVICES(358): trying to write to JDWP socket=36 pid=970 count=1 out_fds=48
01-22 17:04:39.931: W/ADB_SERVICES(358): create_local_service_socket() name=jdwp:940
01-22 17:04:39.931: W/ADB_SERVICES(358): service_to_fd() name=jdwp:940
01-22 17:04:39.931: W/ADB_SERVICES(358): looking for pid 940 in JDWP process list return fds0(48) fds1(49)
01-22 17:04:39.931: W/ADB_SERVICES(358): LS(1110): bound to 'jdwp:940' via 48
01-22 17:04:39.932: W/ADB_SERVICES(358): trying to write to JDWP socket=34 pid=940 count=1 out_fds=49
01-22 17:04:39.933: I/jdwp(940): Ignoring second debugger -- accepting and dropping
01-22 17:04:39.933: W/ADB_SERVICES(358): entered. LS(1110) fd=48
01-22 17:04:39.936: W/ADB_SERVICES(358): create_local_service_socket() name=jdwp:1269
01-22 17:04:39.936: W/ADB_SERVICES(358): service_to_fd() name=jdwp:1269
01-22 17:04:39.936: W/ADB_SERVICES(358): looking for pid 1269 in JDWP process list return fds0(48) fds1(49)
01-22 17:04:39.936: W/ADB_SERVICES(358): LS(1111): bound to 'jdwp:1269' via 48
01-22 17:04:39.936: W/ADB_SERVICES(358): trying to write to JDWP socket=44 pid=1269 count=1 out_fds=49
01-22 17:04:39.944: W/ADB_SERVICES(358): create_local_service_socket() name=jdwp:970
01-22 17:04:39.944: W/ADB_SERVICES(358): service_to_fd() name=jdwp:970
01-22 17:04:39.944: W/ADB_SERVICES(358): looking for pid 970 in JDWP process list return fds0(49) fds1(50)
01-22 17:04:39.944: W/ADB_SERVICES(358): LS(1112): bound to 'jdwp:970' via 49
01-22 17:04:39.944: W/ADB_SERVICES(358): trying to write to JDWP socket=36 pid=970 count=1 out_fds=50
01-22 17:04:39.945: I/jdwp(970): Ignoring second debugger -- accepting and dropping
01-22 17:04:39.945: W/ADB_SERVICES(358): entered. LS(1112) fd=49
01-22 17:04:39.952: W/ADB_SERVICES(358): create_local_service_socket() name=jdwp:721
01-22 17:04:39.952: W/ADB_SERVICES(358): service_to_fd() name=jdwp:721
01-22 17:04:39.952: W/ADB_SERVICES(358): looking for pid 721 in JDWP process list return fds0(49) fds1(50)
01-22 17:04:39.952: W/ADB_SERVICES(358): LS(1113): bound to 'jdwp:721' via 49
01-22 17:04:39.952: W/ADB_SERVICES(358): trying to write to JDWP socket=23 pid=721 count=1 out_fds=50
01-22 17:04:39.956: W/ADB_SERVICES(358): create_local_service_socket() name=jdwp:1269
01-22 17:04:39.956: W/ADB_SERVICES(358): service_to_fd() name=jdwp:1269
01-22 17:04:39.956: W/ADB_SERVICES(358): looking for pid 1269 in JDWP process list return fds0(50) fds1(51)
01-22 17:04:39.956: W/ADB_SERVICES(358): LS(1114): bound to 'jdwp:1269' via 50
01-22 17:04:39.956: W/ADB_SERVICES(358): trying to write to JDWP socket=44 pid=1269 count=1 out_fds=51
01-22 17:04:39.957: I/jdwp(1269): Ignoring second debugger -- accepting and dropping
01-22 17:04:39.957: W/ADB_SERVICES(358): entered. LS(1114) fd=50
01-22 17:04:39.964: W/ADB_SERVICES(358): create_local_service_socket() name=jdwp:758
01-22 17:04:39.964: W/ADB_SERVICES(358): service_to_fd() name=jdwp:758
01-22 17:04:39.965: W/ADB_SERVICES(358): looking for pid 758 in JDWP process list return fds0(50) fds1(51)
01-22 17:04:39.965: W/ADB_SERVICES(358): LS(1115): bound to 'jdwp:758' via 50
01-22 17:04:39.965: W/ADB_SERVICES(358): trying to write to JDWP socket=25 pid=758 count=1 out_fds=51
01-22 17:04:39.967: W/ADB_SERVICES(358): create_local_service_socket() name=jdwp:721
01-22 17:04:39.967: W/ADB_SERVICES(358): service_to_fd() name=jdwp:721
01-22 17:04:39.967: W/ADB_SERVICES(358): looking for pid 721 in JDWP process list return fds0(51) fds1(52)
01-22 17:04:39.967: W/ADB_SERVICES(358): LS(1116): bound to 'jdwp:721' via 51
01-22 17:04:39.967: W/ADB_SERVICES(358): trying to write to JDWP socket=23 pid=721 count=1 out_fds=52
01-22 17:04:39.968: I/jdwp(721): Ignoring second debugger -- accepting and dropping
01-22 17:04:39.968: W/ADB_SERVICES(358): entered. LS(1116) fd=51
01-22 17:04:39.979: W/ADB_SERVICES(358): create_local_service_socket() name=jdwp:758
01-22 17:04:39.979: W/ADB_SERVICES(358): service_to_fd() name=jdwp:758
01-22 17:04:39.979: W/ADB_SERVICES(358): looking for pid 758 in JDWP process list return fds0(51) fds1(52)
01-22 17:04:39.979: W/ADB_SERVICES(358): LS(1117): bound to 'jdwp:758' via 51
01-22 17:04:39.979: W/ADB_SERVICES(358): trying to write to JDWP socket=25 pid=758 count=1 out_fds=52
01-22 17:04:39.979: I/jdwp(758): Ignoring second debugger -- accepting and dropping
01-22 17:04:39.979: W/ADB_SERVICES(358): entered. LS(1117) fd=51
01-22 17:04:40.419: I/ANRManager(612): updateProcessStats
01-22 17:04:41.489: E/battery_warning(158): error opening file
01-22 17:04:41.568: W/ADB_SERVICES(358): create_local_service_socket() name=shell:logcat -v long
01-22 17:04:41.568: W/ADB_SERVICES(358): service_to_fd() name=shell:logcat -v long
01-22 17:04:41.568: W/ADB_SERVICES(358): read_meminfo() mem_free=275936
01-22 17:04:41.569: W/ADB_SERVICES(358): create_subprocess() ret_fd=51 pid=15116
01-22 17:04:41.569: W/ADB_SERVICES(358): LS(1118): bound to 'shell:logcat -v long' via 51
01-22 17:04:41.580: W/ADB_SERVICES(358): create_local_service_socket() name=shell:ls -l /
01-22 17:04:41.580: W/ADB_SERVICES(358): service_to_fd() name=shell:ls -l /
01-22 17:04:41.581: W/ADB_SERVICES(358): read_meminfo() mem_free=275904
01-22 17:04:41.581: W/ADB_SERVICES(358): create_subprocess() ret_fd=52 pid=15117
01-22 17:04:41.581: W/ADB_SERVICES(358): LS(1119): bound to 'shell:ls -l /' via 52
01-22 17:04:41.642: W/ADB_SERVICES(358): entered. LS(1119) fd=52
01-22 17:04:41.670: W/ADB_SERVICES(358): create_local_service_socket() name=shell:ls -l -d /d/
01-22 17:04:41.670: W/ADB_SERVICES(358): service_to_fd() name=shell:ls -l -d /d/
01-22 17:04:41.670: W/ADB_SERVICES(358): read_meminfo() mem_free=275168
01-22 17:04:41.670: W/ADB_SERVICES(358): create_subprocess() ret_fd=52 pid=15119
01-22 17:04:41.671: W/ADB_SERVICES(358): LS(1120): bound to 'shell:ls -l -d /d/' via 52
01-22 17:04:41.707: W/ADB_SERVICES(358): entered. LS(1120) fd=52
01-22 17:04:41.731: W/ADB_SERVICES(358): create_local_service_socket() name=shell:ls -l -d /emmc@android/
01-22 17:04:41.731: W/ADB_SERVICES(358): service_to_fd() name=shell:ls -l -d /emmc@android/
01-22 17:04:41.731: W/ADB_SERVICES(358): read_meminfo() mem_free=274548
01-22 17:04:41.731: W/ADB_SERVICES(358): create_subprocess() ret_fd=52 pid=15120
01-22 17:04:41.731: W/ADB_SERVICES(358): LS(1121): bound to 'shell:ls -l -d /emmc@android/' via 52
01-22 17:04:41.760: W/ADB_SERVICES(358): entered. LS(1121) fd=52
01-22 17:04:41.772: W/ADB_SERVICES(358): create_local_service_socket() name=shell:ls -l -d /emmc@backup/
01-22 17:04:41.772: W/ADB_SERVICES(358): service_to_fd() name=shell:ls -l -d /emmc@backup/
01-22 17:04:41.772: W/ADB_SERVICES(358): read_meminfo() mem_free=274020
01-22 17:04:41.772: W/ADB_SERVICES(358): create_subprocess() ret_fd=52 pid=15124
01-22 17:04:41.772: W/ADB_SERVICES(358): LS(1122): bound to 'shell:ls -l -d /emmc@backup/' via 52
01-22 17:04:41.785: W/ADB_SERVICES(358): entered. LS(1122) fd=52
01-22 17:04:41.813: W/ADB_SERVICES(358): create_local_service_socket() name=shell:ls -l -d /emmc@cache/
01-22 17:04:41.813: W/ADB_SERVICES(358): service_to_fd() name=shell:ls -l -d /emmc@cache/
01-22 17:04:41.813: W/ADB_SERVICES(358): read_meminfo() mem_free=273392
01-22 17:04:41.813: W/ADB_SERVICES(358): create_subprocess() ret_fd=52 pid=15129
01-22 17:04:41.814: W/ADB_SERVICES(358): LS(1123): bound to 'shell:ls -l -d /emmc@cache/' via 52
01-22 17:04:41.830: W/ADB_SERVICES(358): entered. LS(1123) fd=52
01-22 17:04:41.849: W/ADB_SERVICES(358): create_local_service_socket() name=shell:ls -l -d /emmc@ebr1/
01-22 17:04:41.849: W/ADB_SERVICES(358): service_to_fd() name=shell:ls -l -d /emmc@ebr1/
01-22 17:04:41.849: W/ADB_SERVICES(358): read_meminfo() mem_free=272624
01-22 17:04:41.850: W/ADB_SERVICES(358): create_subprocess() ret_fd=52 pid=15131
01-22 17:04:41.850: W/ADB_SERVICES(358): LS(1124): bound to 'shell:ls -l -d /emmc@ebr1/' via 52
01-22 17:04:41.860: W/ADB_SERVICES(358): entered. LS(1124) fd=52
01-22 17:04:41.885: W/ADB_SERVICES(358): create_local_service_socket() name=shell:ls -l -d /emmc@protect_f/
01-22 17:04:41.885: W/ADB_SERVICES(358): service_to_fd() name=shell:ls -l -d /emmc@protect_f/
01-22 17:04:41.886: W/ADB_SERVICES(358): read_meminfo() mem_free=271832
01-22 17:04:41.886: W/ADB_SERVICES(358): create_subprocess() ret_fd=52 pid=15132
01-22 17:04:41.886: W/ADB_SERVICES(358): LS(1125): bound to 'shell:ls -l -d /emmc@protect_f/' via 52
01-22 17:04:41.895: W/ADB_SERVICES(358): entered. LS(1125) fd=52
01-22 17:04:41.921: W/ADB_SERVICES(358): create_local_service_socket() name=shell:ls -l -d /emmc@protect_s/
01-22 17:04:41.921: W/ADB_SERVICES(358): service_to_fd() name=shell:ls -l -d /emmc@protect_s/
01-22 17:04:41.921: W/ADB_SERVICES(358): read_meminfo() mem_free=271608
01-22 17:04:41.921: W/ADB_SERVICES(358): create_subprocess() ret_fd=52 pid=15134
01-22 17:04:41.921: W/ADB_SERVICES(358): LS(1126): bound to 'shell:ls -l -d /emmc@protect_s/' via 52
01-22 17:04:41.932: W/ADB_SERVICES(358): entered. LS(1126) fd=52
01-22 17:04:41.957: W/ADB_SERVICES(358): create_local_service_socket() name=shell:ls -l -d /emmc@sec_ro/
01-22 17:04:41.957: W/ADB_SERVICES(358): service_to_fd() name=shell:ls -l -d /emmc@sec_ro/
01-22 17:04:41.958: W/ADB_SERVICES(358): read_meminfo() mem_free=271344
01-22 17:04:41.958: W/ADB_SERVICES(358): create_subprocess() ret_fd=52 pid=15135
01-22 17:04:41.958: W/ADB_SERVICES(358): LS(1127): bound to 'shell:ls -l -d /emmc@sec_ro/' via 52
01-22 17:04:41.972: W/ADB_SERVICES(358): entered. LS(1127) fd=52
01-22 17:04:42.005: W/ADB_SERVICES(358): create_local_service_socket() name=shell:ls -l -d /emmc@usrdata/
01-22 17:04:42.005: W/ADB_SERVICES(358): service_to_fd() name=shell:ls -l -d /emmc@usrdata/
01-22 17:04:42.005: W/ADB_SERVICES(358): read_meminfo() mem_free=271344
01-22 17:04:42.006: W/ADB_SERVICES(358): create_subprocess() ret_fd=52 pid=15136
01-22 17:04:42.006: W/ADB_SERVICES(358): LS(1128): bound to 'shell:ls -l -d /emmc@usrdata/' via 52
01-22 17:04:42.027: W/ADB_SERVICES(358): entered. LS(1128) fd=52
01-22 17:04:42.046: W/ADB_SERVICES(358): create_local_service_socket() name=shell:ls -l -d /etc/
01-22 17:04:42.046: W/ADB_SERVICES(358): service_to_fd() name=shell:ls -l -d /etc/
01-22 17:04:42.046: W/ADB_SERVICES(358): read_meminfo() mem_free=271160
01-22 17:04:42.047: W/ADB_SERVICES(358): create_subprocess() ret_fd=52 pid=15137
01-22 17:04:42.047: W/ADB_SERVICES(358): LS(1129): bound to 'shell:ls -l -d /etc/' via 52
01-22 17:04:42.064: W/ADB_SERVICES(358): entered. LS(1129) fd=52
01-22 17:04:42.090: W/ADB_SERVICES(358): create_local_service_socket() name=shell:ls -l -d /sdcard/
01-22 17:04:42.090: W/ADB_SERVICES(358): service_to_fd() name=shell:ls -l -d /sdcard/
01-22 17:04:42.091: W/ADB_SERVICES(358): read_meminfo() mem_free=270972
01-22 17:04:42.091: W/ADB_SERVICES(358): create_subprocess() ret_fd=52 pid=15138
01-22 17:04:42.092: W/ADB_SERVICES(358): LS(1130): bound to 'shell:ls -l -d /sdcard/' via 52
01-22 17:04:42.110: W/ADB_SERVICES(358): entered. LS(1130) fd=52
01-22 17:04:42.126: W/ADB_SERVICES(358): create_local_service_socket() name=shell:ls -l -d /vendor/
01-22 17:04:42.126: W/ADB_SERVICES(358): service_to_fd() name=shell:ls -l -d /vendor/
01-22 17:04:42.126: W/ADB_SERVICES(358): read_meminfo() mem_free=274088
01-22 17:04:42.126: W/ADB_SERVICES(358): create_subprocess() ret_fd=52 pid=15141
01-22 17:04:42.126: W/ADB_SERVICES(358): LS(1131): bound to 'shell:ls -l -d /vendor/' via 52
01-22 17:04:42.134: W/ADB_SERVICES(358): entered. LS(1131) fd=52
01-22 17:04:42.274: I/PowerManagerService(612): setBrightness mButtonLight 0.
01-22 17:04:42.275: I/FrameworkListener(140): onDataAvailable get 29 bytes 
01-22 17:04:42.284: W/NetworkStatsRecorder(612): unknown interfaces [lo, p2p0], ignoring those stats
01-22 17:04:42.285: W/NetworkStatsRecorder(612): unknown interfaces [lo, p2p0], ignoring those stats
01-22 17:04:42.285: W/NetworkStatsRecorder(612): unknown interfaces [lo, p2p0], ignoring those stats
01-22 17:04:42.285: W/NetworkStatsRecorder(612): unknown interfaces [lo, p2p0], ignoring those stats
01-22 17:04:42.349: I/PowerManagerService(612): setBrightness mButtonLight 0.
01-22 17:04:42.390: I/FrameworkListener(140): onDataAvailable get 37 bytes 
01-22 17:04:42.881: I/WifiStateMachine(612): fetchRssiAndLinkSpeedNative, newRssi:-53, newLinkSpeed:121, SSID:"PPTV QA"
01-22 17:04:45.887: I/WifiStateMachine(612): fetchRssiAndLinkSpeedNative, newRssi:-54, newLinkSpeed:121, SSID:"PPTV QA"
01-22 17:04:47.064: I/PowerManagerService(612): setBrightness mButtonLight 0.
01-22 17:04:47.067: I/PowerManagerService(612): setBrightness mButtonLight 0.
01-22 17:04:48.819: W/ADB_SERVICES(358): create_local_service_socket() name=shell:ls -l /
01-22 17:04:48.819: W/ADB_SERVICES(358): service_to_fd() name=shell:ls -l /
01-22 17:04:48.819: W/ADB_SERVICES(358): read_meminfo() mem_free=274580
01-22 17:04:48.820: W/ADB_SERVICES(358): create_subprocess() ret_fd=52 pid=15161
01-22 17:04:48.821: W/ADB_SERVICES(358): LS(1132): bound to 'shell:ls -l /' via 52
01-22 17:04:48.854: W/ADB_SERVICES(358): entered. LS(1132) fd=52
01-22 17:04:48.885: W/ADB_SERVICES(358): create_local_service_socket() name=shell:ls -l -d /emmc@android/
01-22 17:04:48.885: W/ADB_SERVICES(358): service_to_fd() name=shell:ls -l -d /emmc@android/
01-22 17:04:48.886: W/ADB_SERVICES(358): read_meminfo() mem_free=274324
01-22 17:04:48.887: W/ADB_SERVICES(358): create_subprocess() ret_fd=52 pid=15162
01-22 17:04:48.887: W/ADB_SERVICES(358): LS(1133): bound to 'shell:ls -l -d /emmc@android/' via 52
01-22 17:04:48.894: I/WifiStateMachine(612): fetchRssiAndLinkSpeedNative, newRssi:-54, newLinkSpeed:121, SSID:"PPTV QA"
01-22 17:04:48.911: W/ADB_SERVICES(358): entered. LS(1133) fd=52
01-22 17:04:48.924: W/ADB_SERVICES(358): create_local_service_socket() name=shell:ls -l -d /emmc@backup/
01-22 17:04:48.924: W/ADB_SERVICES(358): service_to_fd() name=shell:ls -l -d /emmc@backup/
01-22 17:04:48.924: W/ADB_SERVICES(358): read_meminfo() mem_free=274324
01-22 17:04:48.926: W/ADB_SERVICES(358): create_subprocess() ret_fd=52 pid=15163
01-22 17:04:48.926: W/ADB_SERVICES(358): LS(1134): bound to 'shell:ls -l -d /emmc@backup/' via 52
01-22 17:04:48.945: W/ADB_SERVICES(358): entered. LS(1134) fd=52
01-22 17:04:48.964: W/ADB_SERVICES(358): create_local_service_socket() name=shell:ls -l -d /emmc@cache/
01-22 17:04:48.964: W/ADB_SERVICES(358): service_to_fd() name=shell:ls -l -d /emmc@cache/
01-22 17:04:48.964: W/ADB_SERVICES(358): read_meminfo() mem_free=274324
01-22 17:04:48.966: W/ADB_SERVICES(358): create_subprocess() ret_fd=52 pid=15164
01-22 17:04:48.966: W/ADB_SERVICES(358): LS(1135): bound to 'shell:ls -l -d /emmc@cache/' via 52
01-22 17:04:48.984: W/ADB_SERVICES(358): entered. LS(1135) fd=52
01-22 17:04:49.000: W/ADB_SERVICES(358): create_local_service_socket() name=shell:ls -l -d /emmc@ebr1/
01-22 17:04:49.001: W/ADB_SERVICES(358): service_to_fd() name=shell:ls -l -d /emmc@ebr1/
01-22 17:04:49.001: W/ADB_SERVICES(358): read_meminfo() mem_free=274324
01-22 17:04:49.002: W/ADB_SERVICES(358): create_subprocess() ret_fd=52 pid=15165
01-22 17:04:49.003: W/ADB_SERVICES(358): LS(1136): bound to 'shell:ls -l -d /emmc@ebr1/' via 52
01-22 17:04:49.021: W/ADB_SERVICES(358): entered. LS(1136) fd=52
01-22 17:04:49.039: W/ADB_SERVICES(358): create_local_service_socket() name=shell:ls -l -d /emmc@protect_f/
