01-22 14:31:29.837: I/SurfaceView(27441): updateWindow -- OnPreDrawListener, mHaveFrame = true, this = android.view.SurfaceView$3@446f3760
01-22 14:31:29.853: I/SurfaceView(27441): updateWindow -- OnPreDrawListener, mHaveFrame = true, this = android.view.SurfaceView$3@446f3760
01-22 14:31:29.870: I/SurfaceView(27441): updateWindow -- OnPreDrawListener, mHaveFrame = true, this = android.view.SurfaceView$3@446f3760
01-22 14:31:29.887: I/SurfaceView(27441): updateWindow -- OnPreDrawListener, mHaveFrame = true, this = android.view.SurfaceView$3@446f3760
01-22 14:31:29.904: I/SurfaceView(27441): updateWindow -- OnPreDrawListener, mHaveFrame = true, this = android.view.SurfaceView$3@446f3760
01-22 14:31:29.920: I/SurfaceView(27441): updateWindow -- OnPreDrawListener, mHaveFrame = true, this = android.view.SurfaceView$3@446f3760
01-22 14:31:29.937: I/SurfaceView(27441): updateWindow -- OnPreDrawListener, mHaveFrame = true, this = android.view.SurfaceView$3@446f3760
01-22 14:31:29.953: I/SurfaceView(27441): updateWindow -- OnPreDrawListener, mHaveFrame = true, this = android.view.SurfaceView$3@446f3760
01-22 14:31:29.970: I/SurfaceView(27441): updateWindow -- OnPreDrawListener, mHaveFrame = true, this = android.view.SurfaceView$3@446f3760
01-22 14:31:29.995: I/SurfaceView(27441): updateWindow -- OnPreDrawListener, mHaveFrame = true, this = android.view.SurfaceView$3@446f3760
01-22 14:31:30.012: I/SurfaceView(27441): updateWindow -- OnPreDrawListener, mHaveFrame = true, this = android.view.SurfaceView$3@446f3760
01-22 14:31:30.023: I/SurfaceView(27441): updateWindow -- OnPreDrawListener, mHaveFrame = true, this = android.view.SurfaceView$3@446f3760
01-22 14:31:30.038: I/SurfaceView(27441): updateWindow -- OnPreDrawListener, mHaveFrame = true, this = android.view.SurfaceView$3@446f3760
01-22 14:31:30.053: I/SurfaceView(27441): updateWindow -- OnPreDrawListener, mHaveFrame = true, this = android.view.SurfaceView$3@446f3760
01-22 14:31:30.070: I/SurfaceView(27441): updateWindow -- OnPreDrawListener, mHaveFrame = true, this = android.view.SurfaceView$3@446f3760
01-22 14:31:30.087: I/SurfaceView(27441): updateWindow -- OnPreDrawListener, mHaveFrame = true, this = android.view.SurfaceView$3@446f3760
01-22 14:31:30.103: I/SurfaceView(27441): updateWindow -- OnPreDrawListener, mHaveFrame = true, this = android.view.SurfaceView$3@446f3760
01-22 14:31:30.120: I/SurfaceView(27441): updateWindow -- OnPreDrawListener, mHaveFrame = true, this = android.view.SurfaceView$3@446f3760
01-22 14:31:30.137: I/SurfaceView(27441): updateWindow -- OnPreDrawListener, mHaveFrame = true, this = android.view.SurfaceView$3@446f3760
01-22 14:31:30.137: I/BufferQueue(144): [SurfaceView](this:0xb8d4bc90,id:769,api:2,p:27441,c:144) [release] fps:23.97, dur:1001.09, max:66.99, min:16.23
01-22 14:31:30.143: I/BufferQueue(144): [com.pplive.tvplayer/com.pplive.tvplayer.player.video.VideoPlayerActivity](this:0xb8d504a8,id:768,api:1,p:27441,c:144) [queue] fps:60.34, dur:1010.97, max:32.64, min:10.67
01-22 14:31:30.154: I/SurfaceView(27441): updateWindow -- OnPreDrawListener, mHaveFrame = true, this = android.view.SurfaceView$3@446f3760
01-22 14:31:30.170: I/SurfaceView(27441): updateWindow -- OnPreDrawListener, mHaveFrame = true, this = android.view.SurfaceView$3@446f3760
01-22 14:31:30.187: I/SurfaceView(27441): updateWindow -- OnPreDrawListener, mHaveFrame = true, this = android.view.SurfaceView$3@446f3760
01-22 14:31:30.206: I/SurfaceView(27441): updateWindow -- OnPreDrawListener, mHaveFrame = true, this = android.view.SurfaceView$3@446f3760
01-22 14:31:30.211: I/BufferQueue(144): [SurfaceView](this:0xb8d4bc90,id:769,api:2,p:27441,c:144) [queue] fps:24.37, dur:1025.93, max:62.71, min:8.80
01-22 14:31:30.221: I/SurfaceView(27441): updateWindow -- OnPreDrawListener, mHaveFrame = true, this = android.view.SurfaceView$3@446f3760
01-22 14:31:30.237: I/SurfaceView(27441): updateWindow -- OnPreDrawListener, mHaveFrame = true, this = android.view.SurfaceView$3@446f3760
01-22 14:31:30.238: I/BufferQueue(144): [FrameBufferSurface_0](this:0xb8d3c848,id:0,api:1,p:144,c:144) [release] fps:59.94, dur:1000.95, max:17.68, min:15.81
01-22 14:31:30.254: I/SurfaceView(27441): updateWindow -- OnPreDrawListener, mHaveFrame = true, this = android.view.SurfaceView$3@446f3760
01-22 14:31:30.271: I/SurfaceView(27441): updateWindow -- OnPreDrawListener, mHaveFrame = true, this = android.view.SurfaceView$3@446f3760
01-22 14:31:30.288: I/SurfaceView(27441): updateWindow -- OnPreDrawListener, mHaveFrame = true, this = android.view.SurfaceView$3@446f3760
01-22 14:31:30.304: I/SurfaceView(27441): updateWindow -- OnPreDrawListener, mHaveFrame = true, this = android.view.SurfaceView$3@446f3760
01-22 14:31:30.320: I/SurfaceView(27441): updateWindow -- OnPreDrawListener, mHaveFrame = true, this = android.view.SurfaceView$3@446f3760
01-22 14:31:30.337: I/SurfaceView(27441): updateWindow -- OnPreDrawListener, mHaveFrame = true, this = android.view.SurfaceView$3@446f3760
01-22 14:31:30.338: I/BufferQueue(144): [FrameBufferSurface_0](this:0xb8d3c848,id:0,api:1,p:144,c:144) [queue] fps:59.96, dur:1000.69, max:17.68, min:15.81
01-22 14:31:30.338: I/SurfaceFlinger(144): [Built-in Screen (type:0)] fps:59.958504,dur:1000.69,max:17.68,min:15.74
01-22 14:31:30.354: I/SurfaceView(27441): updateWindow -- OnPreDrawListener, mHaveFrame = true, this = android.view.SurfaceView$3@446f3760
01-22 14:31:30.371: I/SurfaceView(27441): updateWindow -- OnPreDrawListener, mHaveFrame = true, this = android.view.SurfaceView$3@446f3760
01-22 14:31:30.387: I/SurfaceView(27441): updateWindow -- OnPreDrawListener, mHaveFrame = true, this = android.view.SurfaceView$3@446f3760
01-22 14:31:30.387: I/BufferQueue(144): [com.pplive.tvplayer/com.pplive.tvplayer.player.video.VideoPlayerActivity](this:0xb8d504a8,id:768,api:1,p:27441,c:144) [release] fps:59.94, dur:1001.04, max:17.41, min:16.23
01-22 14:31:30.413: I/SurfaceView(27441): updateWindow -- OnPreDrawListener, mHaveFrame = true, this = android.view.SurfaceView$3@446f3760
01-22 14:31:30.422: I/SurfaceView(27441): updateWindow -- OnPreDrawListener, mHaveFrame = true, this = android.view.SurfaceView$3@446f3760
01-22 14:31:30.438: I/SurfaceView(27441): updateWindow -- OnPreDrawListener, mHaveFrame = true, this = android.view.SurfaceView$3@446f3760
01-22 14:31:30.454: I/SurfaceView(27441): updateWindow -- OnPreDrawListener, mHaveFrame = true, this = android.view.SurfaceView$3@446f3760
01-22 14:31:30.469: I/SurfaceView(27441): updateWindow -- OnPreDrawListener, mHaveFrame = true, this = android.view.SurfaceView$3@446f3760
01-22 14:31:30.486: I/SurfaceView(27441): updateWindow -- OnPreDrawListener, mHaveFrame = true, this = android.view.SurfaceView$3@446f3760
01-22 14:31:30.503: I/SurfaceView(27441): updateWindow -- OnPreDrawListener, mHaveFrame = true, this = android.view.SurfaceView$3@446f3760
01-22 14:31:30.519: I/SurfaceView(27441): updateWindow -- OnPreDrawListener, mHaveFrame = true, this = android.view.SurfaceView$3@446f3760
01-22 14:31:30.537: I/SurfaceView(27441): updateWindow -- OnPreDrawListener, mHaveFrame = true, this = android.view.SurfaceView$3@446f3760
01-22 14:31:30.553: I/SurfaceView(27441): updateWindow -- OnPreDrawListener, mHaveFrame = true, this = android.view.SurfaceView$3@446f3760
01-22 14:31:30.570: I/SurfaceView(27441): updateWindow -- OnPreDrawListener, mHaveFrame = true, this = android.view.SurfaceView$3@446f3760
01-22 14:31:30.586: I/SurfaceView(27441): updateWindow -- OnPreDrawListener, mHaveFrame = true, this = android.view.SurfaceView$3@446f3760
01-22 14:31:30.603: I/SurfaceView(27441): updateWindow -- OnPreDrawListener, mHaveFrame = true, this = android.view.SurfaceView$3@446f3760
01-22 14:31:30.619: I/SurfaceView(27441): updateWindow -- OnPreDrawListener, mHaveFrame = true, this = android.view.SurfaceView$3@446f3760
01-22 14:31:30.638: I/SurfaceView(27441): updateWindow -- OnPreDrawListener, mHaveFrame = true, this = android.view.SurfaceView$3@446f3760
01-22 14:31:30.653: I/SurfaceView(27441): updateWindow -- OnPreDrawListener, mHaveFrame = true, this = android.view.SurfaceView$3@446f3760
01-22 14:31:30.670: I/SurfaceView(27441): updateWindow -- OnPreDrawListener, mHaveFrame = true, this = android.view.SurfaceView$3@446f3760
01-22 14:31:30.686: I/SurfaceView(27441): updateWindow -- OnPreDrawListener, mHaveFrame = true, this = android.view.SurfaceView$3@446f3760
01-22 14:31:30.710: I/SurfaceView(27441): updateWindow -- OnPreDrawListener, mHaveFrame = true, this = android.view.SurfaceView$3@446f3760
01-22 14:31:30.721: I/SurfaceView(27441): updateWindow -- OnPreDrawListener, mHaveFrame = true, this = android.view.SurfaceView$3@446f3760
01-22 14:31:30.736: I/SurfaceView(27441): updateWindow -- OnPreDrawListener, mHaveFrame = true, this = android.view.SurfaceView$3@446f3760
01-22 14:31:30.753: I/SurfaceView(27441): updateWindow -- OnPreDrawListener, mHaveFrame = true, this = android.view.SurfaceView$3@446f3760
01-22 14:31:30.770: I/SurfaceView(27441): updateWindow -- OnPreDrawListener, mHaveFrame = true, this = android.view.SurfaceView$3@446f3760
01-22 14:31:30.786: I/SurfaceView(27441): updateWindow -- OnPreDrawListener, mHaveFrame = true, this = android.view.SurfaceView$3@446f3760
01-22 14:31:30.803: I/SurfaceView(27441): updateWindow -- OnPreDrawListener, mHaveFrame = true, this = android.view.SurfaceView$3@446f3760
01-22 14:31:30.820: I/SurfaceView(27441): updateWindow -- OnPreDrawListener, mHaveFrame = true, this = android.view.SurfaceView$3@446f3760
01-22 14:31:30.837: I/SurfaceView(27441): updateWindow -- OnPreDrawListener, mHaveFrame = true, this = android.view.SurfaceView$3@446f3760
01-22 14:31:30.853: I/SurfaceView(27441): updateWindow -- OnPreDrawListener, mHaveFrame = true, this = android.view.SurfaceView$3@446f3760
01-22 14:31:30.870: I/SurfaceView(27441): updateWindow -- OnPreDrawListener, mHaveFrame = true, this = android.view.SurfaceView$3@446f3760
01-22 14:31:30.886: I/SurfaceView(27441): updateWindow -- OnPreDrawListener, mHaveFrame = true, this = android.view.SurfaceView$3@446f3760
01-22 14:31:30.890: I/Neon-FFPlayer(27441): video_clock: 537662, audio_clock: 537685, delay: 30(msec)
01-22 14:31:30.903: I/SurfaceView(27441): updateWindow -- OnPreDrawListener, mHaveFrame = true, this = android.view.SurfaceView$3@446f3760
01-22 14:31:30.920: I/SurfaceView(27441): updateWindow -- OnPreDrawListener, mHaveFrame = true, this = android.view.SurfaceView$3@446f3760
01-22 14:31:30.937: I/SurfaceView(27441): updateWindow -- OnPreDrawListener, mHaveFrame = true, this = android.view.SurfaceView$3@446f3760
01-22 14:31:30.954: I/SurfaceView(27441): updateWindow -- OnPreDrawListener, mHaveFrame = true, this = android.view.SurfaceView$3@446f3760
01-22 14:31:30.971: I/SurfaceView(27441): updateWindow -- OnPreDrawListener, mHaveFrame = true, this = android.view.SurfaceView$3@446f3760
01-22 14:31:30.988: I/SurfaceView(27441): updateWindow -- OnPreDrawListener, mHaveFrame = true, this = android.view.SurfaceView$3@446f3760
01-22 14:31:31.011: I/SurfaceView(27441): updateWindow -- OnPreDrawListener, mHaveFrame = true, this = android.view.SurfaceView$3@446f3760
01-22 14:31:31.021: I/SurfaceView(27441): updateWindow -- OnPreDrawListener, mHaveFrame = true, this = android.view.SurfaceView$3@446f3760
01-22 14:31:31.038: I/SurfaceView(27441): updateWindow -- OnPreDrawListener, mHaveFrame = true, this = android.view.SurfaceView$3@446f3760
01-22 14:31:31.046: W/ADB_SERVICES(514): create_local_service_socket() name=shell:ls -l /
01-22 14:31:31.046: W/ADB_SERVICES(514): service_to_fd() name=shell:ls -l /
01-22 14:31:31.046: W/ADB_SERVICES(514): read_meminfo() mem_free=35132
01-22 14:31:31.047: W/ADB_SERVICES(514): create_subprocess() ret_fd=42 pid=30794
01-22 14:31:31.047: W/ADB_SERVICES(514): LS(11396): bound to 'shell:ls -l /' via 42
01-22 14:31:31.054: I/SurfaceView(27441): updateWindow -- OnPreDrawListener, mHaveFrame = true, this = android.view.SurfaceView$3@446f3760
01-22 14:31:31.066: W/ADB_SERVICES(514): entered. LS(11396) fd=42
01-22 14:31:31.071: I/SurfaceView(27441): updateWindow -- OnPreDrawListener, mHaveFrame = true, this = android.view.SurfaceView$3@446f3760
01-22 14:31:31.086: W/ADB_SERVICES(514): create_local_service_socket() name=shell:ls -l -d /emmc@android/
01-22 14:31:31.086: W/ADB_SERVICES(514): service_to_fd() name=shell:ls -l -d /emmc@android/
01-22 14:31:31.086: W/ADB_SERVICES(514): read_meminfo() mem_free=35132
01-22 14:31:31.087: W/ADB_SERVICES(514): create_subprocess() ret_fd=42 pid=30795
01-22 14:31:31.087: W/ADB_SERVICES(514): LS(11397): bound to 'shell:ls -l -d /emmc@android/' via 42
01-22 14:31:31.088: I/SurfaceView(27441): updateWindow -- OnPreDrawListener, mHaveFrame = true, this = android.view.SurfaceView$3@446f3760
01-22 14:31:31.100: W/ADB_SERVICES(514): entered. LS(11397) fd=42
01-22 14:31:31.105: I/SurfaceView(27441): updateWindow -- OnPreDrawListener, mHaveFrame = true, this = android.view.SurfaceView$3@446f3760
01-22 14:31:31.121: I/SurfaceView(27441): updateWindow -- OnPreDrawListener, mHaveFrame = true, this = android.view.SurfaceView$3@446f3760
01-22 14:31:31.128: W/ADB_SERVICES(514): create_local_service_socket() name=shell:ls -l -d /emmc@backup/
01-22 14:31:31.128: W/ADB_SERVICES(514): service_to_fd() name=shell:ls -l -d /emmc@backup/
01-22 14:31:31.128: W/ADB_SERVICES(514): read_meminfo() mem_free=35240
01-22 14:31:31.129: W/ADB_SERVICES(514): create_subprocess() ret_fd=42 pid=30796
01-22 14:31:31.129: W/ADB_SERVICES(514): LS(11398): bound to 'shell:ls -l -d /emmc@backup/' via 42
01-22 14:31:31.138: I/SurfaceView(27441): updateWindow -- OnPreDrawListener, mHaveFrame = true, this = android.view.SurfaceView$3@446f3760
01-22 14:31:31.147: W/ADB_SERVICES(514): entered. LS(11398) fd=42
01-22 14:31:31.152: I/BufferQueue(144): [com.pplive.tvplayer/com.pplive.tvplayer.player.video.VideoPlayerActivity](this:0xb8d504a8,id:768,api:1,p:27441,c:144) [queue] fps:59.43, dur:1009.53, max:25.67, min:7.66
01-22 14:31:31.154: I/SurfaceView(27441): updateWindow -- OnPreDrawListener, mHaveFrame = true, this = android.view.SurfaceView$3@446f3760
01-22 14:31:31.155: I/BufferQueue(144): [SurfaceView](this:0xb8d4bc90,id:769,api:2,p:27441,c:144) [release] fps:23.58, dur:1017.67, max:66.80, min:17.15
01-22 14:31:31.168: W/ADB_SERVICES(514): create_local_service_socket() name=shell:ls -l -d /emmc@cache/
01-22 14:31:31.168: W/ADB_SERVICES(514): service_to_fd() name=shell:ls -l -d /emmc@cache/
01-22 14:31:31.168: W/ADB_SERVICES(514): read_meminfo() mem_free=35248
01-22 14:31:31.169: W/ADB_SERVICES(514): create_subprocess() ret_fd=42 pid=30797
01-22 14:31:31.169: W/ADB_SERVICES(514): LS(11399): bound to 'shell:ls -l -d /emmc@cache/' via 42
01-22 14:31:31.171: I/SurfaceView(27441): updateWindow -- OnPreDrawListener, mHaveFrame = true, this = android.view.SurfaceView$3@446f3760
01-22 14:31:31.181: W/ADB_SERVICES(514): entered. LS(11399) fd=42
01-22 14:31:31.189: I/SurfaceView(27441): updateWindow -- OnPreDrawListener, mHaveFrame = true, this = android.view.SurfaceView$3@446f3760
01-22 14:31:31.204: W/ADB_SERVICES(514): create_local_service_socket() name=shell:ls -l -d /emmc@ebr1/
01-22 14:31:31.204: W/ADB_SERVICES(514): service_to_fd() name=shell:ls -l -d /emmc@ebr1/
01-22 14:31:31.204: W/ADB_SERVICES(514): read_meminfo() mem_free=35084
01-22 14:31:31.205: W/ADB_SERVICES(514): create_subprocess() ret_fd=42 pid=30798
01-22 14:31:31.205: W/ADB_SERVICES(514): LS(11400): bound to 'shell:ls -l -d /emmc@ebr1/' via 42
01-22 14:31:31.205: I/SurfaceView(27441): updateWindow -- OnPreDrawListener, mHaveFrame = true, this = android.view.SurfaceView$3@446f3760
01-22 14:31:31.220: W/ADB_SERVICES(514): entered. LS(11400) fd=42
01-22 14:31:31.221: I/SurfaceView(27441): updateWindow -- OnPreDrawListener, mHaveFrame = true, this = android.view.SurfaceView$3@446f3760
01-22 14:31:31.233: I/BufferQueue(144): [SurfaceView](this:0xb8d4bc90,id:769,api:2,p:27441,c:144) [queue] fps:23.48, dur:1022.27, max:78.59, min:18.50
01-22 14:31:31.238: I/SurfaceView(27441): updateWindow -- OnPreDrawListener, mHaveFrame = true, this = android.view.SurfaceView$3@446f3760
01-22 14:31:31.240: I/BufferQueue(144): [FrameBufferSurface_0](this:0xb8d3c848,id:0,api:1,p:144,c:144) [release] fps:59.90, dur:1001.63, max:17.56, min:14.78
01-22 14:31:31.245: W/ADB_SERVICES(514): create_local_service_socket() name=shell:ls -l -d /emmc@protect_f/
01-22 14:31:31.245: W/ADB_SERVICES(514): service_to_fd() name=shell:ls -l -d /emmc@protect_f/
01-22 14:31:31.245: W/ADB_SERVICES(514): read_meminfo() mem_free=35084
01-22 14:31:31.246: W/ADB_SERVICES(514): create_subprocess() ret_fd=42 pid=30800
01-22 14:31:31.246: W/ADB_SERVICES(514): LS(11401): bound to 'shell:ls -l -d /emmc@protect_f/' via 42
01-22 14:31:31.260: W/ADB_SERVICES(514): entered. LS(11401) fd=42
01-22 14:31:31.265: I/SurfaceView(27441): updateWindow -- OnPreDrawListener, mHaveFrame = true, this = android.view.SurfaceView$3@446f3760
01-22 14:31:31.275: I/SurfaceView(27441): updateWindow -- OnPreDrawListener, mHaveFrame = true, this = android.view.SurfaceView$3@446f3760
01-22 14:31:31.281: W/ADB_SERVICES(514): create_local_service_socket() name=shell:ls -l -d /emmc@protect_s/
01-22 14:31:31.281: W/ADB_SERVICES(514): service_to_fd() name=shell:ls -l -d /emmc@protect_s/
01-22 14:31:31.281: W/ADB_SERVICES(514): read_meminfo() mem_free=35020
01-22 14:31:31.282: W/ADB_SERVICES(514): create_subprocess() ret_fd=42 pid=30801
01-22 14:31:31.282: W/ADB_SERVICES(514): LS(11402): bound to 'shell:ls -l -d /emmc@protect_s/' via 42
01-22 14:31:31.290: I/SurfaceView(27441): updateWindow -- OnPreDrawListener, mHaveFrame = true, this = android.view.SurfaceView$3@446f3760
01-22 14:31:31.295: W/ADB_SERVICES(514): entered. LS(11402) fd=42
01-22 14:31:31.307: I/SurfaceView(27441): updateWindow -- OnPreDrawListener, mHaveFrame = true, this = android.view.SurfaceView$3@446f3760
01-22 14:31:31.322: I/SurfaceView(27441): updateWindow -- OnPreDrawListener, mHaveFrame = true, this = android.view.SurfaceView$3@446f3760
01-22 14:31:31.323: W/ADB_SERVICES(514): create_local_service_socket() name=shell:ls -l -d /emmc@sec_ro/
01-22 14:31:31.323: W/ADB_SERVICES(514): service_to_fd() name=shell:ls -l -d /emmc@sec_ro/
01-22 14:31:31.323: W/ADB_SERVICES(514): read_meminfo() mem_free=35012
01-22 14:31:31.324: W/ADB_SERVICES(514): create_subprocess() ret_fd=42 pid=30802
01-22 14:31:31.324: W/ADB_SERVICES(514): LS(11403): bound to 'shell:ls -l -d /emmc@sec_ro/' via 42
01-22 14:31:31.338: I/SurfaceView(27441): updateWindow -- OnPreDrawListener, mHaveFrame = true, this = android.view.SurfaceView$3@446f3760
01-22 14:31:31.339: I/BufferQueue(144): [FrameBufferSurface_0](this:0xb8d3c848,id:0,api:1,p:144,c:144) [queue] fps:59.93, dur:1001.12, max:17.56, min:14.78
01-22 14:31:31.339: I/SurfaceFlinger(144): [Built-in Screen (type:0)] fps:59.932522,dur:1001.13,max:17.55,min:14.78
01-22 14:31:31.340: W/ADB_SERVICES(514): entered. LS(11403) fd=42
01-22 14:31:31.355: I/SurfaceView(27441): updateWindow -- OnPreDrawListener, mHaveFrame = true, this = android.view.SurfaceView$3@446f3760
01-22 14:31:31.363: W/ADB_SERVICES(514): create_local_service_socket() name=shell:ls -l -d /emmc@usrdata/
01-22 14:31:31.363: W/ADB_SERVICES(514): service_to_fd() name=shell:ls -l -d /emmc@usrdata/
01-22 14:31:31.363: W/ADB_SERVICES(514): read_meminfo() mem_free=35028
01-22 14:31:31.364: W/ADB_SERVICES(514): create_subprocess() ret_fd=42 pid=30803
01-22 14:31:31.364: W/ADB_SERVICES(514): LS(11404): bound to 'shell:ls -l -d /emmc@usrdata/' via 42
01-22 14:31:31.371: I/SurfaceView(27441): updateWindow -- OnPreDrawListener, mHaveFrame = true, this = android.view.SurfaceView$3@446f3760
01-22 14:31:31.377: W/ADB_SERVICES(514): entered. LS(11404) fd=42
01-22 14:31:31.388: I/SurfaceView(27441): updateWindow -- OnPreDrawListener, mHaveFrame = true, this = android.view.SurfaceView$3@446f3760
01-22 14:31:31.388: I/BufferQueue(144): [com.pplive.tvplayer/com.pplive.tvplayer.player.video.VideoPlayerActivity](this:0xb8d504a8,id:768,api:1,p:27441,c:144) [release] fps:59.92, dur:1001.32, max:17.62, min:14.76
01-22 14:31:31.405: I/SurfaceView(27441): updateWindow -- OnPreDrawListener, mHaveFrame = true, this = android.view.SurfaceView$3@446f3760
01-22 14:31:31.421: I/SurfaceView(27441): updateWindow -- OnPreDrawListener, mHaveFrame = true, this = android.view.SurfaceView$3@446f3760
01-22 14:31:31.439: I/SurfaceView(27441): updateWindow -- OnPreDrawListener, mHaveFrame = true, this = android.view.SurfaceView$3@446f3760
01-22 14:31:31.455: I/SurfaceView(27441): updateWindow -- OnPreDrawListener, mHaveFrame = true, this = android.view.SurfaceView$3@446f3760
01-22 14:31:31.471: I/SurfaceView(27441): updateWindow -- OnPreDrawListener, mHaveFrame = true, this = android.view.SurfaceView$3@446f3760
01-22 14:31:31.479: I/WifiStateMachine(613): fetchRssiAndLinkSpeedNative, newRssi:-57, newLinkSpeed:108, SSID:"PPTV QA"
01-22 14:31:31.488: I/SurfaceView(27441): updateWindow -- OnPreDrawListener, mHaveFrame = true, this = android.view.SurfaceView$3@446f3760
01-22 14:31:31.505: I/SurfaceView(27441): updateWindow -- OnPreDrawListener, mHaveFrame = true, this = android.view.SurfaceView$3@446f3760
01-22 14:31:31.521: I/SurfaceView(27441): updateWindow -- OnPreDrawListener, mHaveFrame = true, this = android.view.SurfaceView$3@446f3760
01-22 14:31:31.540: I/SurfaceView(27441): updateWindow -- OnPreDrawListener, mHaveFrame = true, this = android.view.SurfaceView$3@446f3760
01-22 14:31:31.555: I/SurfaceView(27441): updateWindow -- OnPreDrawListener, mHaveFrame = true, this = android.view.SurfaceView$3@446f3760
01-22 14:31:31.572: I/SurfaceView(27441): updateWindow -- OnPreDrawListener, mHaveFrame = true, this = android.view.SurfaceView$3@446f3760
01-22 14:31:31.588: I/SurfaceView(27441): updateWindow -- OnPreDrawListener, mHaveFrame = true, this = android.view.SurfaceView$3@446f3760
01-22 14:31:31.605: I/SurfaceView(27441): updateWindow -- OnPreDrawListener, mHaveFrame = true, this = android.view.SurfaceView$3@446f3760
01-22 14:31:31.622: I/SurfaceView(27441): updateWindow -- OnPreDrawListener, mHaveFrame = true, this = android.view.SurfaceView$3@446f3760
01-22 14:31:31.638: I/SurfaceView(27441): updateWindow -- OnPreDrawListener, mHaveFrame = true, this = android.view.SurfaceView$3@446f3760
01-22 14:31:31.655: I/SurfaceView(27441): updateWindow -- OnPreDrawListener, mHaveFrame = true, this = android.view.SurfaceView$3@446f3760
01-22 14:31:31.672: I/SurfaceView(27441): updateWindow -- OnPreDrawListener, mHaveFrame = true, this = android.view.SurfaceView$3@446f3760
01-22 14:31:31.688: I/SurfaceView(27441): updateWindow -- OnPreDrawListener, mHaveFrame = true, this = android.view.SurfaceView$3@446f3760
01-22 14:31:31.705: I/SurfaceView(27441): updateWindow -- OnPreDrawListener, mHaveFrame = true, this = android.view.SurfaceView$3@446f3760
01-22 14:31:31.722: I/SurfaceView(27441): updateWindow -- OnPreDrawListener, mHaveFrame = true, this = android.view.SurfaceView$3@446f3760
01-22 14:31:31.738: I/SurfaceView(27441): updateWindow -- OnPreDrawListener, mHaveFrame = true, this = android.view.SurfaceView$3@446f3760
01-22 14:31:31.755: I/SurfaceView(27441): updateWindow -- OnPreDrawListener, mHaveFrame = true, this = android.view.SurfaceView$3@446f3760
01-22 14:31:31.772: I/SurfaceView(27441): updateWindow -- OnPreDrawListener, mHaveFrame = true, this = android.view.SurfaceView$3@446f3760
01-22 14:31:31.787: I/ANRManager(613): updateProcessStats
01-22 14:31:31.789: I/SurfaceView(27441): updateWindow -- OnPreDrawListener, mHaveFrame = true, this = android.view.SurfaceView$3@446f3760
01-22 14:31:31.805: I/SurfaceView(27441): updateWindow -- OnPreDrawListener, mHaveFrame = true, this = android.view.SurfaceView$3@446f3760
01-22 14:31:31.822: I/SurfaceView(27441): updateWindow -- OnPreDrawListener, mHaveFrame = true, this = android.view.SurfaceView$3@446f3760
01-22 14:31:31.839: I/SurfaceView(27441): updateWindow -- OnPreDrawListener, mHaveFrame = true, this = android.view.SurfaceView$3@446f3760
01-22 14:31:31.855: I/SurfaceView(27441): updateWindow -- OnPreDrawListener, mHaveFrame = true, this = android.view.SurfaceView$3@446f3760
01-22 14:31:31.872: I/SurfaceView(27441): updateWindow -- OnPreDrawListener, mHaveFrame = true, this = android.view.SurfaceView$3@446f3760
01-22 14:31:31.889: I/SurfaceView(27441): updateWindow -- OnPreDrawListener, mHaveFrame = true, this = android.view.SurfaceView$3@446f3760
01-22 14:31:31.905: I/SurfaceView(27441): updateWindow -- OnPreDrawListener, mHaveFrame = true, this = android.view.SurfaceView$3@446f3760
01-22 14:31:31.922: I/SurfaceView(27441): updateWindow -- OnPreDrawListener, mHaveFrame = true, this = android.view.SurfaceView$3@446f3760
01-22 14:31:31.939: I/SurfaceView(27441): updateWindow -- OnPreDrawListener, mHaveFrame = true, this = android.view.SurfaceView$3@446f3760
01-22 14:31:31.956: I/SurfaceView(27441): updateWindow -- OnPreDrawListener, mHaveFrame = true, this = android.view.SurfaceView$3@446f3760
01-22 14:31:31.972: I/SurfaceView(27441): updateWindow -- OnPreDrawListener, mHaveFrame = true, this = android.view.SurfaceView$3@446f3760
01-22 14:31:31.989: I/SurfaceView(27441): updateWindow -- OnPreDrawListener, mHaveFrame = true, this = android.view.SurfaceView$3@446f3760
01-22 14:31:32.005: I/SurfaceView(27441): updateWindow -- OnPreDrawListener, mHaveFrame = true, this = android.view.SurfaceView$3@446f3760
01-22 14:31:32.022: I/SurfaceView(27441): updateWindow -- OnPreDrawListener, mHaveFrame = true, this = android.view.SurfaceView$3@446f3760
01-22 14:31:32.039: I/SurfaceView(27441): updateWindow -- OnPreDrawListener, mHaveFrame = true, this = android.view.SurfaceView$3@446f3760
01-22 14:31:32.056: I/SurfaceView(27441): updateWindow -- OnPreDrawListener, mHaveFrame = true, this = android.view.SurfaceView$3@446f3760
01-22 14:31:32.072: I/SurfaceView(27441): updateWindow -- OnPreDrawListener, mHaveFrame = true, this = android.view.SurfaceView$3@446f3760
01-22 14:31:32.089: I/SurfaceView(27441): updateWindow -- OnPreDrawListener, mHaveFrame = true, this = android.view.SurfaceView$3@446f3760
01-22 14:31:32.106: I/SurfaceView(27441): updateWindow -- OnPreDrawListener, mHaveFrame = true, this = android.view.SurfaceView$3@446f3760
01-22 14:31:32.122: I/SurfaceView(27441): updateWindow -- OnPreDrawListener, mHaveFrame = true, this = android.view.SurfaceView$3@446f3760
01-22 14:31:32.139: I/SurfaceView(27441): updateWindow -- OnPreDrawListener, mHaveFrame = true, this = android.view.SurfaceView$3@446f3760
01-22 14:31:32.156: I/BufferQueue(144): [SurfaceView](this:0xb8d4bc90,id:769,api:2,p:27441,c:144) [release] fps:23.98, dur:1000.97, max:66.91, min:16.48
01-22 14:31:32.156: I/SurfaceView(27441): updateWindow -- OnPreDrawListener, mHaveFrame = true, this = android.view.SurfaceView$3@446f3760
01-22 14:31:32.162: I/BufferQueue(144): [com.pplive.tvplayer/com.pplive.tvplayer.player.video.VideoPlayerActivity](this:0xb8d504a8,id:768,api:1,p:27441,c:144) [queue] fps:60.42, dur:1009.59, max:25.53, min:9.12
01-22 14:31:32.172: I/SurfaceView(27441): updateWindow -- OnPreDrawListener, mHaveFrame = true, this = android.view.SurfaceView$3@446f3760
01-22 14:31:32.189: I/SurfaceView(27441): updateWindow -- OnPreDrawListener, mHaveFrame = true, this = android.view.SurfaceView$3@446f3760
01-22 14:31:32.206: I/SurfaceView(27441): updateWindow -- OnPreDrawListener, mHaveFrame = true, this = android.view.SurfaceView$3@446f3760
01-22 14:31:32.222: I/SurfaceView(27441): updateWindow -- OnPreDrawListener, mHaveFrame = true, this = android.view.SurfaceView$3@446f3760
01-22 14:31:32.239: I/SurfaceView(27441): updateWindow -- OnPreDrawListener, mHaveFrame = true, this = android.view.SurfaceView$3@446f3760
01-22 14:31:32.240: I/BufferQueue(144): [FrameBufferSurface_0](this:0xb8d3c848,id:0,api:1,p:144,c:144) [release] fps:59.97, dur:1000.45, max:17.40, min:15.96
01-22 14:31:32.256: I/SurfaceView(27441): updateWindow -- OnPreDrawListener, mHaveFrame = true, this = android.view.SurfaceView$3@446f3760
01-22 14:31:32.272: I/SurfaceView(27441): updateWindow -- OnPreDrawListener, mHaveFrame = true, this = android.view.SurfaceView$3@446f3760
01-22 14:31:32.289: I/SurfaceView(27441): updateWindow -- OnPreDrawListener, mHaveFrame = true, this = android.view.SurfaceView$3@446f3760
01-22 14:31:32.300: I/BufferQueue(144): [SurfaceView](this:0xb8d4bc90,id:769,api:2,p:27441,c:144) [queue] fps:23.41, dur:1067.74, max:78.64, min:9.69
01-22 14:31:32.306: I/SurfaceView(27441): updateWindow -- OnPreDrawListener, mHaveFrame = true, this = android.view.SurfaceView$3@446f3760
01-22 14:31:32.322: I/SurfaceView(27441): updateWindow -- OnPreDrawListener, mHaveFrame = true, this = android.view.SurfaceView$3@446f3760
01-22 14:31:32.339: I/SurfaceView(27441): updateWindow -- OnPreDrawListener, mHaveFrame = true, this = android.view.SurfaceView$3@446f3760
01-22 14:31:32.341: I/BufferQueue(144): [FrameBufferSurface_0](this:0xb8d3c848,id:0,api:1,p:144,c:144) [queue] fps:59.90, dur:1001.61, max:17.40, min:15.95
01-22 14:31:32.341: I/SurfaceFlinger(144): [Built-in Screen (type:0)] fps:59.902710,dur:1001.62,max:17.39,min:15.97
01-22 14:31:32.356: I/SurfaceView(27441): updateWindow -- OnPreDrawListener, mHaveFrame = true, this = android.view.SurfaceView$3@446f3760
01-22 14:31:32.373: I/SurfaceView(27441): updateWindow -- OnPreDrawListener, mHaveFrame = true, this = android.view.SurfaceView$3@446f3760
01-22 14:31:32.389: I/SurfaceView(27441): updateWindow -- OnPreDrawListener, mHaveFrame = true, this = android.view.SurfaceView$3@446f3760
01-22 14:31:32.389: I/BufferQueue(144): [com.pplive.tvplayer/com.pplive.tvplayer.player.video.VideoPlayerActivity](this:0xb8d504a8,id:768,api:1,p:27441,c:144) [release] fps:59.96, dur:1000.72, max:17.35, min:15.94
01-22 14:31:32.406: I/SurfaceView(27441): updateWindow -- OnPreDrawListener, mHaveFrame = true, this = android.view.SurfaceView$3@446f3760
01-22 14:31:32.422: I/SurfaceView(27441): updateWindow -- OnPreDrawListener, mHaveFrame = true, this = android.view.SurfaceView$3@446f3760
01-22 14:31:32.439: I/SurfaceView(27441): updateWindow -- OnPreDrawListener, mHaveFrame = true, this = android.view.SurfaceView$3@446f3760
01-22 14:31:32.456: I/SurfaceView(27441): updateWindow -- OnPreDrawListener, mHaveFrame = true, this = android.view.SurfaceView$3@446f3760
01-22 14:31:32.473: I/SurfaceView(27441): updateWindow -- OnPreDrawListener, mHaveFrame = true, this = android.view.SurfaceView$3@446f3760
01-22 14:31:32.490: I/SurfaceView(27441): updateWindow -- OnPreDrawListener, mHaveFrame = true, this = android.view.SurfaceView$3@446f3760
01-22 14:31:32.507: I/SurfaceView(27441): updateWindow -- OnPreDrawListener, mHaveFrame = true, this = android.view.SurfaceView$3@446f3760
01-22 14:31:32.523: I/SurfaceView(27441): updateWindow -- OnPreDrawListener, mHaveFrame = true, this = android.view.SurfaceView$3@446f3760
01-22 14:31:32.539: I/SurfaceView(27441): updateWindow -- OnPreDrawListener, mHaveFrame = true, this = android.view.SurfaceView$3@446f3760
01-22 14:31:32.556: I/SurfaceView(27441): updateWindow -- OnPreDrawListener, mHaveFrame = true, this = android.view.SurfaceView$3@446f3760
01-22 14:31:32.573: I/SurfaceView(27441): updateWindow -- OnPreDrawListener, mHaveFrame = true, this = android.view.SurfaceView$3@446f3760
01-22 14:31:32.589: I/SurfaceView(27441): updateWindow -- OnPreDrawListener, mHaveFrame = true, this = android.view.SurfaceView$3@446f3760
01-22 14:31:32.606: I/SurfaceView(27441): updateWindow -- OnPreDrawListener, mHaveFrame = true, this = android.view.SurfaceView$3@446f3760
01-22 14:31:32.625: I/SurfaceView(27441): updateWindow -- OnPreDrawListener, mHaveFrame = true, this = android.view.SurfaceView$3@446f3760
01-22 14:31:32.640: I/SurfaceView(27441): updateWindow -- OnPreDrawListener, mHaveFrame = true, this = android.view.SurfaceView$3@446f3760
01-22 14:31:32.657: I/SurfaceView(27441): updateWindow -- OnPreDrawListener, mHaveFrame = true, this = android.view.SurfaceView$3@446f3760
01-22 14:31:32.673: I/SurfaceView(27441): updateWindow -- OnPreDrawListener, mHaveFrame = true, this = android.view.SurfaceView$3@446f3760
01-22 14:31:32.689: I/SurfaceView(27441): updateWindow -- OnPreDrawListener, mHaveFrame = true, this = android.view.SurfaceView$3@446f3760
01-22 14:31:32.706: I/SurfaceView(27441): updateWindow -- OnPreDrawListener, mHaveFrame = true, this = android.view.SurfaceView$3@446f3760
01-22 14:31:32.723: I/SurfaceView(27441): updateWindow -- OnPreDrawListener, mHaveFrame = true, this = android.view.SurfaceView$3@446f3760
01-22 14:31:32.730: I/PowerManagerService(613): setBrightness mButtonLight 0.
01-22 14:31:32.733: I/FrameworkListener(140): onDataAvailable get 30 bytes 
01-22 14:31:32.743: I/SurfaceView(27441): updateWindow -- OnPreDrawListener, mHaveFrame = true, this = android.view.SurfaceView$3@446f3760
01-22 14:31:32.747: W/NetworkStatsRecorder(613): unknown interfaces [lo, p2p0], ignoring those stats
01-22 14:31:32.747: W/NetworkStatsRecorder(613): unknown interfaces [lo, p2p0], ignoring those stats
01-22 14:31:32.750: W/NetworkStatsRecorder(613): unknown interfaces [lo, p2p0], ignoring those stats
01-22 14:31:32.751: W/NetworkStatsRecorder(613): unknown interfaces [lo, p2p0], ignoring those stats
01-22 14:31:32.757: I/SurfaceView(27441): updateWindow -- OnPreDrawListener, mHaveFrame = true, this = android.view.SurfaceView$3@446f3760
01-22 14:31:32.773: I/SurfaceView(27441): updateWindow -- OnPreDrawListener, mHaveFrame = true, this = android.view.SurfaceView$3@446f3760
01-22 14:31:32.790: I/SurfaceView(27441): updateWindow -- OnPreDrawListener, mHaveFrame = true, this = android.view.SurfaceView$3@446f3760
01-22 14:31:32.806: I/SurfaceView(27441): updateWindow -- OnPreDrawListener, mHaveFrame = true, this = android.view.SurfaceView$3@446f3760
01-22 14:31:32.823: I/SurfaceView(27441): updateWindow -- OnPreDrawListener, mHaveFrame = true, this = android.view.SurfaceView$3@446f3760
01-22 14:31:32.840: I/SurfaceView(27441): updateWindow -- OnPreDrawListener, mHaveFrame = true, this = android.view.SurfaceView$3@446f3760
01-22 14:31:32.854: I/PowerManagerService(613): setBrightness mButtonLight 0.
01-22 14:31:32.855: I/FrameworkListener(140): onDataAvailable get 38 bytes 
01-22 14:31:32.859: I/SurfaceView(27441): updateWindow -- OnPreDrawListener, mHaveFrame = true, this = android.view.SurfaceView$3@446f3760
01-22 14:31:32.873: I/SurfaceView(27441): updateWindow -- OnPreDrawListener, mHaveFrame = true, this = android.view.SurfaceView$3@446f3760
01-22 14:31:32.890: I/SurfaceView(27441): updateWindow -- OnPreDrawListener, mHaveFrame = true, this = android.view.SurfaceView$3@446f3760
01-22 14:31:32.906: I/SurfaceView(27441): updateWindow -- OnPreDrawListener, mHaveFrame = true, this = android.view.SurfaceView$3@446f3760
01-22 14:31:32.932: I/SurfaceView(27441): updateWindow -- OnPreDrawListener, mHaveFrame = true, this = android.view.SurfaceView$3@446f3760
01-22 14:31:32.940: I/SurfaceView(27441): updateWindow -- OnPreDrawListener, mHaveFrame = true, this = android.view.SurfaceView$3@446f3760
01-22 14:31:32.956: I/SurfaceView(27441): updateWindow -- OnPreDrawListener, mHaveFrame = true, this = android.view.SurfaceView$3@446f3760
01-22 14:31:32.973: I/SurfaceView(27441): updateWindow -- OnPreDrawListener, mHaveFrame = true, this = android.view.SurfaceView$3@446f3760
01-22 14:31:32.993: I/SurfaceView(27441): updateWindow -- OnPreDrawListener, mHaveFrame = true, this = android.view.SurfaceView$3@446f3760
01-22 14:31:33.007: I/SurfaceView(27441): updateWindow -- OnPreDrawListener, mHaveFrame = true, this = android.view.SurfaceView$3@446f3760
01-22 14:31:33.023: I/SurfaceView(27441): updateWindow -- OnPreDrawListener, mHaveFrame = true, this = android.view.SurfaceView$3@446f3760
01-22 14:31:33.040: I/SurfaceView(27441): updateWindow -- OnPreDrawListener, mHaveFrame = true, this = android.view.SurfaceView$3@446f3760
01-22 14:31:33.057: I/SurfaceView(27441): updateWindow -- OnPreDrawListener, mHaveFrame = true, this = android.view.SurfaceView$3@446f3760
01-22 14:31:33.073: I/SurfaceView(27441): updateWindow -- OnPreDrawListener, mHaveFrame = true, this = android.view.SurfaceView$3@446f3760
01-22 14:31:33.090: I/SurfaceView(27441): updateWindow -- OnPreDrawListener, mHaveFrame = true, this = android.view.SurfaceView$3@446f3760
01-22 14:31:33.106: I/SurfaceView(27441): updateWindow -- OnPreDrawListener, mHaveFrame = true, this = android.view.SurfaceView$3@446f3760
01-22 14:31:33.123: I/SurfaceView(27441): updateWindow -- OnPreDrawListener, mHaveFrame = true, this = android.view.SurfaceView$3@446f3760
01-22 14:31:33.141: I/SurfaceView(27441): updateWindow -- OnPreDrawListener, mHaveFrame = true, this = android.view.SurfaceView$3@446f3760
01-22 14:31:33.157: I/BufferQueue(144): [SurfaceView](this:0xb8d4bc90,id:769,api:2,p:27441,c:144) [release] fps:24.97, dur:1001.09, max:83.34, min:16.51
01-22 14:31:33.157: I/SurfaceView(27441): updateWindow -- OnPreDrawListener, mHaveFrame = true, this = android.view.SurfaceView$3@446f3760
01-22 14:31:33.165: I/BufferQueue(144): [com.pplive.tvplayer/com.pplive.tvplayer.player.video.VideoPlayerActivity](this:0xb8d504a8,id:768,api:1,p:27441,c:144) [queue] fps:59.82, dur:1002.93, max:26.17, min:8.70
01-22 14:31:33.173: I/SurfaceView(27441): updateWindow -- OnPreDrawListener, mHaveFrame = true, this = android.view.SurfaceView$3@446f3760
01-22 14:31:33.192: I/SurfaceView(27441): updateWindow -- OnPreDrawListener, mHaveFrame = true, this = android.view.SurfaceView$3@446f3760
01-22 14:31:33.207: I/SurfaceView(27441): updateWindow -- OnPreDrawListener, mHaveFrame = true, this = android.view.SurfaceView$3@446f3760
01-22 14:31:33.223: I/SurfaceView(27441): updateWindow -- OnPreDrawListener, mHaveFrame = true, this = android.view.SurfaceView$3@446f3760
01-22 14:31:33.240: I/SurfaceView(27441): updateWindow -- OnPreDrawListener, mHaveFrame = true, this = android.view.SurfaceView$3@446f3760
01-22 14:31:33.241: I/BufferQueue(144): [FrameBufferSurface_0](this:0xb8d3c848,id:0,api:1,p:144,c:144) [release] fps:59.95, dur:1000.75, max:17.63, min:15.68
01-22 14:31:33.258: I/SurfaceView(27441): updateWindow -- OnPreDrawListener, mHaveFrame = true, this = android.view.SurfaceView$3@446f3760
01-22 14:31:33.274: I/SurfaceView(27441): updateWindow -- OnPreDrawListener, mHaveFrame = true, this = android.view.SurfaceView$3@446f3760
01-22 14:31:33.290: I/SurfaceView(27441): updateWindow -- OnPreDrawListener, mHaveFrame = true, this = android.view.SurfaceView$3@446f3760
01-22 14:31:33.307: I/SurfaceView(27441): updateWindow -- OnPreDrawListener, mHaveFrame = true, this = android.view.SurfaceView$3@446f3760
01-22 14:31:33.323: I/SurfaceView(27441): updateWindow -- OnPreDrawListener, mHaveFrame = true, this = android.view.SurfaceView$3@446f3760
01-22 14:31:33.340: I/SurfaceView(27441): updateWindow -- OnPreDrawListener, mHaveFrame = true, this = android.view.SurfaceView$3@446f3760
01-22 14:31:33.341: I/BufferQueue(144): [FrameBufferSurface_0](this:0xb8d3c848,id:0,api:1,p:144,c:144) [queue] fps:59.97, dur:1000.58, max:17.63, min:15.67
01-22 14:31:33.341: I/SurfaceFlinger(144): [Built-in Screen (type:0)] fps:59.965446,dur:1000.58,max:17.63,min:15.67
01-22 14:31:33.357: I/SurfaceView(27441): updateWindow -- OnPreDrawListener, mHaveFrame = true, this = android.view.SurfaceView$3@446f3760
01-22 14:31:33.358: I/BufferQueue(144): [SurfaceView](this:0xb8d4bc90,id:769,api:2,p:27441,c:144) [queue] fps:24.59, dur:1057.15, max:100.35, min:10.19
01-22 14:31:33.376: I/SurfaceView(27441): updateWindow -- OnPreDrawListener, mHaveFrame = true, this = android.view.SurfaceView$3@446f3760
01-22 14:31:33.390: I/BufferQueue(144): [com.pplive.tvplayer/com.pplive.tvplayer.player.video.VideoPlayerActivity](this:0xb8d504a8,id:768,api:1,p:27441,c:144) [release] fps:59.94, dur:1001.04, max:17.63, min:15.80
01-22 14:31:33.390: I/SurfaceView(27441): updateWindow -- OnPreDrawListener, mHaveFrame = true, this = android.view.SurfaceView$3@446f3760
01-22 14:31:33.407: I/SurfaceView(27441): updateWindow -- OnPreDrawListener, mHaveFrame = true, this = android.view.SurfaceView$3@446f3760
01-22 14:31:33.424: I/SurfaceView(27441): updateWindow -- OnPreDrawListener, mHaveFrame = true, this = android.view.SurfaceView$3@446f3760
01-22 14:31:33.447: I/SurfaceView(27441): updateWindow -- OnPreDrawListener, mHaveFrame = true, this = android.view.SurfaceView$3@446f3760
01-22 14:31:33.457: I/SurfaceView(27441): updateWindow -- OnPreDrawListener, mHaveFrame = true, this = android.view.SurfaceView$3@446f3760
01-22 14:31:33.474: I/SurfaceView(27441): updateWindow -- OnPreDrawListener, mHaveFrame = true, this = android.view.SurfaceView$3@446f3760
01-22 14:31:33.491: I/SurfaceView(27441): updateWindow -- OnPreDrawListener, mHaveFrame = true, this = android.view.SurfaceView$3@446f3760
01-22 14:31:33.507: I/SurfaceView(27441): updateWindow -- OnPreDrawListener, mHaveFrame = true, this = android.view.SurfaceView$3@446f3760
01-22 14:31:33.523: I/SurfaceView(27441): updateWindow -- OnPreDrawListener, mHaveFrame = true, this = android.view.SurfaceView$3@446f3760
01-22 14:31:33.540: I/SurfaceView(27441): updateWindow -- OnPreDrawListener, mHaveFrame = true, this = android.view.SurfaceView$3@446f3760
01-22 14:31:33.557: I/SurfaceView(27441): updateWindow -- OnPreDrawListener, mHaveFrame = true, this = android.view.SurfaceView$3@446f3760
01-22 14:31:33.573: I/SurfaceView(27441): updateWindow -- OnPreDrawListener, mHaveFrame = true, this = android.view.SurfaceView$3@446f3760
01-22 14:31:33.590: I/SurfaceView(27441): updateWindow -- OnPreDrawListener, mHaveFrame = true, this = android.view.SurfaceView$3@446f3760
01-22 14:31:33.607: I/SurfaceView(27441): updateWindow -- OnPreDrawListener, mHaveFrame = true, this = android.view.SurfaceView$3@446f3760
01-22 14:31:33.624: I/SurfaceView(27441): updateWindow -- OnPreDrawListener, mHaveFrame = true, this = android.view.SurfaceView$3@446f3760
01-22 14:31:33.640: I/SurfaceView(27441): updateWindow -- OnPreDrawListener, mHaveFrame = true, this = android.view.SurfaceView$3@446f3760
01-22 14:31:33.657: I/SurfaceView(27441): updateWindow -- OnPreDrawListener, mHaveFrame = true, this = android.view.SurfaceView$3@446f3760
01-22 14:31:33.674: I/SurfaceView(27441): updateWindow -- OnPreDrawListener, mHaveFrame = true, this = android.view.SurfaceView$3@446f3760
01-22 14:31:33.691: I/SurfaceView(27441): updateWindow -- OnPreDrawListener, mHaveFrame = true, this = android.view.SurfaceView$3@446f3760
01-22 14:31:33.707: I/SurfaceView(27441): updateWindow -- OnPreDrawListener, mHaveFrame = true, this = android.view.SurfaceView$3@446f3760
01-22 14:31:33.728: I/SurfaceView(27441): updateWindow -- OnPreDrawListener, mHaveFrame = true, this = android.view.SurfaceView$3@446f3760
01-22 14:31:33.744: I/SurfaceView(27441): updateWindow -- OnPreDrawListener, mHaveFrame = true, this = android.view.SurfaceView$3@446f3760
01-22 14:31:33.757: I/SurfaceView(27441): updateWindow -- OnPreDrawListener, mHaveFrame = true, this = android.view.SurfaceView$3@446f3760
01-22 14:31:33.774: I/SurfaceView(27441): updateWindow -- OnPreDrawListener, mHaveFrame = true, this = android.view.SurfaceView$3@446f3760
01-22 14:31:33.790: I/SurfaceView(27441): updateWindow -- OnPreDrawListener, mHaveFrame = true, this = android.view.SurfaceView$3@446f3760
01-22 14:31:33.807: I/SurfaceView(27441): updateWindow -- OnPreDrawListener, mHaveFrame = true, this = android.view.SurfaceView$3@446f3760
01-22 14:31:33.824: I/SurfaceView(27441): updateWindow -- OnPreDrawListener, mHaveFrame = true, this = android.view.SurfaceView$3@446f3760
01-22 14:31:33.840: I/SurfaceView(27441): updateWindow -- OnPreDrawListener, mHaveFrame = true, this = android.view.SurfaceView$3@446f3760
01-22 14:31:33.857: I/SurfaceView(27441): updateWindow -- OnPreDrawListener, mHaveFrame = true, this = android.view.SurfaceView$3@446f3760
01-22 14:31:33.875: I/SurfaceView(27441): updateWindow -- OnPreDrawListener, mHaveFrame = true, this = android.view.SurfaceView$3@446f3760
01-22 14:31:33.935: I/SurfaceView(27441): updateWindow -- OnPreDrawListener, mHaveFrame = true, this = android.view.SurfaceView$3@446f3760
01-22 14:31:33.944: I/SurfaceView(27441): updateWindow -- OnPreDrawListener, mHaveFrame = true, this = android.view.SurfaceView$3@446f3760
01-22 14:31:33.957: I/SurfaceView(27441): updateWindow -- OnPreDrawListener, mHaveFrame = true, this = android.view.SurfaceView$3@446f3760
01-22 14:31:33.974: I/SurfaceView(27441): updateWindow -- OnPreDrawListener, mHaveFrame = true, this = android.view.SurfaceView$3@446f3760
01-22 14:31:33.991: I/SurfaceView(27441): updateWindow -- OnPreDrawListener, mHaveFrame = true, this = android.view.SurfaceView$3@446f3760
01-22 14:31:34.007: I/SurfaceView(27441): updateWindow -- OnPreDrawListener, mHaveFrame = true, this = android.view.SurfaceView$3@446f3760
01-22 14:31:34.024: I/SurfaceView(27441): updateWindow -- OnPreDrawListener, mHaveFrame = true, this = android.view.SurfaceView$3@446f3760
01-22 14:31:34.041: I/SurfaceView(27441): updateWindow -- OnPreDrawListener, mHaveFrame = true, this = android.view.SurfaceView$3@446f3760
01-22 14:31:34.060: I/SurfaceView(27441): updateWindow -- OnPreDrawListener, mHaveFrame = true, this = android.view.SurfaceView$3@446f3760
01-22 14:31:34.077: I/SurfaceView(27441): updateWindow -- OnPreDrawListener, mHaveFrame = true, this = android.view.SurfaceView$3@446f3760
01-22 14:31:34.091: I/SurfaceView(27441): updateWindow -- OnPreDrawListener, mHaveFrame = true, this = android.view.SurfaceView$3@446f3760
01-22 14:31:34.108: I/SurfaceView(27441): updateWindow -- OnPreDrawListener, mHaveFrame = true, this = android.view.SurfaceView$3@446f3760
01-22 14:31:34.124: I/SurfaceView(27441): updateWindow -- OnPreDrawListener, mHaveFrame = true, this = android.view.SurfaceView$3@446f3760
01-22 14:31:34.141: I/SurfaceView(27441): updateWindow -- OnPreDrawListener, mHaveFrame = true, this = android.view.SurfaceView$3@446f3760
01-22 14:31:34.158: I/SurfaceView(27441): updateWindow -- OnPreDrawListener, mHaveFrame = true, this = android.view.SurfaceView$3@446f3760
01-22 14:31:34.165: I/BufferQueue(144): [com.pplive.tvplayer/com.pplive.tvplayer.player.video.VideoPlayerActivity](this:0xb8d504a8,id:768,api:1,p:27441,c:144) [queue] fps:57.96, dur:1000.73, max:65.73, min:8.16
01-22 14:31:34.175: I/SurfaceView(27441): updateWindow -- OnPreDrawListener, mHaveFrame = true, this = android.view.SurfaceView$3@446f3760
01-22 14:31:34.191: I/SurfaceView(27441): updateWindow -- OnPreDrawListener, mHaveFrame = true, this = android.view.SurfaceView$3@446f3760
01-22 14:31:34.191: I/BufferQueue(144): [SurfaceView](this:0xb8d4bc90,id:769,api:2,p:27441,c:144) [release] fps:23.20, dur:1034.28, max:100.51, min:16.45
01-22 14:31:34.213: I/SurfaceView(27441): updateWindow -- OnPreDrawListener, mHaveFrame = true, this = android.view.SurfaceView$3@446f3760
01-22 14:31:34.224: I/SurfaceView(27441): updateWindow -- OnPreDrawListener, mHaveFrame = true, this = android.view.SurfaceView$3@446f3760
01-22 14:31:34.241: I/SurfaceView(27441): updateWindow -- OnPreDrawListener, mHaveFrame = true, this = android.view.SurfaceView$3@446f3760
01-22 14:31:34.242: I/BufferQueue(144): [FrameBufferSurface_0](this:0xb8d3c848,id:0,api:1,p:144,c:144) [release] fps:59.94, dur:1001.08, max:17.70, min:15.61
01-22 14:31:34.258: I/SurfaceView(27441): updateWindow -- OnPreDrawListener, mHaveFrame = true, this = android.view.SurfaceView$3@446f3760
01-22 14:31:34.274: I/SurfaceView(27441): updateWindow -- OnPreDrawListener, mHaveFrame = true, this = android.view.SurfaceView$3@446f3760
01-22 14:31:34.291: I/SurfaceView(27441): updateWindow -- OnPreDrawListener, mHaveFrame = true, this = android.view.SurfaceView$3@446f3760
01-22 14:31:34.308: I/SurfaceView(27441): updateWindow -- OnPreDrawListener, mHaveFrame = true, this = android.view.SurfaceView$3@446f3760
01-22 14:31:34.326: I/SurfaceView(27441): updateWindow -- OnPreDrawListener, mHaveFrame = true, this = android.view.SurfaceView$3@446f3760
01-22 14:31:34.341: I/SurfaceView(27441): updateWindow -- OnPreDrawListener, mHaveFrame = true, this = android.view.SurfaceView$3@446f3760
01-22 14:31:34.343: I/BufferQueue(144): [FrameBufferSurface_0](this:0xb8d3c848,id:0,api:1,p:144,c:144) [queue] fps:59.91, dur:1001.55, max:17.83, min:15.61
01-22 14:31:34.343: I/SurfaceFlinger(144): [Built-in Screen (type:0)] fps:59.907520,dur:1001.54,max:17.83,min:15.61
01-22 14:31:34.360: I/SurfaceView(27441): updateWindow -- OnPreDrawListener, mHaveFrame = true, this = android.view.SurfaceView$3@446f3760
01-22 14:31:34.374: I/SurfaceView(27441): updateWindow -- OnPreDrawListener, mHaveFrame = true, this = android.view.SurfaceView$3@446f3760
01-22 14:31:34.391: I/SurfaceView(27441): updateWindow -- OnPreDrawListener, mHaveFrame = true, this = android.view.SurfaceView$3@446f3760
01-22 14:31:34.391: I/BufferQueue(144): [com.pplive.tvplayer/com.pplive.tvplayer.player.video.VideoPlayerActivity](this:0xb8d504a8,id:768,api:1,p:27441,c:144) [release] fps:57.95, dur:1000.92, max:50.10, min:16.05
01-22 14:31:34.408: I/SurfaceView(27441): updateWindow -- OnPreDrawListener, mHaveFrame = true, this = android.view.SurfaceView$3@446f3760
01-22 14:31:34.421: I/BufferQueue(144): [SurfaceView](this:0xb8d4bc90,id:769,api:2,p:27441,c:144) [queue] fps:24.44, dur:1063.64, max:90.32, min:8.51
01-22 14:31:34.425: I/SurfaceView(27441): updateWindow -- OnPreDrawListener, mHaveFrame = true, this = android.view.SurfaceView$3@446f3760
01-22 14:31:34.441: I/SurfaceView(27441): updateWindow -- OnPreDrawListener, mHaveFrame = true, this = android.view.SurfaceView$3@446f3760
01-22 14:31:34.458: I/SurfaceView(27441): updateWindow -- OnPreDrawListener, mHaveFrame = true, this = android.view.SurfaceView$3@446f3760
01-22 14:31:34.475: I/SurfaceView(27441): updateWindow -- OnPreDrawListener, mHaveFrame = true, this = android.view.SurfaceView$3@446f3760
01-22 14:31:34.485: I/WifiStateMachine(613): fetchRssiAndLinkSpeedNative, newRssi:-57, newLinkSpeed:108, SSID:"PPTV QA"
