01-22 14:31:39.346: I/SurfaceView(27441): updateWindow -- OnPreDrawListener, mHaveFrame = true, this = android.view.SurfaceView$3@446f3760
01-22 14:31:39.363: I/SurfaceView(27441): updateWindow -- OnPreDrawListener, mHaveFrame = true, this = android.view.SurfaceView$3@446f3760
01-22 14:31:39.379: I/SurfaceView(27441): updateWindow -- OnPreDrawListener, mHaveFrame = true, this = android.view.SurfaceView$3@446f3760
01-22 14:31:39.380: I/BufferQueue(144): [FrameBufferSurface_0](this:0xb8d3c848,id:0,api:1,p:144,c:144) [queue] fps:59.05, dur:1016.09, max:33.23, min:15.47
01-22 14:31:39.380: I/SurfaceFlinger(144): [Built-in Screen (type:0)] fps:59.052917,dur:1016.04,max:33.24,min:15.46
01-22 14:31:39.396: I/SurfaceView(27441): updateWindow -- OnPreDrawListener, mHaveFrame = true, this = android.view.SurfaceView$3@446f3760
01-22 14:31:39.396: I/BufferQueue(144): [com.pplive.tvplayer/com.pplive.tvplayer.player.video.VideoPlayerActivity](this:0xb8d504a8,id:768,api:1,p:27441,c:144) [release] fps:57.95, dur:1000.82, max:33.82, min:15.37
01-22 14:31:39.414: I/SurfaceView(27441): updateWindow -- OnPreDrawListener, mHaveFrame = true, this = android.view.SurfaceView$3@446f3760
01-22 14:31:39.429: I/SurfaceView(27441): updateWindow -- OnPreDrawListener, mHaveFrame = true, this = android.view.SurfaceView$3@446f3760
01-22 14:31:39.447: I/SurfaceView(27441): updateWindow -- OnPreDrawListener, mHaveFrame = true, this = android.view.SurfaceView$3@446f3760
01-22 14:31:39.469: I/SurfaceView(27441): updateWindow -- OnPreDrawListener, mHaveFrame = true, this = android.view.SurfaceView$3@446f3760
01-22 14:31:39.479: I/SurfaceView(27441): updateWindow -- OnPreDrawListener, mHaveFrame = true, this = android.view.SurfaceView$3@446f3760
01-22 14:31:39.496: I/SurfaceView(27441): updateWindow -- OnPreDrawListener, mHaveFrame = true, this = android.view.SurfaceView$3@446f3760
01-22 14:31:39.517: I/SurfaceView(27441): updateWindow -- OnPreDrawListener, mHaveFrame = true, this = android.view.SurfaceView$3@446f3760
01-22 14:31:39.530: I/SurfaceView(27441): updateWindow -- OnPreDrawListener, mHaveFrame = true, this = android.view.SurfaceView$3@446f3760
01-22 14:31:39.547: I/SurfaceView(27441): updateWindow -- OnPreDrawListener, mHaveFrame = true, this = android.view.SurfaceView$3@446f3760
01-22 14:31:39.563: I/SurfaceView(27441): updateWindow -- OnPreDrawListener, mHaveFrame = true, this = android.view.SurfaceView$3@446f3760
01-22 14:31:39.580: I/SurfaceView(27441): updateWindow -- OnPreDrawListener, mHaveFrame = true, this = android.view.SurfaceView$3@446f3760
01-22 14:31:39.596: I/SurfaceView(27441): updateWindow -- OnPreDrawListener, mHaveFrame = true, this = android.view.SurfaceView$3@446f3760
01-22 14:31:39.613: I/SurfaceView(27441): updateWindow -- OnPreDrawListener, mHaveFrame = true, this = android.view.SurfaceView$3@446f3760
01-22 14:31:39.630: I/SurfaceView(27441): updateWindow -- OnPreDrawListener, mHaveFrame = true, this = android.view.SurfaceView$3@446f3760
01-22 14:31:39.646: I/SurfaceView(27441): updateWindow -- OnPreDrawListener, mHaveFrame = true, this = android.view.SurfaceView$3@446f3760
01-22 14:31:39.663: I/BufferQueue(144): [SurfaceView](this:0xb8d4bc90,id:769,api:2,p:27441,c:144) [queue] fps:22.86, dur:1049.77, max:92.72, min:9.73
01-22 14:31:39.663: I/SurfaceView(27441): updateWindow -- OnPreDrawListener, mHaveFrame = true, this = android.view.SurfaceView$3@446f3760
01-22 14:31:39.680: I/SurfaceView(27441): updateWindow -- OnPreDrawListener, mHaveFrame = true, this = android.view.SurfaceView$3@446f3760
01-22 14:31:39.697: I/SurfaceView(27441): updateWindow -- OnPreDrawListener, mHaveFrame = true, this = android.view.SurfaceView$3@446f3760
01-22 14:31:39.713: I/SurfaceView(27441): updateWindow -- OnPreDrawListener, mHaveFrame = true, this = android.view.SurfaceView$3@446f3760
01-22 14:31:39.730: I/SurfaceView(27441): updateWindow -- OnPreDrawListener, mHaveFrame = true, this = android.view.SurfaceView$3@446f3760
01-22 14:31:39.747: I/SurfaceView(27441): updateWindow -- OnPreDrawListener, mHaveFrame = true, this = android.view.SurfaceView$3@446f3760
01-22 14:31:39.764: I/SurfaceView(27441): updateWindow -- OnPreDrawListener, mHaveFrame = true, this = android.view.SurfaceView$3@446f3760
01-22 14:31:39.780: I/SurfaceView(27441): updateWindow -- OnPreDrawListener, mHaveFrame = true, this = android.view.SurfaceView$3@446f3760
01-22 14:31:39.797: I/SurfaceView(27441): updateWindow -- OnPreDrawListener, mHaveFrame = true, this = android.view.SurfaceView$3@446f3760
01-22 14:31:39.813: I/SurfaceView(27441): updateWindow -- OnPreDrawListener, mHaveFrame = true, this = android.view.SurfaceView$3@446f3760
01-22 14:31:39.830: I/SurfaceView(27441): updateWindow -- OnPreDrawListener, mHaveFrame = true, this = android.view.SurfaceView$3@446f3760
01-22 14:31:39.847: I/SurfaceView(27441): updateWindow -- OnPreDrawListener, mHaveFrame = true, this = android.view.SurfaceView$3@446f3760
01-22 14:31:39.863: I/SurfaceView(27441): updateWindow -- OnPreDrawListener, mHaveFrame = true, this = android.view.SurfaceView$3@446f3760
01-22 14:31:39.880: I/SurfaceView(27441): updateWindow -- OnPreDrawListener, mHaveFrame = true, this = android.view.SurfaceView$3@446f3760
01-22 14:31:39.897: I/SurfaceView(27441): updateWindow -- OnPreDrawListener, mHaveFrame = true, this = android.view.SurfaceView$3@446f3760
01-22 14:31:39.913: I/SurfaceView(27441): updateWindow -- OnPreDrawListener, mHaveFrame = true, this = android.view.SurfaceView$3@446f3760
01-22 14:31:39.931: I/SurfaceView(27441): updateWindow -- OnPreDrawListener, mHaveFrame = true, this = android.view.SurfaceView$3@446f3760
01-22 14:31:39.947: I/SurfaceView(27441): updateWindow -- OnPreDrawListener, mHaveFrame = true, this = android.view.SurfaceView$3@446f3760
01-22 14:31:39.966: I/SurfaceView(27441): updateWindow -- OnPreDrawListener, mHaveFrame = true, this = android.view.SurfaceView$3@446f3760
01-22 14:31:39.980: I/SurfaceView(27441): updateWindow -- OnPreDrawListener, mHaveFrame = true, this = android.view.SurfaceView$3@446f3760
01-22 14:31:39.997: I/SurfaceView(27441): updateWindow -- OnPreDrawListener, mHaveFrame = true, this = android.view.SurfaceView$3@446f3760
01-22 14:31:40.013: I/SurfaceView(27441): updateWindow -- OnPreDrawListener, mHaveFrame = true, this = android.view.SurfaceView$3@446f3760
01-22 14:31:40.030: I/SurfaceView(27441): updateWindow -- OnPreDrawListener, mHaveFrame = true, this = android.view.SurfaceView$3@446f3760
01-22 14:31:40.054: I/SurfaceView(27441): updateWindow -- OnPreDrawListener, mHaveFrame = true, this = android.view.SurfaceView$3@446f3760
01-22 14:31:40.064: I/SurfaceView(27441): updateWindow -- OnPreDrawListener, mHaveFrame = true, this = android.view.SurfaceView$3@446f3760
01-22 14:31:40.087: I/SurfaceView(27441): updateWindow -- OnPreDrawListener, mHaveFrame = true, this = android.view.SurfaceView$3@446f3760
01-22 14:31:40.101: I/SurfaceView(27441): updateWindow -- OnPreDrawListener, mHaveFrame = true, this = android.view.SurfaceView$3@446f3760
01-22 14:31:40.114: I/SurfaceView(27441): updateWindow -- OnPreDrawListener, mHaveFrame = true, this = android.view.SurfaceView$3@446f3760
01-22 14:31:40.130: I/SurfaceView(27441): updateWindow -- OnPreDrawListener, mHaveFrame = true, this = android.view.SurfaceView$3@446f3760
01-22 14:31:40.147: I/SurfaceView(27441): updateWindow -- OnPreDrawListener, mHaveFrame = true, this = android.view.SurfaceView$3@446f3760
01-22 14:31:40.164: I/SurfaceView(27441): updateWindow -- OnPreDrawListener, mHaveFrame = true, this = android.view.SurfaceView$3@446f3760
01-22 14:31:40.180: I/SurfaceView(27441): updateWindow -- OnPreDrawListener, mHaveFrame = true, this = android.view.SurfaceView$3@446f3760
01-22 14:31:40.197: I/SurfaceView(27441): updateWindow -- OnPreDrawListener, mHaveFrame = true, this = android.view.SurfaceView$3@446f3760
01-22 14:31:40.214: I/SurfaceView(27441): updateWindow -- OnPreDrawListener, mHaveFrame = true, this = android.view.SurfaceView$3@446f3760
01-22 14:31:40.219: I/BufferQueue(144): [com.pplive.tvplayer/com.pplive.tvplayer.player.video.VideoPlayerActivity](this:0xb8d504a8,id:768,api:1,p:27441,c:144) [queue] fps:60.31, dur:1011.45, max:33.33, min:4.57
01-22 14:31:40.230: I/SurfaceView(27441): updateWindow -- OnPreDrawListener, mHaveFrame = true, this = android.view.SurfaceView$3@446f3760
01-22 14:31:40.247: I/SurfaceView(27441): updateWindow -- OnPreDrawListener, mHaveFrame = true, this = android.view.SurfaceView$3@446f3760
01-22 14:31:40.264: I/SurfaceView(27441): updateWindow -- OnPreDrawListener, mHaveFrame = true, this = android.view.SurfaceView$3@446f3760
01-22 14:31:40.265: I/BufferQueue(144): [FrameBufferSurface_0](this:0xb8d3c848,id:0,api:1,p:144,c:144) [release] fps:59.90, dur:1001.59, max:18.07, min:15.47
01-22 14:31:40.280: I/SurfaceView(27441): updateWindow -- OnPreDrawListener, mHaveFrame = true, this = android.view.SurfaceView$3@446f3760
01-22 14:31:40.297: I/SurfaceView(27441): updateWindow -- OnPreDrawListener, mHaveFrame = true, this = android.view.SurfaceView$3@446f3760
01-22 14:31:40.314: I/SurfaceView(27441): updateWindow -- OnPreDrawListener, mHaveFrame = true, this = android.view.SurfaceView$3@446f3760
01-22 14:31:40.330: I/SurfaceView(27441): updateWindow -- OnPreDrawListener, mHaveFrame = true, this = android.view.SurfaceView$3@446f3760
01-22 14:31:40.330: I/BufferQueue(144): [SurfaceView](this:0xb8d4bc90,id:769,api:2,p:27441,c:144) [release] fps:23.22, dur:1033.71, max:83.46, min:16.24
01-22 14:31:40.347: I/SurfaceView(27441): updateWindow -- OnPreDrawListener, mHaveFrame = true, this = android.view.SurfaceView$3@446f3760
01-22 14:31:40.364: I/SurfaceView(27441): updateWindow -- OnPreDrawListener, mHaveFrame = true, this = android.view.SurfaceView$3@446f3760
01-22 14:31:40.380: I/SurfaceView(27441): updateWindow -- OnPreDrawListener, mHaveFrame = true, this = android.view.SurfaceView$3@446f3760
01-22 14:31:40.382: I/BufferQueue(144): [FrameBufferSurface_0](this:0xb8d3c848,id:0,api:1,p:144,c:144) [queue] fps:59.92, dur:1001.30, max:18.08, min:15.47
01-22 14:31:40.382: I/SurfaceFlinger(144): [Built-in Screen (type:0)] fps:59.921635,dur:1001.31,max:18.09,min:15.47
01-22 14:31:40.397: I/SurfaceView(27441): updateWindow -- OnPreDrawListener, mHaveFrame = true, this = android.view.SurfaceView$3@446f3760
01-22 14:31:40.397: I/BufferQueue(144): [com.pplive.tvplayer/com.pplive.tvplayer.player.video.VideoPlayerActivity](this:0xb8d504a8,id:768,api:1,p:27441,c:144) [release] fps:59.93, dur:1001.18, max:17.35, min:16.14
01-22 14:31:40.414: I/SurfaceView(27441): updateWindow -- OnPreDrawListener, mHaveFrame = true, this = android.view.SurfaceView$3@446f3760
01-22 14:31:40.431: I/SurfaceView(27441): updateWindow -- OnPreDrawListener, mHaveFrame = true, this = android.view.SurfaceView$3@446f3760
01-22 14:31:40.448: I/SurfaceView(27441): updateWindow -- OnPreDrawListener, mHaveFrame = true, this = android.view.SurfaceView$3@446f3760
01-22 14:31:40.464: I/SurfaceView(27441): updateWindow -- OnPreDrawListener, mHaveFrame = true, this = android.view.SurfaceView$3@446f3760
01-22 14:31:40.481: I/SurfaceView(27441): updateWindow -- OnPreDrawListener, mHaveFrame = true, this = android.view.SurfaceView$3@446f3760
01-22 14:31:40.494: I/WifiStateMachine(613): fetchRssiAndLinkSpeedNative, newRssi:-57, newLinkSpeed:108, SSID:"PPTV QA"
01-22 14:31:40.498: I/SurfaceView(27441): updateWindow -- OnPreDrawListener, mHaveFrame = true, this = android.view.SurfaceView$3@446f3760
01-22 14:31:40.514: I/SurfaceView(27441): updateWindow -- OnPreDrawListener, mHaveFrame = true, this = android.view.SurfaceView$3@446f3760
01-22 14:31:40.531: I/SurfaceView(27441): updateWindow -- OnPreDrawListener, mHaveFrame = true, this = android.view.SurfaceView$3@446f3760
01-22 14:31:40.547: I/SurfaceView(27441): updateWindow -- OnPreDrawListener, mHaveFrame = true, this = android.view.SurfaceView$3@446f3760
01-22 14:31:40.567: I/SurfaceView(27441): updateWindow -- OnPreDrawListener, mHaveFrame = true, this = android.view.SurfaceView$3@446f3760
01-22 14:31:40.581: I/SurfaceView(27441): updateWindow -- OnPreDrawListener, mHaveFrame = true, this = android.view.SurfaceView$3@446f3760
01-22 14:31:40.598: I/SurfaceView(27441): updateWindow -- OnPreDrawListener, mHaveFrame = true, this = android.view.SurfaceView$3@446f3760
01-22 14:31:40.614: I/SurfaceView(27441): updateWindow -- OnPreDrawListener, mHaveFrame = true, this = android.view.SurfaceView$3@446f3760
01-22 14:31:40.631: I/SurfaceView(27441): updateWindow -- OnPreDrawListener, mHaveFrame = true, this = android.view.SurfaceView$3@446f3760
01-22 14:31:40.647: I/SurfaceView(27441): updateWindow -- OnPreDrawListener, mHaveFrame = true, this = android.view.SurfaceView$3@446f3760
01-22 14:31:40.664: I/SurfaceView(27441): updateWindow -- OnPreDrawListener, mHaveFrame = true, this = android.view.SurfaceView$3@446f3760
01-22 14:31:40.680: I/BufferQueue(144): [SurfaceView](this:0xb8d4bc90,id:769,api:2,p:27441,c:144) [queue] fps:24.58, dur:1017.05, max:69.55, min:13.82
01-22 14:31:40.681: I/SurfaceView(27441): updateWindow -- OnPreDrawListener, mHaveFrame = true, this = android.view.SurfaceView$3@446f3760
01-22 14:31:40.698: I/SurfaceView(27441): updateWindow -- OnPreDrawListener, mHaveFrame = true, this = android.view.SurfaceView$3@446f3760
01-22 14:31:40.714: I/SurfaceView(27441): updateWindow -- OnPreDrawListener, mHaveFrame = true, this = android.view.SurfaceView$3@446f3760
01-22 14:31:40.731: I/SurfaceView(27441): updateWindow -- OnPreDrawListener, mHaveFrame = true, this = android.view.SurfaceView$3@446f3760
01-22 14:31:40.752: I/SurfaceView(27441): updateWindow -- OnPreDrawListener, mHaveFrame = true, this = android.view.SurfaceView$3@446f3760
01-22 14:31:40.764: I/SurfaceView(27441): updateWindow -- OnPreDrawListener, mHaveFrame = true, this = android.view.SurfaceView$3@446f3760
01-22 14:31:40.781: I/SurfaceView(27441): updateWindow -- OnPreDrawListener, mHaveFrame = true, this = android.view.SurfaceView$3@446f3760
01-22 14:31:40.798: I/SurfaceView(27441): updateWindow -- OnPreDrawListener, mHaveFrame = true, this = android.view.SurfaceView$3@446f3760
01-22 14:31:40.814: I/SurfaceView(27441): updateWindow -- OnPreDrawListener, mHaveFrame = true, this = android.view.SurfaceView$3@446f3760
01-22 14:31:40.831: I/SurfaceView(27441): updateWindow -- OnPreDrawListener, mHaveFrame = true, this = android.view.SurfaceView$3@446f3760
01-22 14:31:40.847: I/SurfaceView(27441): updateWindow -- OnPreDrawListener, mHaveFrame = true, this = android.view.SurfaceView$3@446f3760
01-22 14:31:40.864: I/SurfaceView(27441): updateWindow -- OnPreDrawListener, mHaveFrame = true, this = android.view.SurfaceView$3@446f3760
01-22 14:31:40.881: I/SurfaceView(27441): updateWindow -- OnPreDrawListener, mHaveFrame = true, this = android.view.SurfaceView$3@446f3760
01-22 14:31:40.898: I/SurfaceView(27441): updateWindow -- OnPreDrawListener, mHaveFrame = true, this = android.view.SurfaceView$3@446f3760
01-22 14:31:40.914: I/SurfaceView(27441): updateWindow -- OnPreDrawListener, mHaveFrame = true, this = android.view.SurfaceView$3@446f3760
01-22 14:31:40.931: I/SurfaceView(27441): updateWindow -- OnPreDrawListener, mHaveFrame = true, this = android.view.SurfaceView$3@446f3760
01-22 14:31:40.940: I/Neon-FFPlayer(27441): video_clock: 547714, audio_clock: 547712, delay: 4(msec)
01-22 14:31:40.949: I/SurfaceView(27441): updateWindow -- OnPreDrawListener, mHaveFrame = true, this = android.view.SurfaceView$3@446f3760
01-22 14:31:40.964: I/SurfaceView(27441): updateWindow -- OnPreDrawListener, mHaveFrame = true, this = android.view.SurfaceView$3@446f3760
01-22 14:31:40.981: I/SurfaceView(27441): updateWindow -- OnPreDrawListener, mHaveFrame = true, this = android.view.SurfaceView$3@446f3760
01-22 14:31:40.998: I/SurfaceView(27441): updateWindow -- OnPreDrawListener, mHaveFrame = true, this = android.view.SurfaceView$3@446f3760
01-22 14:31:41.014: I/SurfaceView(27441): updateWindow -- OnPreDrawListener, mHaveFrame = true, this = android.view.SurfaceView$3@446f3760
01-22 14:31:41.033: I/SurfaceView(27441): updateWindow -- OnPreDrawListener, mHaveFrame = true, this = android.view.SurfaceView$3@446f3760
01-22 14:31:41.045: W/ADB_SERVICES(514): create_local_service_socket() name=shell:ls -l /
01-22 14:31:41.045: W/ADB_SERVICES(514): service_to_fd() name=shell:ls -l /
01-22 14:31:41.046: W/ADB_SERVICES(514): read_meminfo() mem_free=38852
01-22 14:31:41.047: W/ADB_SERVICES(514): create_subprocess() ret_fd=42 pid=30838
01-22 14:31:41.047: W/ADB_SERVICES(514): LS(11414): bound to 'shell:ls -l /' via 42
01-22 14:31:41.048: I/SurfaceView(27441): updateWindow -- OnPreDrawListener, mHaveFrame = true, this = android.view.SurfaceView$3@446f3760
01-22 14:31:41.067: W/ADB_SERVICES(514): entered. LS(11414) fd=42
01-22 14:31:41.070: I/SurfaceView(27441): updateWindow -- OnPreDrawListener, mHaveFrame = true, this = android.view.SurfaceView$3@446f3760
01-22 14:31:41.081: I/SurfaceView(27441): updateWindow -- OnPreDrawListener, mHaveFrame = true, this = android.view.SurfaceView$3@446f3760
01-22 14:31:41.081: W/ADB_SERVICES(514): create_local_service_socket() name=shell:ls -l -d /emmc@android/
01-22 14:31:41.081: W/ADB_SERVICES(514): service_to_fd() name=shell:ls -l -d /emmc@android/
01-22 14:31:41.082: W/ADB_SERVICES(514): read_meminfo() mem_free=38828
01-22 14:31:41.082: W/ADB_SERVICES(514): create_subprocess() ret_fd=42 pid=30839
01-22 14:31:41.083: W/ADB_SERVICES(514): LS(11415): bound to 'shell:ls -l -d /emmc@android/' via 42
01-22 14:31:41.098: W/ADB_SERVICES(514): entered. LS(11415) fd=42
01-22 14:31:41.099: I/SurfaceView(27441): updateWindow -- OnPreDrawListener, mHaveFrame = true, this = android.view.SurfaceView$3@446f3760
01-22 14:31:41.115: I/SurfaceView(27441): updateWindow -- OnPreDrawListener, mHaveFrame = true, this = android.view.SurfaceView$3@446f3760
01-22 14:31:41.118: W/ADB_SERVICES(514): create_local_service_socket() name=shell:ls -l -d /emmc@backup/
01-22 14:31:41.118: W/ADB_SERVICES(514): service_to_fd() name=shell:ls -l -d /emmc@backup/
01-22 14:31:41.118: W/ADB_SERVICES(514): read_meminfo() mem_free=38828
01-22 14:31:41.119: W/ADB_SERVICES(514): create_subprocess() ret_fd=42 pid=30840
01-22 14:31:41.119: W/ADB_SERVICES(514): LS(11416): bound to 'shell:ls -l -d /emmc@backup/' via 42
01-22 14:31:41.131: I/SurfaceView(27441): updateWindow -- OnPreDrawListener, mHaveFrame = true, this = android.view.SurfaceView$3@446f3760
01-22 14:31:41.133: W/ADB_SERVICES(514): entered. LS(11416) fd=42
01-22 14:31:41.149: I/SurfaceView(27441): updateWindow -- OnPreDrawListener, mHaveFrame = true, this = android.view.SurfaceView$3@446f3760
01-22 14:31:41.159: W/ADB_SERVICES(514): create_local_service_socket() name=shell:ls -l -d /emmc@cache/
01-22 14:31:41.159: W/ADB_SERVICES(514): service_to_fd() name=shell:ls -l -d /emmc@cache/
01-22 14:31:41.159: W/ADB_SERVICES(514): read_meminfo() mem_free=38844
01-22 14:31:41.160: W/ADB_SERVICES(514): create_subprocess() ret_fd=42 pid=30841
01-22 14:31:41.160: W/ADB_SERVICES(514): LS(11417): bound to 'shell:ls -l -d /emmc@cache/' via 42
01-22 14:31:41.165: I/SurfaceView(27441): updateWindow -- OnPreDrawListener, mHaveFrame = true, this = android.view.SurfaceView$3@446f3760
01-22 14:31:41.173: W/ADB_SERVICES(514): entered. LS(11417) fd=42
01-22 14:31:41.181: I/SurfaceView(27441): updateWindow -- OnPreDrawListener, mHaveFrame = true, this = android.view.SurfaceView$3@446f3760
01-22 14:31:41.198: I/SurfaceView(27441): updateWindow -- OnPreDrawListener, mHaveFrame = true, this = android.view.SurfaceView$3@446f3760
01-22 14:31:41.200: W/ADB_SERVICES(514): create_local_service_socket() name=shell:ls -l -d /emmc@ebr1/
01-22 14:31:41.201: W/ADB_SERVICES(514): service_to_fd() name=shell:ls -l -d /emmc@ebr1/
01-22 14:31:41.201: W/ADB_SERVICES(514): read_meminfo() mem_free=38844
01-22 14:31:41.202: W/ADB_SERVICES(514): create_subprocess() ret_fd=42 pid=30842
01-22 14:31:41.202: W/ADB_SERVICES(514): LS(11418): bound to 'shell:ls -l -d /emmc@ebr1/' via 42
01-22 14:31:41.214: W/ADB_SERVICES(514): entered. LS(11418) fd=42
01-22 14:31:41.215: I/SurfaceView(27441): updateWindow -- OnPreDrawListener, mHaveFrame = true, this = android.view.SurfaceView$3@446f3760
01-22 14:31:41.221: I/BufferQueue(144): [com.pplive.tvplayer/com.pplive.tvplayer.player.video.VideoPlayerActivity](this:0xb8d504a8,id:768,api:1,p:27441,c:144) [queue] fps:59.86, dur:1002.34, max:29.98, min:8.73
01-22 14:31:41.232: I/SurfaceView(27441): updateWindow -- OnPreDrawListener, mHaveFrame = true, this = android.view.SurfaceView$3@446f3760
01-22 14:31:41.242: W/ADB_SERVICES(514): create_local_service_socket() name=shell:ls -l -d /emmc@protect_f/
01-22 14:31:41.242: W/ADB_SERVICES(514): service_to_fd() name=shell:ls -l -d /emmc@protect_f/
01-22 14:31:41.242: W/ADB_SERVICES(514): read_meminfo() mem_free=38844
01-22 14:31:41.243: W/ADB_SERVICES(514): create_subprocess() ret_fd=42 pid=30843
01-22 14:31:41.243: W/ADB_SERVICES(514): LS(11419): bound to 'shell:ls -l -d /emmc@protect_f/' via 42
01-22 14:31:41.251: I/SurfaceView(27441): updateWindow -- OnPreDrawListener, mHaveFrame = true, this = android.view.SurfaceView$3@446f3760
01-22 14:31:41.255: W/ADB_SERVICES(514): entered. LS(11419) fd=42
01-22 14:31:41.265: I/SurfaceView(27441): updateWindow -- OnPreDrawListener, mHaveFrame = true, this = android.view.SurfaceView$3@446f3760
01-22 14:31:41.266: I/BufferQueue(144): [FrameBufferSurface_0](this:0xb8d3c848,id:0,api:1,p:144,c:144) [release] fps:59.98, dur:1000.34, max:17.65, min:15.71
01-22 14:31:41.282: I/SurfaceView(27441): updateWindow -- OnPreDrawListener, mHaveFrame = true, this = android.view.SurfaceView$3@446f3760
01-22 14:31:41.284: W/ADB_SERVICES(514): create_local_service_socket() name=shell:ls -l -d /emmc@protect_s/
01-22 14:31:41.284: W/ADB_SERVICES(514): service_to_fd() name=shell:ls -l -d /emmc@protect_s/
01-22 14:31:41.284: W/ADB_SERVICES(514): read_meminfo() mem_free=38844
01-22 14:31:41.285: W/ADB_SERVICES(514): create_subprocess() ret_fd=42 pid=30844
01-22 14:31:41.286: W/ADB_SERVICES(514): LS(11420): bound to 'shell:ls -l -d /emmc@protect_s/' via 42
01-22 14:31:41.297: W/ADB_SERVICES(514): entered. LS(11420) fd=42
01-22 14:31:41.300: I/SurfaceView(27441): updateWindow -- OnPreDrawListener, mHaveFrame = true, this = android.view.SurfaceView$3@446f3760
01-22 14:31:41.315: I/SurfaceView(27441): updateWindow -- OnPreDrawListener, mHaveFrame = true, this = android.view.SurfaceView$3@446f3760
01-22 14:31:41.323: W/ADB_SERVICES(514): create_local_service_socket() name=shell:ls -l -d /emmc@sec_ro/
01-22 14:31:41.323: W/ADB_SERVICES(514): service_to_fd() name=shell:ls -l -d /emmc@sec_ro/
01-22 14:31:41.323: W/ADB_SERVICES(514): read_meminfo() mem_free=38984
01-22 14:31:41.324: W/ADB_SERVICES(514): create_subprocess() ret_fd=42 pid=30845
01-22 14:31:41.324: W/ADB_SERVICES(514): LS(11421): bound to 'shell:ls -l -d /emmc@sec_ro/' via 42
01-22 14:31:41.334: I/SurfaceView(27441): updateWindow -- OnPreDrawListener, mHaveFrame = true, this = android.view.SurfaceView$3@446f3760
01-22 14:31:41.338: W/ADB_SERVICES(514): entered. LS(11421) fd=42
01-22 14:31:41.348: I/SurfaceView(27441): updateWindow -- OnPreDrawListener, mHaveFrame = true, this = android.view.SurfaceView$3@446f3760
01-22 14:31:41.348: I/BufferQueue(144): [SurfaceView](this:0xb8d4bc90,id:769,api:2,p:27441,c:144) [release] fps:23.58, dur:1017.66, max:66.86, min:16.36
01-22 14:31:41.364: W/ADB_SERVICES(514): create_local_service_socket() name=shell:ls -l -d /emmc@usrdata/
01-22 14:31:41.364: W/ADB_SERVICES(514): service_to_fd() name=shell:ls -l -d /emmc@usrdata/
01-22 14:31:41.367: W/ADB_SERVICES(514): read_meminfo() mem_free=39092
01-22 14:31:41.368: W/ADB_SERVICES(514): create_subprocess() ret_fd=42 pid=30846
01-22 14:31:41.368: W/ADB_SERVICES(514): LS(11422): bound to 'shell:ls -l -d /emmc@usrdata/' via 42
01-22 14:31:41.370: I/SurfaceView(27441): updateWindow -- OnPreDrawListener, mHaveFrame = true, this = android.view.SurfaceView$3@446f3760
01-22 14:31:41.383: I/BufferQueue(144): [FrameBufferSurface_0](this:0xb8d3c848,id:0,api:1,p:144,c:144) [queue] fps:59.89, dur:1001.76, max:17.65, min:15.71
01-22 14:31:41.383: W/ADB_SERVICES(514): entered. LS(11422) fd=42
01-22 14:31:41.383: I/SurfaceFlinger(144): [Built-in Screen (type:0)] fps:59.895256,dur:1001.75,max:17.63,min:15.75
01-22 14:31:41.383: I/SurfaceView(27441): updateWindow -- OnPreDrawListener, mHaveFrame = true, this = android.view.SurfaceView$3@446f3760
01-22 14:31:41.398: I/SurfaceView(27441): updateWindow -- OnPreDrawListener, mHaveFrame = true, this = android.view.SurfaceView$3@446f3760
01-22 14:31:41.398: I/BufferQueue(144): [com.pplive.tvplayer/com.pplive.tvplayer.player.video.VideoPlayerActivity](this:0xb8d504a8,id:768,api:1,p:27441,c:144) [release] fps:59.94, dur:1000.98, max:17.45, min:15.90
01-22 14:31:41.415: I/SurfaceView(27441): updateWindow -- OnPreDrawListener, mHaveFrame = true, this = android.view.SurfaceView$3@446f3760
01-22 14:31:41.433: I/SurfaceView(27441): updateWindow -- OnPreDrawListener, mHaveFrame = true, this = android.view.SurfaceView$3@446f3760
01-22 14:31:41.462: I/SurfaceView(27441): updateWindow -- OnPreDrawListener, mHaveFrame = true, this = android.view.SurfaceView$3@446f3760
01-22 14:31:41.469: I/SurfaceView(27441): updateWindow -- OnPreDrawListener, mHaveFrame = true, this = android.view.SurfaceView$3@446f3760
01-22 14:31:41.483: I/SurfaceView(27441): updateWindow -- OnPreDrawListener, mHaveFrame = true, this = android.view.SurfaceView$3@446f3760
01-22 14:31:41.498: I/SurfaceView(27441): updateWindow -- OnPreDrawListener, mHaveFrame = true, this = android.view.SurfaceView$3@446f3760
01-22 14:31:41.515: I/SurfaceView(27441): updateWindow -- OnPreDrawListener, mHaveFrame = true, this = android.view.SurfaceView$3@446f3760
01-22 14:31:41.532: I/SurfaceView(27441): updateWindow -- OnPreDrawListener, mHaveFrame = true, this = android.view.SurfaceView$3@446f3760
01-22 14:31:41.548: I/SurfaceView(27441): updateWindow -- OnPreDrawListener, mHaveFrame = true, this = android.view.SurfaceView$3@446f3760
01-22 14:31:41.567: I/SurfaceView(27441): updateWindow -- OnPreDrawListener, mHaveFrame = true, this = android.view.SurfaceView$3@446f3760
01-22 14:31:41.584: I/SurfaceView(27441): updateWindow -- OnPreDrawListener, mHaveFrame = true, this = android.view.SurfaceView$3@446f3760
01-22 14:31:41.599: I/SurfaceView(27441): updateWindow -- OnPreDrawListener, mHaveFrame = true, this = android.view.SurfaceView$3@446f3760
01-22 14:31:41.615: I/SurfaceView(27441): updateWindow -- OnPreDrawListener, mHaveFrame = true, this = android.view.SurfaceView$3@446f3760
01-22 14:31:41.635: I/SurfaceView(27441): updateWindow -- OnPreDrawListener, mHaveFrame = true, this = android.view.SurfaceView$3@446f3760
01-22 14:31:41.648: I/SurfaceView(27441): updateWindow -- OnPreDrawListener, mHaveFrame = true, this = android.view.SurfaceView$3@446f3760
01-22 14:31:41.665: I/SurfaceView(27441): updateWindow -- OnPreDrawListener, mHaveFrame = true, this = android.view.SurfaceView$3@446f3760
01-22 14:31:41.682: I/SurfaceView(27441): updateWindow -- OnPreDrawListener, mHaveFrame = true, this = android.view.SurfaceView$3@446f3760
01-22 14:31:41.699: I/SurfaceView(27441): updateWindow -- OnPreDrawListener, mHaveFrame = true, this = android.view.SurfaceView$3@446f3760
01-22 14:31:41.707: I/BufferQueue(144): [SurfaceView](this:0xb8d4bc90,id:769,api:2,p:27441,c:144) [queue] fps:23.38, dur:1026.59, max:73.45, min:10.49
01-22 14:31:41.715: I/SurfaceView(27441): updateWindow -- OnPreDrawListener, mHaveFrame = true, this = android.view.SurfaceView$3@446f3760
01-22 14:31:41.732: I/SurfaceView(27441): updateWindow -- OnPreDrawListener, mHaveFrame = true, this = android.view.SurfaceView$3@446f3760
01-22 14:31:41.749: I/SurfaceView(27441): updateWindow -- OnPreDrawListener, mHaveFrame = true, this = android.view.SurfaceView$3@446f3760
01-22 14:31:41.777: I/SurfaceView(27441): updateWindow -- OnPreDrawListener, mHaveFrame = true, this = android.view.SurfaceView$3@446f3760
01-22 14:31:41.807: I/SurfaceView(27441): updateWindow -- OnPreDrawListener, mHaveFrame = true, this = android.view.SurfaceView$3@446f3760
01-22 14:31:41.809: I/ANRManager(613): updateProcessStats
01-22 14:31:41.816: I/SurfaceView(27441): updateWindow -- OnPreDrawListener, mHaveFrame = true, this = android.view.SurfaceView$3@446f3760
01-22 14:31:41.832: I/SurfaceView(27441): updateWindow -- OnPreDrawListener, mHaveFrame = true, this = android.view.SurfaceView$3@446f3760
01-22 14:31:41.849: I/SurfaceView(27441): updateWindow -- OnPreDrawListener, mHaveFrame = true, this = android.view.SurfaceView$3@446f3760
01-22 14:31:41.865: I/SurfaceView(27441): updateWindow -- OnPreDrawListener, mHaveFrame = true, this = android.view.SurfaceView$3@446f3760
01-22 14:31:41.882: I/SurfaceView(27441): updateWindow -- OnPreDrawListener, mHaveFrame = true, this = android.view.SurfaceView$3@446f3760
01-22 14:31:41.899: I/SurfaceView(27441): updateWindow -- OnPreDrawListener, mHaveFrame = true, this = android.view.SurfaceView$3@446f3760
01-22 14:31:41.915: I/SurfaceView(27441): updateWindow -- OnPreDrawListener, mHaveFrame = true, this = android.view.SurfaceView$3@446f3760
01-22 14:31:41.932: I/SurfaceView(27441): updateWindow -- OnPreDrawListener, mHaveFrame = true, this = android.view.SurfaceView$3@446f3760
01-22 14:31:41.949: I/SurfaceView(27441): updateWindow -- OnPreDrawListener, mHaveFrame = true, this = android.view.SurfaceView$3@446f3760
01-22 14:31:41.966: I/SurfaceView(27441): updateWindow -- OnPreDrawListener, mHaveFrame = true, this = android.view.SurfaceView$3@446f3760
01-22 14:31:41.982: I/SurfaceView(27441): updateWindow -- OnPreDrawListener, mHaveFrame = true, this = android.view.SurfaceView$3@446f3760
01-22 14:31:41.999: I/SurfaceView(27441): updateWindow -- OnPreDrawListener, mHaveFrame = true, this = android.view.SurfaceView$3@446f3760
01-22 14:31:42.015: I/SurfaceView(27441): updateWindow -- OnPreDrawListener, mHaveFrame = true, this = android.view.SurfaceView$3@446f3760
01-22 14:31:42.032: I/SurfaceView(27441): updateWindow -- OnPreDrawListener, mHaveFrame = true, this = android.view.SurfaceView$3@446f3760
01-22 14:31:42.049: I/SurfaceView(27441): updateWindow -- OnPreDrawListener, mHaveFrame = true, this = android.view.SurfaceView$3@446f3760
01-22 14:31:42.069: I/SurfaceView(27441): updateWindow -- OnPreDrawListener, mHaveFrame = true, this = android.view.SurfaceView$3@446f3760
01-22 14:31:42.082: I/SurfaceView(27441): updateWindow -- OnPreDrawListener, mHaveFrame = true, this = android.view.SurfaceView$3@446f3760
01-22 14:31:42.104: I/SurfaceView(27441): updateWindow -- OnPreDrawListener, mHaveFrame = true, this = android.view.SurfaceView$3@446f3760
01-22 14:31:42.116: I/SurfaceView(27441): updateWindow -- OnPreDrawListener, mHaveFrame = true, this = android.view.SurfaceView$3@446f3760
01-22 14:31:42.132: I/SurfaceView(27441): updateWindow -- OnPreDrawListener, mHaveFrame = true, this = android.view.SurfaceView$3@446f3760
01-22 14:31:42.149: I/SurfaceView(27441): updateWindow -- OnPreDrawListener, mHaveFrame = true, this = android.view.SurfaceView$3@446f3760
01-22 14:31:42.166: I/SurfaceView(27441): updateWindow -- OnPreDrawListener, mHaveFrame = true, this = android.view.SurfaceView$3@446f3760
01-22 14:31:42.182: I/SurfaceView(27441): updateWindow -- OnPreDrawListener, mHaveFrame = true, this = android.view.SurfaceView$3@446f3760
01-22 14:31:42.201: I/SurfaceView(27441): updateWindow -- OnPreDrawListener, mHaveFrame = true, this = android.view.SurfaceView$3@446f3760
01-22 14:31:42.216: I/SurfaceView(27441): updateWindow -- OnPreDrawListener, mHaveFrame = true, this = android.view.SurfaceView$3@446f3760
01-22 14:31:42.233: I/SurfaceView(27441): updateWindow -- OnPreDrawListener, mHaveFrame = true, this = android.view.SurfaceView$3@446f3760
01-22 14:31:42.240: I/BufferQueue(144): [com.pplive.tvplayer/com.pplive.tvplayer.player.video.VideoPlayerActivity](this:0xb8d504a8,id:768,api:1,p:27441,c:144) [queue] fps:58.89, dur:1018.79, max:34.28, min:6.88
01-22 14:31:42.249: I/SurfaceView(27441): updateWindow -- OnPreDrawListener, mHaveFrame = true, this = android.view.SurfaceView$3@446f3760
01-22 14:31:42.266: I/SurfaceView(27441): updateWindow -- OnPreDrawListener, mHaveFrame = true, this = android.view.SurfaceView$3@446f3760
01-22 14:31:42.267: I/BufferQueue(144): [FrameBufferSurface_0](this:0xb8d3c848,id:0,api:1,p:144,c:144) [release] fps:59.91, dur:1001.55, max:17.80, min:15.43
01-22 14:31:42.283: I/SurfaceView(27441): updateWindow -- OnPreDrawListener, mHaveFrame = true, this = android.view.SurfaceView$3@446f3760
01-22 14:31:42.299: I/SurfaceView(27441): updateWindow -- OnPreDrawListener, mHaveFrame = true, this = android.view.SurfaceView$3@446f3760
01-22 14:31:42.316: I/SurfaceView(27441): updateWindow -- OnPreDrawListener, mHaveFrame = true, this = android.view.SurfaceView$3@446f3760
01-22 14:31:42.332: I/SurfaceView(27441): updateWindow -- OnPreDrawListener, mHaveFrame = true, this = android.view.SurfaceView$3@446f3760
01-22 14:31:42.349: I/SurfaceView(27441): updateWindow -- OnPreDrawListener, mHaveFrame = true, this = android.view.SurfaceView$3@446f3760
01-22 14:31:42.366: I/SurfaceView(27441): updateWindow -- OnPreDrawListener, mHaveFrame = true, this = android.view.SurfaceView$3@446f3760
01-22 14:31:42.382: I/BufferQueue(144): [SurfaceView](this:0xb8d4bc90,id:769,api:2,p:27441,c:144) [release] fps:24.17, dur:1034.41, max:83.52, min:16.36
01-22 14:31:42.382: I/SurfaceView(27441): updateWindow -- OnPreDrawListener, mHaveFrame = true, this = android.view.SurfaceView$3@446f3760
01-22 14:31:42.384: I/BufferQueue(144): [FrameBufferSurface_0](this:0xb8d3c848,id:0,api:1,p:144,c:144) [queue] fps:59.97, dur:1000.53, max:17.80, min:15.43
01-22 14:31:42.384: I/SurfaceFlinger(144): [Built-in Screen (type:0)] fps:59.968197,dur:1000.53,max:17.80,min:15.43
01-22 14:31:42.399: I/SurfaceView(27441): updateWindow -- OnPreDrawListener, mHaveFrame = true, this = android.view.SurfaceView$3@446f3760
01-22 14:31:42.399: I/BufferQueue(144): [com.pplive.tvplayer/com.pplive.tvplayer.player.video.VideoPlayerActivity](this:0xb8d504a8,id:768,api:1,p:27441,c:144) [release] fps:58.93, dur:1001.22, max:33.21, min:16.03
01-22 14:31:42.416: I/SurfaceView(27441): updateWindow -- OnPreDrawListener, mHaveFrame = true, this = android.view.SurfaceView$3@446f3760
01-22 14:31:42.433: I/SurfaceView(27441): updateWindow -- OnPreDrawListener, mHaveFrame = true, this = android.view.SurfaceView$3@446f3760
01-22 14:31:42.449: I/SurfaceView(27441): updateWindow -- OnPreDrawListener, mHaveFrame = true, this = android.view.SurfaceView$3@446f3760
01-22 14:31:42.466: I/SurfaceView(27441): updateWindow -- OnPreDrawListener, mHaveFrame = true, this = android.view.SurfaceView$3@446f3760
01-22 14:31:42.483: I/SurfaceView(27441): updateWindow -- OnPreDrawListener, mHaveFrame = true, this = android.view.SurfaceView$3@446f3760
01-22 14:31:42.500: I/SurfaceView(27441): updateWindow -- OnPreDrawListener, mHaveFrame = true, this = android.view.SurfaceView$3@446f3760
01-22 14:31:42.519: I/SurfaceView(27441): updateWindow -- OnPreDrawListener, mHaveFrame = true, this = android.view.SurfaceView$3@446f3760
01-22 14:31:42.533: I/SurfaceView(27441): updateWindow -- OnPreDrawListener, mHaveFrame = true, this = android.view.SurfaceView$3@446f3760
01-22 14:31:42.549: I/SurfaceView(27441): updateWindow -- OnPreDrawListener, mHaveFrame = true, this = android.view.SurfaceView$3@446f3760
01-22 14:31:42.566: I/SurfaceView(27441): updateWindow -- OnPreDrawListener, mHaveFrame = true, this = android.view.SurfaceView$3@446f3760
01-22 14:31:42.583: I/SurfaceView(27441): updateWindow -- OnPreDrawListener, mHaveFrame = true, this = android.view.SurfaceView$3@446f3760
01-22 14:31:42.599: I/SurfaceView(27441): updateWindow -- OnPreDrawListener, mHaveFrame = true, this = android.view.SurfaceView$3@446f3760
01-22 14:31:42.616: I/SurfaceView(27441): updateWindow -- OnPreDrawListener, mHaveFrame = true, this = android.view.SurfaceView$3@446f3760
01-22 14:31:42.633: I/SurfaceView(27441): updateWindow -- OnPreDrawListener, mHaveFrame = true, this = android.view.SurfaceView$3@446f3760
01-22 14:31:42.650: I/SurfaceView(27441): updateWindow -- OnPreDrawListener, mHaveFrame = true, this = android.view.SurfaceView$3@446f3760
01-22 14:31:42.666: I/SurfaceView(27441): updateWindow -- OnPreDrawListener, mHaveFrame = true, this = android.view.SurfaceView$3@446f3760
01-22 14:31:42.683: I/SurfaceView(27441): updateWindow -- OnPreDrawListener, mHaveFrame = true, this = android.view.SurfaceView$3@446f3760
01-22 14:31:42.699: I/SurfaceView(27441): updateWindow -- OnPreDrawListener, mHaveFrame = true, this = android.view.SurfaceView$3@446f3760
01-22 14:31:42.716: I/SurfaceView(27441): updateWindow -- OnPreDrawListener, mHaveFrame = true, this = android.view.SurfaceView$3@446f3760
01-22 14:31:42.731: I/BufferQueue(144): [SurfaceView](this:0xb8d4bc90,id:769,api:2,p:27441,c:144) [queue] fps:24.42, dur:1023.91, max:67.48, min:13.23
01-22 14:31:42.733: I/SurfaceView(27441): updateWindow -- OnPreDrawListener, mHaveFrame = true, this = android.view.SurfaceView$3@446f3760
01-22 14:31:42.749: I/SurfaceView(27441): updateWindow -- OnPreDrawListener, mHaveFrame = true, this = android.view.SurfaceView$3@446f3760
01-22 14:31:42.766: I/SurfaceView(27441): updateWindow -- OnPreDrawListener, mHaveFrame = true, this = android.view.SurfaceView$3@446f3760
01-22 14:31:42.783: I/SurfaceView(27441): updateWindow -- OnPreDrawListener, mHaveFrame = true, this = android.view.SurfaceView$3@446f3760
01-22 14:31:42.800: I/SurfaceView(27441): updateWindow -- OnPreDrawListener, mHaveFrame = true, this = android.view.SurfaceView$3@446f3760
01-22 14:31:42.816: I/SurfaceView(27441): updateWindow -- OnPreDrawListener, mHaveFrame = true, this = android.view.SurfaceView$3@446f3760
01-22 14:31:42.834: I/SurfaceView(27441): updateWindow -- OnPreDrawListener, mHaveFrame = true, this = android.view.SurfaceView$3@446f3760
01-22 14:31:42.850: I/SurfaceView(27441): updateWindow -- OnPreDrawListener, mHaveFrame = true, this = android.view.SurfaceView$3@446f3760
01-22 14:31:42.866: I/SurfaceView(27441): updateWindow -- OnPreDrawListener, mHaveFrame = true, this = android.view.SurfaceView$3@446f3760
01-22 14:31:42.883: I/SurfaceView(27441): updateWindow -- OnPreDrawListener, mHaveFrame = true, this = android.view.SurfaceView$3@446f3760
01-22 14:31:42.900: I/SurfaceView(27441): updateWindow -- OnPreDrawListener, mHaveFrame = true, this = android.view.SurfaceView$3@446f3760
01-22 14:31:42.917: I/SurfaceView(27441): updateWindow -- OnPreDrawListener, mHaveFrame = true, this = android.view.SurfaceView$3@446f3760
01-22 14:31:42.933: I/SurfaceView(27441): updateWindow -- OnPreDrawListener, mHaveFrame = true, this = android.view.SurfaceView$3@446f3760
01-22 14:31:42.950: I/SurfaceView(27441): updateWindow -- OnPreDrawListener, mHaveFrame = true, this = android.view.SurfaceView$3@446f3760
01-22 14:31:42.966: I/SurfaceView(27441): updateWindow -- OnPreDrawListener, mHaveFrame = true, this = android.view.SurfaceView$3@446f3760
01-22 14:31:42.983: I/SurfaceView(27441): updateWindow -- OnPreDrawListener, mHaveFrame = true, this = android.view.SurfaceView$3@446f3760
01-22 14:31:43.000: I/SurfaceView(27441): updateWindow -- OnPreDrawListener, mHaveFrame = true, this = android.view.SurfaceView$3@446f3760
01-22 14:31:43.017: I/SurfaceView(27441): updateWindow -- OnPreDrawListener, mHaveFrame = true, this = android.view.SurfaceView$3@446f3760
01-22 14:31:43.033: I/SurfaceView(27441): updateWindow -- OnPreDrawListener, mHaveFrame = true, this = android.view.SurfaceView$3@446f3760
01-22 14:31:43.050: I/SurfaceView(27441): updateWindow -- OnPreDrawListener, mHaveFrame = true, this = android.view.SurfaceView$3@446f3760
01-22 14:31:43.067: I/SurfaceView(27441): updateWindow -- OnPreDrawListener, mHaveFrame = true, this = android.view.SurfaceView$3@446f3760
01-22 14:31:43.083: I/SurfaceView(27441): updateWindow -- OnPreDrawListener, mHaveFrame = true, this = android.view.SurfaceView$3@446f3760
01-22 14:31:43.102: I/SurfaceView(27441): updateWindow -- OnPreDrawListener, mHaveFrame = true, this = android.view.SurfaceView$3@446f3760
01-22 14:31:43.117: I/SurfaceView(27441): updateWindow -- OnPreDrawListener, mHaveFrame = true, this = android.view.SurfaceView$3@446f3760
01-22 14:31:43.133: I/SurfaceView(27441): updateWindow -- OnPreDrawListener, mHaveFrame = true, this = android.view.SurfaceView$3@446f3760
01-22 14:31:43.150: I/SurfaceView(27441): updateWindow -- OnPreDrawListener, mHaveFrame = true, this = android.view.SurfaceView$3@446f3760
01-22 14:31:43.167: I/SurfaceView(27441): updateWindow -- OnPreDrawListener, mHaveFrame = true, this = android.view.SurfaceView$3@446f3760
01-22 14:31:43.185: I/SurfaceView(27441): updateWindow -- OnPreDrawListener, mHaveFrame = true, this = android.view.SurfaceView$3@446f3760
01-22 14:31:43.200: I/SurfaceView(27441): updateWindow -- OnPreDrawListener, mHaveFrame = true, this = android.view.SurfaceView$3@446f3760
01-22 14:31:43.220: I/SurfaceView(27441): updateWindow -- OnPreDrawListener, mHaveFrame = true, this = android.view.SurfaceView$3@446f3760
01-22 14:31:43.234: I/SurfaceView(27441): updateWindow -- OnPreDrawListener, mHaveFrame = true, this = android.view.SurfaceView$3@446f3760
01-22 14:31:43.242: I/BufferQueue(144): [com.pplive.tvplayer/com.pplive.tvplayer.player.video.VideoPlayerActivity](this:0xb8d504a8,id:768,api:1,p:27441,c:144) [queue] fps:59.87, dur:1002.11, max:24.15, min:10.74
01-22 14:31:43.250: I/SurfaceView(27441): updateWindow -- OnPreDrawListener, mHaveFrame = true, this = android.view.SurfaceView$3@446f3760
01-22 14:31:43.267: I/SurfaceView(27441): updateWindow -- OnPreDrawListener, mHaveFrame = true, this = android.view.SurfaceView$3@446f3760
01-22 14:31:43.268: I/BufferQueue(144): [FrameBufferSurface_0](this:0xb8d3c848,id:0,api:1,p:144,c:144) [release] fps:59.94, dur:1001.03, max:17.63, min:16.12
01-22 14:31:43.284: I/SurfaceView(27441): updateWindow -- OnPreDrawListener, mHaveFrame = true, this = android.view.SurfaceView$3@446f3760
01-22 14:31:43.300: I/SurfaceView(27441): updateWindow -- OnPreDrawListener, mHaveFrame = true, this = android.view.SurfaceView$3@446f3760
01-22 14:31:43.317: I/SurfaceView(27441): updateWindow -- OnPreDrawListener, mHaveFrame = true, this = android.view.SurfaceView$3@446f3760
01-22 14:31:43.333: I/SurfaceView(27441): updateWindow -- OnPreDrawListener, mHaveFrame = true, this = android.view.SurfaceView$3@446f3760
01-22 14:31:43.350: I/SurfaceView(27441): updateWindow -- OnPreDrawListener, mHaveFrame = true, this = android.view.SurfaceView$3@446f3760
01-22 14:31:43.367: I/SurfaceView(27441): updateWindow -- OnPreDrawListener, mHaveFrame = true, this = android.view.SurfaceView$3@446f3760
01-22 14:31:43.384: I/BufferQueue(144): [SurfaceView](this:0xb8d4bc90,id:769,api:2,p:27441,c:144) [release] fps:23.98, dur:1001.02, max:83.31, min:16.49
01-22 14:31:43.384: I/SurfaceView(27441): updateWindow -- OnPreDrawListener, mHaveFrame = true, this = android.view.SurfaceView$3@446f3760
01-22 14:31:43.385: I/BufferQueue(144): [FrameBufferSurface_0](this:0xb8d3c848,id:0,api:1,p:144,c:144) [queue] fps:59.94, dur:1001.00, max:17.63, min:16.12
01-22 14:31:43.385: I/SurfaceFlinger(144): [Built-in Screen (type:0)] fps:59.939442,dur:1001.01,max:17.64,min:16.12
01-22 14:31:43.400: I/BufferQueue(144): [com.pplive.tvplayer/com.pplive.tvplayer.player.video.VideoPlayerActivity](this:0xb8d504a8,id:768,api:1,p:27441,c:144) [release] fps:59.95, dur:1000.89, max:17.23, min:16.27
01-22 14:31:43.403: I/SurfaceView(27441): updateWindow -- OnPreDrawListener, mHaveFrame = true, this = android.view.SurfaceView$3@446f3760
01-22 14:31:43.420: I/SurfaceView(27441): updateWindow -- OnPreDrawListener, mHaveFrame = true, this = android.view.SurfaceView$3@446f3760
01-22 14:31:43.437: I/SurfaceView(27441): updateWindow -- OnPreDrawListener, mHaveFrame = true, this = android.view.SurfaceView$3@446f3760
01-22 14:31:43.450: I/SurfaceView(27441): updateWindow -- OnPreDrawListener, mHaveFrame = true, this = android.view.SurfaceView$3@446f3760
01-22 14:31:43.467: I/SurfaceView(27441): updateWindow -- OnPreDrawListener, mHaveFrame = true, this = android.view.SurfaceView$3@446f3760
01-22 14:31:43.484: I/SurfaceView(27441): updateWindow -- OnPreDrawListener, mHaveFrame = true, this = android.view.SurfaceView$3@446f3760
01-22 14:31:43.499: I/WifiStateMachine(613): fetchRssiAndLinkSpeedNative, newRssi:-57, newLinkSpeed:108, SSID:"PPTV QA"
01-22 14:31:43.501: I/SurfaceView(27441): updateWindow -- OnPreDrawListener, mHaveFrame = true, this = android.view.SurfaceView$3@446f3760
01-22 14:31:43.517: I/SurfaceView(27441): updateWindow -- OnPreDrawListener, mHaveFrame = true, this = android.view.SurfaceView$3@446f3760
01-22 14:31:43.534: I/SurfaceView(27441): updateWindow -- OnPreDrawListener, mHaveFrame = true, this = android.view.SurfaceView$3@446f3760
01-22 14:31:43.551: I/SurfaceView(27441): updateWindow -- OnPreDrawListener, mHaveFrame = true, this = android.view.SurfaceView$3@446f3760
01-22 14:31:43.567: I/SurfaceView(27441): updateWindow -- OnPreDrawListener, mHaveFrame = true, this = android.view.SurfaceView$3@446f3760
01-22 14:31:43.584: I/SurfaceView(27441): updateWindow -- OnPreDrawListener, mHaveFrame = true, this = android.view.SurfaceView$3@446f3760
01-22 14:31:43.601: I/SurfaceView(27441): updateWindow -- OnPreDrawListener, mHaveFrame = true, this = android.view.SurfaceView$3@446f3760
01-22 14:31:43.617: I/SurfaceView(27441): updateWindow -- OnPreDrawListener, mHaveFrame = true, this = android.view.SurfaceView$3@446f3760
01-22 14:31:43.634: I/SurfaceView(27441): updateWindow -- OnPreDrawListener, mHaveFrame = true, this = android.view.SurfaceView$3@446f3760
01-22 14:31:43.651: I/SurfaceView(27441): updateWindow -- OnPreDrawListener, mHaveFrame = true, this = android.view.SurfaceView$3@446f3760
01-22 14:31:43.670: I/SurfaceView(27441): updateWindow -- OnPreDrawListener, mHaveFrame = true, this = android.view.SurfaceView$3@446f3760
01-22 14:31:43.684: I/SurfaceView(27441): updateWindow -- OnPreDrawListener, mHaveFrame = true, this = android.view.SurfaceView$3@446f3760
01-22 14:31:43.701: I/SurfaceView(27441): updateWindow -- OnPreDrawListener, mHaveFrame = true, this = android.view.SurfaceView$3@446f3760
01-22 14:31:43.717: I/SurfaceView(27441): updateWindow -- OnPreDrawListener, mHaveFrame = true, this = android.view.SurfaceView$3@446f3760
01-22 14:31:43.733: I/BufferQueue(144): [SurfaceView](this:0xb8d4bc90,id:769,api:2,p:27441,c:144) [queue] fps:23.95, dur:1002.00, max:76.93, min:12.76
01-22 14:31:43.734: I/SurfaceView(27441): updateWindow -- OnPreDrawListener, mHaveFrame = true, this = android.view.SurfaceView$3@446f3760
01-22 14:31:43.752: I/SurfaceView(27441): updateWindow -- OnPreDrawListener, mHaveFrame = true, this = android.view.SurfaceView$3@446f3760
01-22 14:31:43.772: I/SurfaceView(27441): updateWindow -- OnPreDrawListener, mHaveFrame = true, this = android.view.SurfaceView$3@446f3760
01-22 14:31:43.784: I/SurfaceView(27441): updateWindow -- OnPreDrawListener, mHaveFrame = true, this = android.view.SurfaceView$3@446f3760
01-22 14:31:43.801: I/SurfaceView(27441): updateWindow -- OnPreDrawListener, mHaveFrame = true, this = android.view.SurfaceView$3@446f3760
01-22 14:31:43.817: I/SurfaceView(27441): updateWindow -- OnPreDrawListener, mHaveFrame = true, this = android.view.SurfaceView$3@446f3760
01-22 14:31:43.834: I/SurfaceView(27441): updateWindow -- OnPreDrawListener, mHaveFrame = true, this = android.view.SurfaceView$3@446f3760
01-22 14:31:43.856: I/SurfaceView(27441): updateWindow -- OnPreDrawListener, mHaveFrame = true, this = android.view.SurfaceView$3@446f3760
01-22 14:31:43.870: I/SurfaceView(27441): updateWindow -- OnPreDrawListener, mHaveFrame = true, this = android.view.SurfaceView$3@446f3760
01-22 14:31:43.884: I/SurfaceView(27441): updateWindow -- OnPreDrawListener, mHaveFrame = true, this = android.view.SurfaceView$3@446f3760
01-22 14:31:43.901: I/SurfaceView(27441): updateWindow -- OnPreDrawListener, mHaveFrame = true, this = android.view.SurfaceView$3@446f3760
01-22 14:31:43.917: I/SurfaceView(27441): updateWindow -- OnPreDrawListener, mHaveFrame = true, this = android.view.SurfaceView$3@446f3760
01-22 14:31:43.935: I/SurfaceView(27441): updateWindow -- OnPreDrawListener, mHaveFrame = true, this = android.view.SurfaceView$3@446f3760
01-22 14:31:43.951: I/SurfaceView(27441): updateWindow -- OnPreDrawListener, mHaveFrame = true, this = android.view.SurfaceView$3@446f3760
01-22 14:31:43.967: I/SurfaceView(27441): updateWindow -- OnPreDrawListener, mHaveFrame = true, this = android.view.SurfaceView$3@446f3760
01-22 14:31:43.984: I/SurfaceView(27441): updateWindow -- OnPreDrawListener, mHaveFrame = true, this = android.view.SurfaceView$3@446f3760
01-22 14:31:44.001: I/SurfaceView(27441): updateWindow -- OnPreDrawListener, mHaveFrame = true, this = android.view.SurfaceView$3@446f3760
01-22 14:31:44.017: I/SurfaceView(27441): updateWindow -- OnPreDrawListener, mHaveFrame = true, this = android.view.SurfaceView$3@446f3760
01-22 14:31:44.034: I/SurfaceView(27441): updateWindow -- OnPreDrawListener, mHaveFrame = true, this = android.view.SurfaceView$3@446f3760
01-22 14:31:44.051: I/SurfaceView(27441): updateWindow -- OnPreDrawListener, mHaveFrame = true, this = android.view.SurfaceView$3@446f3760
01-22 14:31:44.069: I/SurfaceView(27441): updateWindow -- OnPreDrawListener, mHaveFrame = true, this = android.view.SurfaceView$3@446f3760
01-22 14:31:44.084: I/SurfaceView(27441): updateWindow -- OnPreDrawListener, mHaveFrame = true, this = android.view.SurfaceView$3@446f3760
01-22 14:31:44.101: I/SurfaceView(27441): updateWindow -- OnPreDrawListener, mHaveFrame = true, this = android.view.SurfaceView$3@446f3760
