01-22 14:31:10.901: I/SurfaceView(27441): updateWindow -- OnPreDrawListener, mHaveFrame = true, this = android.view.SurfaceView$3@446f3760
01-22 14:31:10.918: I/SurfaceView(27441): updateWindow -- OnPreDrawListener, mHaveFrame = true, this = android.view.SurfaceView$3@446f3760
01-22 14:31:10.935: I/SurfaceView(27441): updateWindow -- OnPreDrawListener, mHaveFrame = true, this = android.view.SurfaceView$3@446f3760
01-22 14:31:10.942: I/BufferQueue(144): [com.pplive.tvplayer/com.pplive.tvplayer.player.video.VideoPlayerActivity](this:0xb8d504a8,id:768,api:1,p:27441,c:144) [queue] fps:60.46, dur:1008.95, max:26.15, min:8.14
01-22 14:31:10.951: I/SurfaceView(27441): updateWindow -- OnPreDrawListener, mHaveFrame = true, this = android.view.SurfaceView$3@446f3760
01-22 14:31:10.967: I/SurfaceView(27441): updateWindow -- OnPreDrawListener, mHaveFrame = true, this = android.view.SurfaceView$3@446f3760
01-22 14:31:10.984: I/SurfaceView(27441): updateWindow -- OnPreDrawListener, mHaveFrame = true, this = android.view.SurfaceView$3@446f3760
01-22 14:31:11.001: I/SurfaceView(27441): updateWindow -- OnPreDrawListener, mHaveFrame = true, this = android.view.SurfaceView$3@446f3760
01-22 14:31:11.018: I/SurfaceView(27441): updateWindow -- OnPreDrawListener, mHaveFrame = true, this = android.view.SurfaceView$3@446f3760
01-22 14:31:11.035: I/SurfaceView(27441): updateWindow -- OnPreDrawListener, mHaveFrame = true, this = android.view.SurfaceView$3@446f3760
01-22 14:31:11.046: W/ADB_SERVICES(514): create_local_service_socket() name=shell:ls -l /
01-22 14:31:11.046: W/ADB_SERVICES(514): service_to_fd() name=shell:ls -l /
01-22 14:31:11.046: W/ADB_SERVICES(514): read_meminfo() mem_free=35860
01-22 14:31:11.047: W/ADB_SERVICES(514): create_subprocess() ret_fd=42 pid=30713
01-22 14:31:11.047: W/ADB_SERVICES(514): LS(11360): bound to 'shell:ls -l /' via 42
01-22 14:31:11.052: I/SurfaceView(27441): updateWindow -- OnPreDrawListener, mHaveFrame = true, this = android.view.SurfaceView$3@446f3760
01-22 14:31:11.072: W/ADB_SERVICES(514): entered. LS(11360) fd=42
01-22 14:31:11.072: I/SurfaceView(27441): updateWindow -- OnPreDrawListener, mHaveFrame = true, this = android.view.SurfaceView$3@446f3760
01-22 14:31:11.084: I/SurfaceView(27441): updateWindow -- OnPreDrawListener, mHaveFrame = true, this = android.view.SurfaceView$3@446f3760
01-22 14:31:11.085: W/ADB_SERVICES(514): create_local_service_socket() name=shell:ls -l -d /emmc@android/
01-22 14:31:11.085: W/ADB_SERVICES(514): service_to_fd() name=shell:ls -l -d /emmc@android/
01-22 14:31:11.086: W/ADB_SERVICES(514): read_meminfo() mem_free=35844
01-22 14:31:11.087: W/ADB_SERVICES(514): create_subprocess() ret_fd=42 pid=30714
01-22 14:31:11.087: W/ADB_SERVICES(514): LS(11361): bound to 'shell:ls -l -d /emmc@android/' via 42
01-22 14:31:11.098: W/ADB_SERVICES(514): entered. LS(11361) fd=42
01-22 14:31:11.101: I/SurfaceView(27441): updateWindow -- OnPreDrawListener, mHaveFrame = true, this = android.view.SurfaceView$3@446f3760
01-22 14:31:11.118: I/SurfaceView(27441): updateWindow -- OnPreDrawListener, mHaveFrame = true, this = android.view.SurfaceView$3@446f3760
01-22 14:31:11.127: W/ADB_SERVICES(514): create_local_service_socket() name=shell:ls -l -d /emmc@backup/
01-22 14:31:11.127: W/ADB_SERVICES(514): service_to_fd() name=shell:ls -l -d /emmc@backup/
01-22 14:31:11.128: W/ADB_SERVICES(514): read_meminfo() mem_free=35804
01-22 14:31:11.128: W/ADB_SERVICES(514): create_subprocess() ret_fd=42 pid=30715
01-22 14:31:11.129: W/ADB_SERVICES(514): LS(11362): bound to 'shell:ls -l -d /emmc@backup/' via 42
01-22 14:31:11.135: I/SurfaceView(27441): updateWindow -- OnPreDrawListener, mHaveFrame = true, this = android.view.SurfaceView$3@446f3760
01-22 14:31:11.140: W/ADB_SERVICES(514): entered. LS(11362) fd=42
01-22 14:31:11.151: I/SurfaceView(27441): updateWindow -- OnPreDrawListener, mHaveFrame = true, this = android.view.SurfaceView$3@446f3760
01-22 14:31:11.167: W/ADB_SERVICES(514): create_local_service_socket() name=shell:ls -l -d /emmc@cache/
01-22 14:31:11.167: W/ADB_SERVICES(514): service_to_fd() name=shell:ls -l -d /emmc@cache/
01-22 14:31:11.168: W/ADB_SERVICES(514): read_meminfo() mem_free=35712
01-22 14:31:11.169: W/ADB_SERVICES(514): create_subprocess() ret_fd=42 pid=30716
01-22 14:31:11.169: W/ADB_SERVICES(514): LS(11363): bound to 'shell:ls -l -d /emmc@cache/' via 42
01-22 14:31:11.170: I/SurfaceView(27441): updateWindow -- OnPreDrawListener, mHaveFrame = true, this = android.view.SurfaceView$3@446f3760
01-22 14:31:11.184: W/ADB_SERVICES(514): entered. LS(11363) fd=42
01-22 14:31:11.193: I/SurfaceView(27441): updateWindow -- OnPreDrawListener, mHaveFrame = true, this = android.view.SurfaceView$3@446f3760
01-22 14:31:11.201: I/SurfaceView(27441): updateWindow -- OnPreDrawListener, mHaveFrame = true, this = android.view.SurfaceView$3@446f3760
01-22 14:31:11.205: W/ADB_SERVICES(514): create_local_service_socket() name=shell:ls -l -d /emmc@ebr1/
01-22 14:31:11.205: W/ADB_SERVICES(514): service_to_fd() name=shell:ls -l -d /emmc@ebr1/
01-22 14:31:11.205: W/ADB_SERVICES(514): read_meminfo() mem_free=35736
01-22 14:31:11.206: W/ADB_SERVICES(514): create_subprocess() ret_fd=42 pid=30717
01-22 14:31:11.206: W/ADB_SERVICES(514): LS(11364): bound to 'shell:ls -l -d /emmc@ebr1/' via 42
01-22 14:31:11.220: I/BufferQueue(144): [FrameBufferSurface_0](this:0xb8d3c848,id:0,api:1,p:144,c:144) [release] fps:59.91, dur:1001.47, max:18.03, min:15.51
01-22 14:31:11.221: I/SurfaceView(27441): updateWindow -- OnPreDrawListener, mHaveFrame = true, this = android.view.SurfaceView$3@446f3760
01-22 14:31:11.223: W/ADB_SERVICES(514): entered. LS(11364) fd=42
01-22 14:31:11.235: I/SurfaceView(27441): updateWindow -- OnPreDrawListener, mHaveFrame = true, this = android.view.SurfaceView$3@446f3760
01-22 14:31:11.248: W/ADB_SERVICES(514): create_local_service_socket() name=shell:ls -l -d /emmc@protect_f/
01-22 14:31:11.248: W/ADB_SERVICES(514): service_to_fd() name=shell:ls -l -d /emmc@protect_f/
01-22 14:31:11.249: W/ADB_SERVICES(514): read_meminfo() mem_free=35712
01-22 14:31:11.249: W/ADB_SERVICES(514): create_subprocess() ret_fd=42 pid=30718
01-22 14:31:11.249: W/ADB_SERVICES(514): LS(11365): bound to 'shell:ls -l -d /emmc@protect_f/' via 42
01-22 14:31:11.251: I/SurfaceView(27441): updateWindow -- OnPreDrawListener, mHaveFrame = true, this = android.view.SurfaceView$3@446f3760
01-22 14:31:11.261: W/ADB_SERVICES(514): entered. LS(11365) fd=42
01-22 14:31:11.269: I/SurfaceView(27441): updateWindow -- OnPreDrawListener, mHaveFrame = true, this = android.view.SurfaceView$3@446f3760
01-22 14:31:11.284: I/SurfaceView(27441): updateWindow -- OnPreDrawListener, mHaveFrame = true, this = android.view.SurfaceView$3@446f3760
01-22 14:31:11.287: W/ADB_SERVICES(514): create_local_service_socket() name=shell:ls -l -d /emmc@protect_s/
01-22 14:31:11.287: W/ADB_SERVICES(514): service_to_fd() name=shell:ls -l -d /emmc@protect_s/
01-22 14:31:11.287: W/ADB_SERVICES(514): read_meminfo() mem_free=35804
01-22 14:31:11.288: W/ADB_SERVICES(514): create_subprocess() ret_fd=42 pid=30719
01-22 14:31:11.288: W/ADB_SERVICES(514): LS(11366): bound to 'shell:ls -l -d /emmc@protect_s/' via 42
01-22 14:31:11.299: W/ADB_SERVICES(514): entered. LS(11366) fd=42
01-22 14:31:11.301: I/SurfaceView(27441): updateWindow -- OnPreDrawListener, mHaveFrame = true, this = android.view.SurfaceView$3@446f3760
01-22 14:31:11.318: I/SurfaceView(27441): updateWindow -- OnPreDrawListener, mHaveFrame = true, this = android.view.SurfaceView$3@446f3760
01-22 14:31:11.319: I/BufferQueue(144): [FrameBufferSurface_0](this:0xb8d3c848,id:0,api:1,p:144,c:144) [queue] fps:59.93, dur:1001.18, max:18.03, min:15.53
01-22 14:31:11.319: I/SurfaceFlinger(144): [Built-in Screen (type:0)] fps:59.930664,dur:1001.16,max:18.00,min:15.52
01-22 14:31:11.328: W/ADB_SERVICES(514): create_local_service_socket() name=shell:ls -l -d /emmc@sec_ro/
01-22 14:31:11.328: W/ADB_SERVICES(514): service_to_fd() name=shell:ls -l -d /emmc@sec_ro/
01-22 14:31:11.329: W/ADB_SERVICES(514): read_meminfo() mem_free=35804
01-22 14:31:11.330: W/ADB_SERVICES(514): create_subprocess() ret_fd=42 pid=30720
01-22 14:31:11.330: W/ADB_SERVICES(514): LS(11367): bound to 'shell:ls -l -d /emmc@sec_ro/' via 42
01-22 14:31:11.335: I/BufferQueue(144): [com.pplive.tvplayer/com.pplive.tvplayer.player.video.VideoPlayerActivity](this:0xb8d504a8,id:768,api:1,p:27441,c:144) [release] fps:59.93, dur:1001.12, max:17.13, min:16.25
01-22 14:31:11.335: I/SurfaceView(27441): updateWindow -- OnPreDrawListener, mHaveFrame = true, this = android.view.SurfaceView$3@446f3760
01-22 14:31:11.343: W/ADB_SERVICES(514): entered. LS(11367) fd=42
01-22 14:31:11.351: I/SurfaceView(27441): updateWindow -- OnPreDrawListener, mHaveFrame = true, this = android.view.SurfaceView$3@446f3760
01-22 14:31:11.368: I/SurfaceView(27441): updateWindow -- OnPreDrawListener, mHaveFrame = true, this = android.view.SurfaceView$3@446f3760
01-22 14:31:11.374: W/ADB_SERVICES(514): create_local_service_socket() name=shell:ls -l -d /emmc@usrdata/
01-22 14:31:11.374: W/ADB_SERVICES(514): service_to_fd() name=shell:ls -l -d /emmc@usrdata/
01-22 14:31:11.374: W/ADB_SERVICES(514): read_meminfo() mem_free=35812
01-22 14:31:11.375: W/ADB_SERVICES(514): create_subprocess() ret_fd=42 pid=30721
01-22 14:31:11.375: W/ADB_SERVICES(514): LS(11368): bound to 'shell:ls -l -d /emmc@usrdata/' via 42
01-22 14:31:11.385: I/SurfaceView(27441): updateWindow -- OnPreDrawListener, mHaveFrame = true, this = android.view.SurfaceView$3@446f3760
01-22 14:31:11.389: W/ADB_SERVICES(514): entered. LS(11368) fd=42
01-22 14:31:11.401: I/SurfaceView(27441): updateWindow -- OnPreDrawListener, mHaveFrame = true, this = android.view.SurfaceView$3@446f3760
01-22 14:31:11.418: I/SurfaceView(27441): updateWindow -- OnPreDrawListener, mHaveFrame = true, this = android.view.SurfaceView$3@446f3760
01-22 14:31:11.435: I/SurfaceView(27441): updateWindow -- OnPreDrawListener, mHaveFrame = true, this = android.view.SurfaceView$3@446f3760
01-22 14:31:11.451: I/SurfaceView(27441): updateWindow -- OnPreDrawListener, mHaveFrame = true, this = android.view.SurfaceView$3@446f3760
01-22 14:31:11.468: I/SurfaceView(27441): updateWindow -- OnPreDrawListener, mHaveFrame = true, this = android.view.SurfaceView$3@446f3760
01-22 14:31:11.484: I/SurfaceView(27441): updateWindow -- OnPreDrawListener, mHaveFrame = true, this = android.view.SurfaceView$3@446f3760
01-22 14:31:11.501: I/SurfaceView(27441): updateWindow -- OnPreDrawListener, mHaveFrame = true, this = android.view.SurfaceView$3@446f3760
01-22 14:31:11.518: I/SurfaceView(27441): updateWindow -- OnPreDrawListener, mHaveFrame = true, this = android.view.SurfaceView$3@446f3760
01-22 14:31:11.535: I/SurfaceView(27441): updateWindow -- OnPreDrawListener, mHaveFrame = true, this = android.view.SurfaceView$3@446f3760
01-22 14:31:11.553: I/SurfaceView(27441): updateWindow -- OnPreDrawListener, mHaveFrame = true, this = android.view.SurfaceView$3@446f3760
01-22 14:31:11.568: I/SurfaceView(27441): updateWindow -- OnPreDrawListener, mHaveFrame = true, this = android.view.SurfaceView$3@446f3760
01-22 14:31:11.585: I/SurfaceView(27441): updateWindow -- OnPreDrawListener, mHaveFrame = true, this = android.view.SurfaceView$3@446f3760
01-22 14:31:11.601: I/SurfaceView(27441): updateWindow -- OnPreDrawListener, mHaveFrame = true, this = android.view.SurfaceView$3@446f3760
01-22 14:31:11.618: I/SurfaceView(27441): updateWindow -- OnPreDrawListener, mHaveFrame = true, this = android.view.SurfaceView$3@446f3760
01-22 14:31:11.635: I/SurfaceView(27441): updateWindow -- OnPreDrawListener, mHaveFrame = true, this = android.view.SurfaceView$3@446f3760
01-22 14:31:11.651: I/SurfaceView(27441): updateWindow -- OnPreDrawListener, mHaveFrame = true, this = android.view.SurfaceView$3@446f3760
01-22 14:31:11.668: I/SurfaceView(27441): updateWindow -- OnPreDrawListener, mHaveFrame = true, this = android.view.SurfaceView$3@446f3760
01-22 14:31:11.685: I/SurfaceView(27441): updateWindow -- OnPreDrawListener, mHaveFrame = true, this = android.view.SurfaceView$3@446f3760
01-22 14:31:11.704: I/SurfaceView(27441): updateWindow -- OnPreDrawListener, mHaveFrame = true, this = android.view.SurfaceView$3@446f3760
01-22 14:31:11.718: I/SurfaceView(27441): updateWindow -- OnPreDrawListener, mHaveFrame = true, this = android.view.SurfaceView$3@446f3760
01-22 14:31:11.735: I/SurfaceView(27441): updateWindow -- OnPreDrawListener, mHaveFrame = true, this = android.view.SurfaceView$3@446f3760
01-22 14:31:11.752: I/SurfaceView(27441): updateWindow -- OnPreDrawListener, mHaveFrame = true, this = android.view.SurfaceView$3@446f3760
01-22 14:31:11.768: I/SurfaceView(27441): updateWindow -- OnPreDrawListener, mHaveFrame = true, this = android.view.SurfaceView$3@446f3760
01-22 14:31:11.779: I/ANRManager(613): updateProcessStats
01-22 14:31:11.785: I/SurfaceView(27441): updateWindow -- OnPreDrawListener, mHaveFrame = true, this = android.view.SurfaceView$3@446f3760
01-22 14:31:11.802: I/SurfaceView(27441): updateWindow -- OnPreDrawListener, mHaveFrame = true, this = android.view.SurfaceView$3@446f3760
01-22 14:31:11.808: I/BufferQueue(144): [SurfaceView](this:0xb8d4bc90,id:769,api:2,p:27441,c:144) [queue] fps:23.64, dur:1057.32, max:78.56, min:10.42
01-22 14:31:11.818: I/SurfaceView(27441): updateWindow -- OnPreDrawListener, mHaveFrame = true, this = android.view.SurfaceView$3@446f3760
01-22 14:31:11.835: I/SurfaceView(27441): updateWindow -- OnPreDrawListener, mHaveFrame = true, this = android.view.SurfaceView$3@446f3760
01-22 14:31:11.852: I/BufferQueue(144): [SurfaceView](this:0xb8d4bc90,id:769,api:2,p:27441,c:144) [release] fps:22.97, dur:1001.41, max:83.54, min:16.78
01-22 14:31:11.864: I/SurfaceView(27441): updateWindow -- OnPreDrawListener, mHaveFrame = true, this = android.view.SurfaceView$3@446f3760
01-22 14:31:11.874: I/SurfaceView(27441): updateWindow -- OnPreDrawListener, mHaveFrame = true, this = android.view.SurfaceView$3@446f3760
01-22 14:31:11.885: I/SurfaceView(27441): updateWindow -- OnPreDrawListener, mHaveFrame = true, this = android.view.SurfaceView$3@446f3760
01-22 14:31:11.905: I/SurfaceView(27441): updateWindow -- OnPreDrawListener, mHaveFrame = true, this = android.view.SurfaceView$3@446f3760
01-22 14:31:11.918: I/SurfaceView(27441): updateWindow -- OnPreDrawListener, mHaveFrame = true, this = android.view.SurfaceView$3@446f3760
01-22 14:31:11.935: I/SurfaceView(27441): updateWindow -- OnPreDrawListener, mHaveFrame = true, this = android.view.SurfaceView$3@446f3760
01-22 14:31:11.952: I/SurfaceView(27441): updateWindow -- OnPreDrawListener, mHaveFrame = true, this = android.view.SurfaceView$3@446f3760
01-22 14:31:11.956: I/BufferQueue(144): [com.pplive.tvplayer/com.pplive.tvplayer.player.video.VideoPlayerActivity](this:0xb8d504a8,id:768,api:1,p:27441,c:144) [queue] fps:60.20, dur:1013.24, max:39.40, min:5.72
01-22 14:31:11.968: I/SurfaceView(27441): updateWindow -- OnPreDrawListener, mHaveFrame = true, this = android.view.SurfaceView$3@446f3760
01-22 14:31:11.985: I/SurfaceView(27441): updateWindow -- OnPreDrawListener, mHaveFrame = true, this = android.view.SurfaceView$3@446f3760
01-22 14:31:12.002: I/SurfaceView(27441): updateWindow -- OnPreDrawListener, mHaveFrame = true, this = android.view.SurfaceView$3@446f3760
01-22 14:31:12.019: I/SurfaceView(27441): updateWindow -- OnPreDrawListener, mHaveFrame = true, this = android.view.SurfaceView$3@446f3760
01-22 14:31:12.035: I/SurfaceView(27441): updateWindow -- OnPreDrawListener, mHaveFrame = true, this = android.view.SurfaceView$3@446f3760
01-22 14:31:12.053: I/SurfaceView(27441): updateWindow -- OnPreDrawListener, mHaveFrame = true, this = android.view.SurfaceView$3@446f3760
01-22 14:31:12.070: I/SurfaceView(27441): updateWindow -- OnPreDrawListener, mHaveFrame = true, this = android.view.SurfaceView$3@446f3760
01-22 14:31:12.085: I/SurfaceView(27441): updateWindow -- OnPreDrawListener, mHaveFrame = true, this = android.view.SurfaceView$3@446f3760
01-22 14:31:12.102: I/SurfaceView(27441): updateWindow -- OnPreDrawListener, mHaveFrame = true, this = android.view.SurfaceView$3@446f3760
01-22 14:31:12.118: I/SurfaceView(27441): updateWindow -- OnPreDrawListener, mHaveFrame = true, this = android.view.SurfaceView$3@446f3760
01-22 14:31:12.135: I/SurfaceView(27441): updateWindow -- OnPreDrawListener, mHaveFrame = true, this = android.view.SurfaceView$3@446f3760
01-22 14:31:12.152: I/SurfaceView(27441): updateWindow -- OnPreDrawListener, mHaveFrame = true, this = android.view.SurfaceView$3@446f3760
01-22 14:31:12.169: I/SurfaceView(27441): updateWindow -- OnPreDrawListener, mHaveFrame = true, this = android.view.SurfaceView$3@446f3760
01-22 14:31:12.185: I/SurfaceView(27441): updateWindow -- OnPreDrawListener, mHaveFrame = true, this = android.view.SurfaceView$3@446f3760
01-22 14:31:12.202: I/SurfaceView(27441): updateWindow -- OnPreDrawListener, mHaveFrame = true, this = android.view.SurfaceView$3@446f3760
01-22 14:31:12.219: I/SurfaceView(27441): updateWindow -- OnPreDrawListener, mHaveFrame = true, this = android.view.SurfaceView$3@446f3760
01-22 14:31:12.220: I/BufferQueue(144): [FrameBufferSurface_0](this:0xb8d3c848,id:0,api:1,p:144,c:144) [release] fps:59.97, dur:1000.48, max:17.97, min:15.90
01-22 14:31:12.236: I/SurfaceView(27441): updateWindow -- OnPreDrawListener, mHaveFrame = true, this = android.view.SurfaceView$3@446f3760
01-22 14:31:12.252: I/SurfaceView(27441): updateWindow -- OnPreDrawListener, mHaveFrame = true, this = android.view.SurfaceView$3@446f3760
01-22 14:31:12.269: I/SurfaceView(27441): updateWindow -- OnPreDrawListener, mHaveFrame = true, this = android.view.SurfaceView$3@446f3760
01-22 14:31:12.285: I/SurfaceView(27441): updateWindow -- OnPreDrawListener, mHaveFrame = true, this = android.view.SurfaceView$3@446f3760
01-22 14:31:12.305: I/SurfaceView(27441): updateWindow -- OnPreDrawListener, mHaveFrame = true, this = android.view.SurfaceView$3@446f3760
01-22 14:31:12.319: I/SurfaceView(27441): updateWindow -- OnPreDrawListener, mHaveFrame = true, this = android.view.SurfaceView$3@446f3760
01-22 14:31:12.320: I/BufferQueue(144): [FrameBufferSurface_0](this:0xb8d3c848,id:0,api:1,p:144,c:144) [queue] fps:59.92, dur:1001.35, max:17.98, min:15.90
01-22 14:31:12.320: I/SurfaceFlinger(144): [Built-in Screen (type:0)] fps:59.919273,dur:1001.35,max:17.98,min:15.91
01-22 14:31:12.335: I/SurfaceView(27441): updateWindow -- OnPreDrawListener, mHaveFrame = true, this = android.view.SurfaceView$3@446f3760
01-22 14:31:12.335: I/BufferQueue(144): [com.pplive.tvplayer/com.pplive.tvplayer.player.video.VideoPlayerActivity](this:0xb8d504a8,id:768,api:1,p:27441,c:144) [release] fps:59.95, dur:1000.82, max:17.97, min:15.51
01-22 14:31:12.352: I/SurfaceView(27441): updateWindow -- OnPreDrawListener, mHaveFrame = true, this = android.view.SurfaceView$3@446f3760
01-22 14:31:12.369: I/SurfaceView(27441): updateWindow -- OnPreDrawListener, mHaveFrame = true, this = android.view.SurfaceView$3@446f3760
01-22 14:31:12.386: I/SurfaceView(27441): updateWindow -- OnPreDrawListener, mHaveFrame = true, this = android.view.SurfaceView$3@446f3760
01-22 14:31:12.403: I/SurfaceView(27441): updateWindow -- OnPreDrawListener, mHaveFrame = true, this = android.view.SurfaceView$3@446f3760
01-22 14:31:12.419: I/SurfaceView(27441): updateWindow -- OnPreDrawListener, mHaveFrame = true, this = android.view.SurfaceView$3@446f3760
01-22 14:31:12.436: I/SurfaceView(27441): updateWindow -- OnPreDrawListener, mHaveFrame = true, this = android.view.SurfaceView$3@446f3760
01-22 14:31:12.452: I/SurfaceView(27441): updateWindow -- OnPreDrawListener, mHaveFrame = true, this = android.view.SurfaceView$3@446f3760
01-22 14:31:12.469: I/SurfaceView(27441): updateWindow -- OnPreDrawListener, mHaveFrame = true, this = android.view.SurfaceView$3@446f3760
01-22 14:31:12.486: I/SurfaceView(27441): updateWindow -- OnPreDrawListener, mHaveFrame = true, this = android.view.SurfaceView$3@446f3760
01-22 14:31:12.502: I/SurfaceView(27441): updateWindow -- OnPreDrawListener, mHaveFrame = true, this = android.view.SurfaceView$3@446f3760
01-22 14:31:12.519: I/SurfaceView(27441): updateWindow -- OnPreDrawListener, mHaveFrame = true, this = android.view.SurfaceView$3@446f3760
01-22 14:31:12.536: I/SurfaceView(27441): updateWindow -- OnPreDrawListener, mHaveFrame = true, this = android.view.SurfaceView$3@446f3760
01-22 14:31:12.552: I/SurfaceView(27441): updateWindow -- OnPreDrawListener, mHaveFrame = true, this = android.view.SurfaceView$3@446f3760
01-22 14:31:12.569: I/SurfaceView(27441): updateWindow -- OnPreDrawListener, mHaveFrame = true, this = android.view.SurfaceView$3@446f3760
01-22 14:31:12.586: I/SurfaceView(27441): updateWindow -- OnPreDrawListener, mHaveFrame = true, this = android.view.SurfaceView$3@446f3760
01-22 14:31:12.602: I/SurfaceView(27441): updateWindow -- OnPreDrawListener, mHaveFrame = true, this = android.view.SurfaceView$3@446f3760
01-22 14:31:12.619: I/SurfaceView(27441): updateWindow -- OnPreDrawListener, mHaveFrame = true, this = android.view.SurfaceView$3@446f3760
01-22 14:31:12.636: I/SurfaceView(27441): updateWindow -- OnPreDrawListener, mHaveFrame = true, this = android.view.SurfaceView$3@446f3760
01-22 14:31:12.652: I/SurfaceView(27441): updateWindow -- OnPreDrawListener, mHaveFrame = true, this = android.view.SurfaceView$3@446f3760
01-22 14:31:12.669: I/SurfaceView(27441): updateWindow -- OnPreDrawListener, mHaveFrame = true, this = android.view.SurfaceView$3@446f3760
01-22 14:31:12.686: I/SurfaceView(27441): updateWindow -- OnPreDrawListener, mHaveFrame = true, this = android.view.SurfaceView$3@446f3760
01-22 14:31:12.702: I/SurfaceView(27441): updateWindow -- OnPreDrawListener, mHaveFrame = true, this = android.view.SurfaceView$3@446f3760
01-22 14:31:12.719: I/SurfaceView(27441): updateWindow -- OnPreDrawListener, mHaveFrame = true, this = android.view.SurfaceView$3@446f3760
01-22 14:31:12.737: I/SurfaceView(27441): updateWindow -- OnPreDrawListener, mHaveFrame = true, this = android.view.SurfaceView$3@446f3760
01-22 14:31:12.753: I/SurfaceView(27441): updateWindow -- OnPreDrawListener, mHaveFrame = true, this = android.view.SurfaceView$3@446f3760
01-22 14:31:12.770: I/SurfaceView(27441): updateWindow -- OnPreDrawListener, mHaveFrame = true, this = android.view.SurfaceView$3@446f3760
01-22 14:31:12.786: I/SurfaceView(27441): updateWindow -- OnPreDrawListener, mHaveFrame = true, this = android.view.SurfaceView$3@446f3760
01-22 14:31:12.803: I/SurfaceView(27441): updateWindow -- OnPreDrawListener, mHaveFrame = true, this = android.view.SurfaceView$3@446f3760
01-22 14:31:12.810: I/BufferQueue(144): [SurfaceView](this:0xb8d4bc90,id:769,api:2,p:27441,c:144) [queue] fps:24.95, dur:1002.15, max:73.67, min:12.41
01-22 14:31:12.822: I/SurfaceView(27441): updateWindow -- OnPreDrawListener, mHaveFrame = true, this = android.view.SurfaceView$3@446f3760
01-22 14:31:12.836: I/SurfaceView(27441): updateWindow -- OnPreDrawListener, mHaveFrame = true, this = android.view.SurfaceView$3@446f3760
01-22 14:31:12.853: I/SurfaceView(27441): updateWindow -- OnPreDrawListener, mHaveFrame = true, this = android.view.SurfaceView$3@446f3760
01-22 14:31:12.869: I/SurfaceView(27441): updateWindow -- OnPreDrawListener, mHaveFrame = true, this = android.view.SurfaceView$3@446f3760
01-22 14:31:12.869: I/BufferQueue(144): [SurfaceView](this:0xb8d4bc90,id:769,api:2,p:27441,c:144) [release] fps:24.58, dur:1017.22, max:83.42, min:16.37
01-22 14:31:12.886: I/SurfaceView(27441): updateWindow -- OnPreDrawListener, mHaveFrame = true, this = android.view.SurfaceView$3@446f3760
01-22 14:31:12.903: I/SurfaceView(27441): updateWindow -- OnPreDrawListener, mHaveFrame = true, this = android.view.SurfaceView$3@446f3760
01-22 14:31:12.919: I/SurfaceView(27441): updateWindow -- OnPreDrawListener, mHaveFrame = true, this = android.view.SurfaceView$3@446f3760
01-22 14:31:12.936: I/SurfaceView(27441): updateWindow -- OnPreDrawListener, mHaveFrame = true, this = android.view.SurfaceView$3@446f3760
01-22 14:31:12.953: I/SurfaceView(27441): updateWindow -- OnPreDrawListener, mHaveFrame = true, this = android.view.SurfaceView$3@446f3760
01-22 14:31:12.957: I/BufferQueue(144): [com.pplive.tvplayer/com.pplive.tvplayer.player.video.VideoPlayerActivity](this:0xb8d504a8,id:768,api:1,p:27441,c:144) [queue] fps:59.91, dur:1001.46, max:23.13, min:12.09
01-22 14:31:12.970: I/SurfaceView(27441): updateWindow -- OnPreDrawListener, mHaveFrame = true, this = android.view.SurfaceView$3@446f3760
01-22 14:31:12.986: I/SurfaceView(27441): updateWindow -- OnPreDrawListener, mHaveFrame = true, this = android.view.SurfaceView$3@446f3760
01-22 14:31:13.005: I/SurfaceView(27441): updateWindow -- OnPreDrawListener, mHaveFrame = true, this = android.view.SurfaceView$3@446f3760
01-22 14:31:13.020: I/SurfaceView(27441): updateWindow -- OnPreDrawListener, mHaveFrame = true, this = android.view.SurfaceView$3@446f3760
01-22 14:31:13.036: I/SurfaceView(27441): updateWindow -- OnPreDrawListener, mHaveFrame = true, this = android.view.SurfaceView$3@446f3760
01-22 14:31:13.053: I/SurfaceView(27441): updateWindow -- OnPreDrawListener, mHaveFrame = true, this = android.view.SurfaceView$3@446f3760
01-22 14:31:13.070: I/SurfaceView(27441): updateWindow -- OnPreDrawListener, mHaveFrame = true, this = android.view.SurfaceView$3@446f3760
01-22 14:31:13.086: I/SurfaceView(27441): updateWindow -- OnPreDrawListener, mHaveFrame = true, this = android.view.SurfaceView$3@446f3760
01-22 14:31:13.103: I/SurfaceView(27441): updateWindow -- OnPreDrawListener, mHaveFrame = true, this = android.view.SurfaceView$3@446f3760
01-22 14:31:13.120: I/SurfaceView(27441): updateWindow -- OnPreDrawListener, mHaveFrame = true, this = android.view.SurfaceView$3@446f3760
01-22 14:31:13.136: I/SurfaceView(27441): updateWindow -- OnPreDrawListener, mHaveFrame = true, this = android.view.SurfaceView$3@446f3760
01-22 14:31:13.153: I/SurfaceView(27441): updateWindow -- OnPreDrawListener, mHaveFrame = true, this = android.view.SurfaceView$3@446f3760
01-22 14:31:13.170: I/SurfaceView(27441): updateWindow -- OnPreDrawListener, mHaveFrame = true, this = android.view.SurfaceView$3@446f3760
01-22 14:31:13.186: I/SurfaceView(27441): updateWindow -- OnPreDrawListener, mHaveFrame = true, this = android.view.SurfaceView$3@446f3760
01-22 14:31:13.203: I/SurfaceView(27441): updateWindow -- OnPreDrawListener, mHaveFrame = true, this = android.view.SurfaceView$3@446f3760
01-22 14:31:13.220: I/SurfaceView(27441): updateWindow -- OnPreDrawListener, mHaveFrame = true, this = android.view.SurfaceView$3@446f3760
01-22 14:31:13.221: I/BufferQueue(144): [FrameBufferSurface_0](this:0xb8d3c848,id:0,api:1,p:144,c:144) [release] fps:59.93, dur:1001.12, max:17.31, min:15.97
01-22 14:31:13.236: I/SurfaceView(27441): updateWindow -- OnPreDrawListener, mHaveFrame = true, this = android.view.SurfaceView$3@446f3760
01-22 14:31:13.253: I/SurfaceView(27441): updateWindow -- OnPreDrawListener, mHaveFrame = true, this = android.view.SurfaceView$3@446f3760
01-22 14:31:13.270: I/SurfaceView(27441): updateWindow -- OnPreDrawListener, mHaveFrame = true, this = android.view.SurfaceView$3@446f3760
01-22 14:31:13.287: I/SurfaceView(27441): updateWindow -- OnPreDrawListener, mHaveFrame = true, this = android.view.SurfaceView$3@446f3760
01-22 14:31:13.303: I/SurfaceView(27441): updateWindow -- OnPreDrawListener, mHaveFrame = true, this = android.view.SurfaceView$3@446f3760
01-22 14:31:13.320: I/SurfaceView(27441): updateWindow -- OnPreDrawListener, mHaveFrame = true, this = android.view.SurfaceView$3@446f3760
01-22 14:31:13.321: I/BufferQueue(144): [FrameBufferSurface_0](this:0xb8d3c848,id:0,api:1,p:144,c:144) [queue] fps:59.96, dur:1000.66, max:17.31, min:15.97
01-22 14:31:13.321: I/SurfaceFlinger(144): [Built-in Screen (type:0)] fps:59.958969,dur:1000.68,max:17.27,min:15.97
01-22 14:31:13.336: I/SurfaceView(27441): updateWindow -- OnPreDrawListener, mHaveFrame = true, this = android.view.SurfaceView$3@446f3760
01-22 14:31:13.337: I/BufferQueue(144): [com.pplive.tvplayer/com.pplive.tvplayer.player.video.VideoPlayerActivity](this:0xb8d504a8,id:768,api:1,p:27441,c:144) [release] fps:59.93, dur:1001.12, max:17.22, min:16.15
01-22 14:31:13.354: I/SurfaceView(27441): updateWindow -- OnPreDrawListener, mHaveFrame = true, this = android.view.SurfaceView$3@446f3760
01-22 14:31:13.370: I/SurfaceView(27441): updateWindow -- OnPreDrawListener, mHaveFrame = true, this = android.view.SurfaceView$3@446f3760
01-22 14:31:13.387: I/SurfaceView(27441): updateWindow -- OnPreDrawListener, mHaveFrame = true, this = android.view.SurfaceView$3@446f3760
01-22 14:31:13.403: I/SurfaceView(27441): updateWindow -- OnPreDrawListener, mHaveFrame = true, this = android.view.SurfaceView$3@446f3760
01-22 14:31:13.420: I/SurfaceView(27441): updateWindow -- OnPreDrawListener, mHaveFrame = true, this = android.view.SurfaceView$3@446f3760
01-22 14:31:13.435: I/WifiStateMachine(613): fetchRssiAndLinkSpeedNative, newRssi:-56, newLinkSpeed:121, SSID:"PPTV QA"
01-22 14:31:13.440: I/SurfaceView(27441): updateWindow -- OnPreDrawListener, mHaveFrame = true, this = android.view.SurfaceView$3@446f3760
01-22 14:31:13.448: I/HomeNetworkModel(957): action = android.net.wifi.RSSI_CHANGED
01-22 14:31:13.452: I/HomeNetworkModel(957): signalStrength = 3
01-22 14:31:13.452: I/HomeNetworkModel(957): createHomeNetworkData : [action=android.net.wifi.RSSI_CHANGED][networkStatus=3][typeName=WIFI][isConntected=true][speed=121][ssid=PPTV QA][units=Mbps]
01-22 14:31:13.454: I/SurfaceView(27441): updateWindow -- OnPreDrawListener, mHaveFrame = true, this = android.view.SurfaceView$3@446f3760
01-22 14:31:13.470: I/SurfaceView(27441): updateWindow -- OnPreDrawListener, mHaveFrame = true, this = android.view.SurfaceView$3@446f3760
01-22 14:31:13.475: I/System.out(957): [CDS]rx timeout:60000
01-22 14:31:13.476: I/System.out(957): [CDS]close[43200]
01-22 14:31:13.478: I/System.out(957): close [socket][/0.0.0.0:43200]
01-22 14:31:13.482: I/FrameworkListener(140): onDataAvailable get 49 bytes 
01-22 14:31:13.488: I/SurfaceView(27441): updateWindow -- OnPreDrawListener, mHaveFrame = true, this = android.view.SurfaceView$3@446f3760
01-22 14:31:13.489: I/System.out(957): propertyValue:true
01-22 14:31:13.490: I/System.out(957): [socket][1189] connection weixin.ppbox.pptv.com/183.129.205.157:80;LocalPort=43125(60000)
01-22 14:31:13.490: I/System.out(957): [CDS]connect[weixin.ppbox.pptv.com/183.129.205.157:80] tm:60
01-22 14:31:13.502: I/System.out(957): [socket][/192.168.200.6:43125] connected
01-22 14:31:13.502: I/System.out(957): [CDS]rx timeout:60000
01-22 14:31:13.505: I/SurfaceView(27441): updateWindow -- OnPreDrawListener, mHaveFrame = true, this = android.view.SurfaceView$3@446f3760
01-22 14:31:13.520: I/SurfaceView(27441): updateWindow -- OnPreDrawListener, mHaveFrame = true, this = android.view.SurfaceView$3@446f3760
01-22 14:31:13.523: I/System.out(957): [CDS]rx timeout:100
01-22 14:31:13.523: I/System.out(957): [CDS]rx timeout:60000
01-22 14:31:13.537: I/SurfaceView(27441): updateWindow -- OnPreDrawListener, mHaveFrame = true, this = android.view.SurfaceView$3@446f3760
01-22 14:31:13.553: I/SurfaceView(27441): updateWindow -- OnPreDrawListener, mHaveFrame = true, this = android.view.SurfaceView$3@446f3760
01-22 14:31:13.570: I/SurfaceView(27441): updateWindow -- OnPreDrawListener, mHaveFrame = true, this = android.view.SurfaceView$3@446f3760
01-22 14:31:13.587: I/SurfaceView(27441): updateWindow -- OnPreDrawListener, mHaveFrame = true, this = android.view.SurfaceView$3@446f3760
01-22 14:31:13.604: I/SurfaceView(27441): updateWindow -- OnPreDrawListener, mHaveFrame = true, this = android.view.SurfaceView$3@446f3760
01-22 14:31:13.620: I/SurfaceView(27441): updateWindow -- OnPreDrawListener, mHaveFrame = true, this = android.view.SurfaceView$3@446f3760
01-22 14:31:13.637: I/SurfaceView(27441): updateWindow -- OnPreDrawListener, mHaveFrame = true, this = android.view.SurfaceView$3@446f3760
01-22 14:31:13.653: I/SurfaceView(27441): updateWindow -- OnPreDrawListener, mHaveFrame = true, this = android.view.SurfaceView$3@446f3760
01-22 14:31:13.670: I/SurfaceView(27441): updateWindow -- OnPreDrawListener, mHaveFrame = true, this = android.view.SurfaceView$3@446f3760
01-22 14:31:13.687: I/SurfaceView(27441): updateWindow -- OnPreDrawListener, mHaveFrame = true, this = android.view.SurfaceView$3@446f3760
01-22 14:31:13.703: I/SurfaceView(27441): updateWindow -- OnPreDrawListener, mHaveFrame = true, this = android.view.SurfaceView$3@446f3760
01-22 14:31:13.723: I/SurfaceView(27441): updateWindow -- OnPreDrawListener, mHaveFrame = true, this = android.view.SurfaceView$3@446f3760
01-22 14:31:13.737: I/SurfaceView(27441): updateWindow -- OnPreDrawListener, mHaveFrame = true, this = android.view.SurfaceView$3@446f3760
01-22 14:31:13.754: I/SurfaceView(27441): updateWindow -- OnPreDrawListener, mHaveFrame = true, this = android.view.SurfaceView$3@446f3760
01-22 14:31:13.770: I/SurfaceView(27441): updateWindow -- OnPreDrawListener, mHaveFrame = true, this = android.view.SurfaceView$3@446f3760
01-22 14:31:13.789: I/SurfaceView(27441): updateWindow -- OnPreDrawListener, mHaveFrame = true, this = android.view.SurfaceView$3@446f3760
01-22 14:31:13.804: I/SurfaceView(27441): updateWindow -- OnPreDrawListener, mHaveFrame = true, this = android.view.SurfaceView$3@446f3760
01-22 14:31:13.820: I/BufferQueue(144): [SurfaceView](this:0xb8d4bc90,id:769,api:2,p:27441,c:144) [queue] fps:23.77, dur:1009.83, max:78.84, min:9.41
01-22 14:31:13.820: I/SurfaceView(27441): updateWindow -- OnPreDrawListener, mHaveFrame = true, this = android.view.SurfaceView$3@446f3760
01-22 14:31:13.837: I/SurfaceView(27441): updateWindow -- OnPreDrawListener, mHaveFrame = true, this = android.view.SurfaceView$3@446f3760
01-22 14:31:13.854: I/SurfaceView(27441): updateWindow -- OnPreDrawListener, mHaveFrame = true, this = android.view.SurfaceView$3@446f3760
01-22 14:31:13.870: I/SurfaceView(27441): updateWindow -- OnPreDrawListener, mHaveFrame = true, this = android.view.SurfaceView$3@446f3760
01-22 14:31:13.870: I/BufferQueue(144): [SurfaceView](this:0xb8d4bc90,id:769,api:2,p:27441,c:144) [release] fps:23.97, dur:1001.13, max:66.79, min:16.58
01-22 14:31:13.887: I/SurfaceView(27441): updateWindow -- OnPreDrawListener, mHaveFrame = true, this = android.view.SurfaceView$3@446f3760
01-22 14:31:13.904: I/SurfaceView(27441): updateWindow -- OnPreDrawListener, mHaveFrame = true, this = android.view.SurfaceView$3@446f3760
01-22 14:31:13.920: I/SurfaceView(27441): updateWindow -- OnPreDrawListener, mHaveFrame = true, this = android.view.SurfaceView$3@446f3760
01-22 14:31:13.937: I/SurfaceView(27441): updateWindow -- OnPreDrawListener, mHaveFrame = true, this = android.view.SurfaceView$3@446f3760
01-22 14:31:13.954: I/SurfaceView(27441): updateWindow -- OnPreDrawListener, mHaveFrame = true, this = android.view.SurfaceView$3@446f3760
01-22 14:31:13.965: I/BufferQueue(144): [com.pplive.tvplayer/com.pplive.tvplayer.player.video.VideoPlayerActivity](this:0xb8d504a8,id:768,api:1,p:27441,c:144) [queue] fps:59.54, dur:1007.71, max:26.85, min:9.21
01-22 14:31:13.970: I/SurfaceView(27441): updateWindow -- OnPreDrawListener, mHaveFrame = true, this = android.view.SurfaceView$3@446f3760
01-22 14:31:13.987: I/SurfaceView(27441): updateWindow -- OnPreDrawListener, mHaveFrame = true, this = android.view.SurfaceView$3@446f3760
01-22 14:31:14.004: I/SurfaceView(27441): updateWindow -- OnPreDrawListener, mHaveFrame = true, this = android.view.SurfaceView$3@446f3760
01-22 14:31:14.020: I/SurfaceView(27441): updateWindow -- OnPreDrawListener, mHaveFrame = true, this = android.view.SurfaceView$3@446f3760
01-22 14:31:14.037: I/SurfaceView(27441): updateWindow -- OnPreDrawListener, mHaveFrame = true, this = android.view.SurfaceView$3@446f3760
01-22 14:31:14.054: I/SurfaceView(27441): updateWindow -- OnPreDrawListener, mHaveFrame = true, this = android.view.SurfaceView$3@446f3760
01-22 14:31:14.077: I/SurfaceView(27441): updateWindow -- OnPreDrawListener, mHaveFrame = true, this = android.view.SurfaceView$3@446f3760
01-22 14:31:14.087: I/SurfaceView(27441): updateWindow -- OnPreDrawListener, mHaveFrame = true, this = android.view.SurfaceView$3@446f3760
01-22 14:31:14.104: I/SurfaceView(27441): updateWindow -- OnPreDrawListener, mHaveFrame = true, this = android.view.SurfaceView$3@446f3760
01-22 14:31:14.121: I/SurfaceView(27441): updateWindow -- OnPreDrawListener, mHaveFrame = true, this = android.view.SurfaceView$3@446f3760
01-22 14:31:14.137: I/SurfaceView(27441): updateWindow -- OnPreDrawListener, mHaveFrame = true, this = android.view.SurfaceView$3@446f3760
01-22 14:31:14.154: I/SurfaceView(27441): updateWindow -- OnPreDrawListener, mHaveFrame = true, this = android.view.SurfaceView$3@446f3760
01-22 14:31:14.171: I/SurfaceView(27441): updateWindow -- OnPreDrawListener, mHaveFrame = true, this = android.view.SurfaceView$3@446f3760
01-22 14:31:14.192: I/SurfaceView(27441): updateWindow -- OnPreDrawListener, mHaveFrame = true, this = android.view.SurfaceView$3@446f3760
01-22 14:31:14.207: I/SurfaceView(27441): updateWindow -- OnPreDrawListener, mHaveFrame = true, this = android.view.SurfaceView$3@446f3760
01-22 14:31:14.221: I/SurfaceView(27441): updateWindow -- OnPreDrawListener, mHaveFrame = true, this = android.view.SurfaceView$3@446f3760
01-22 14:31:14.222: I/BufferQueue(144): [FrameBufferSurface_0](this:0xb8d3c848,id:0,api:1,p:144,c:144) [release] fps:59.96, dur:1000.75, max:17.24, min:15.75
01-22 14:31:14.237: I/SurfaceView(27441): updateWindow -- OnPreDrawListener, mHaveFrame = true, this = android.view.SurfaceView$3@446f3760
01-22 14:31:14.254: I/SurfaceView(27441): updateWindow -- OnPreDrawListener, mHaveFrame = true, this = android.view.SurfaceView$3@446f3760
01-22 14:31:14.271: I/SurfaceView(27441): updateWindow -- OnPreDrawListener, mHaveFrame = true, this = android.view.SurfaceView$3@446f3760
01-22 14:31:14.288: I/SurfaceView(27441): updateWindow -- OnPreDrawListener, mHaveFrame = true, this = android.view.SurfaceView$3@446f3760
01-22 14:31:14.304: I/SurfaceView(27441): updateWindow -- OnPreDrawListener, mHaveFrame = true, this = android.view.SurfaceView$3@446f3760
01-22 14:31:14.321: I/SurfaceView(27441): updateWindow -- OnPreDrawListener, mHaveFrame = true, this = android.view.SurfaceView$3@446f3760
01-22 14:31:14.322: I/BufferQueue(144): [FrameBufferSurface_0](this:0xb8d3c848,id:0,api:1,p:144,c:144) [queue] fps:59.95, dur:1000.90, max:17.23, min:15.75
01-22 14:31:14.322: I/SurfaceFlinger(144): [Built-in Screen (type:0)] fps:59.945545,dur:1000.91,max:17.27,min:15.76
01-22 14:31:14.337: I/SurfaceView(27441): updateWindow -- OnPreDrawListener, mHaveFrame = true, this = android.view.SurfaceView$3@446f3760
01-22 14:31:14.338: I/BufferQueue(144): [com.pplive.tvplayer/com.pplive.tvplayer.player.video.VideoPlayerActivity](this:0xb8d504a8,id:768,api:1,p:27441,c:144) [release] fps:59.94, dur:1001.06, max:17.16, min:16.09
01-22 14:31:14.354: I/SurfaceView(27441): updateWindow -- OnPreDrawListener, mHaveFrame = true, this = android.view.SurfaceView$3@446f3760
01-22 14:31:14.374: I/SurfaceView(27441): updateWindow -- OnPreDrawListener, mHaveFrame = true, this = android.view.SurfaceView$3@446f3760
01-22 14:31:14.388: I/SurfaceView(27441): updateWindow -- OnPreDrawListener, mHaveFrame = true, this = android.view.SurfaceView$3@446f3760
01-22 14:31:14.404: I/SurfaceView(27441): updateWindow -- OnPreDrawListener, mHaveFrame = true, this = android.view.SurfaceView$3@446f3760
01-22 14:31:14.421: I/SurfaceView(27441): updateWindow -- OnPreDrawListener, mHaveFrame = true, this = android.view.SurfaceView$3@446f3760
01-22 14:31:14.438: I/SurfaceView(27441): updateWindow -- OnPreDrawListener, mHaveFrame = true, this = android.view.SurfaceView$3@446f3760
01-22 14:31:14.454: I/SurfaceView(27441): updateWindow -- OnPreDrawListener, mHaveFrame = true, this = android.view.SurfaceView$3@446f3760
01-22 14:31:14.471: I/SurfaceView(27441): updateWindow -- OnPreDrawListener, mHaveFrame = true, this = android.view.SurfaceView$3@446f3760
01-22 14:31:14.488: I/SurfaceView(27441): updateWindow -- OnPreDrawListener, mHaveFrame = true, this = android.view.SurfaceView$3@446f3760
01-22 14:31:14.504: I/SurfaceView(27441): updateWindow -- OnPreDrawListener, mHaveFrame = true, this = android.view.SurfaceView$3@446f3760
01-22 14:31:14.521: I/SurfaceView(27441): updateWindow -- OnPreDrawListener, mHaveFrame = true, this = android.view.SurfaceView$3@446f3760
01-22 14:31:14.538: I/SurfaceView(27441): updateWindow -- OnPreDrawListener, mHaveFrame = true, this = android.view.SurfaceView$3@446f3760
01-22 14:31:14.554: I/SurfaceView(27441): updateWindow -- OnPreDrawListener, mHaveFrame = true, this = android.view.SurfaceView$3@446f3760
01-22 14:31:14.571: I/SurfaceView(27441): updateWindow -- OnPreDrawListener, mHaveFrame = true, this = android.view.SurfaceView$3@446f3760
01-22 14:31:14.588: I/SurfaceView(27441): updateWindow -- OnPreDrawListener, mHaveFrame = true, this = android.view.SurfaceView$3@446f3760
01-22 14:31:14.604: I/SurfaceView(27441): updateWindow -- OnPreDrawListener, mHaveFrame = true, this = android.view.SurfaceView$3@446f3760
01-22 14:31:14.621: I/SurfaceView(27441): updateWindow -- OnPreDrawListener, mHaveFrame = true, this = android.view.SurfaceView$3@446f3760
01-22 14:31:14.638: I/SurfaceView(27441): updateWindow -- OnPreDrawListener, mHaveFrame = true, this = android.view.SurfaceView$3@446f3760
01-22 14:31:14.655: I/SurfaceView(27441): updateWindow -- OnPreDrawListener, mHaveFrame = true, this = android.view.SurfaceView$3@446f3760
01-22 14:31:14.671: I/SurfaceView(27441): updateWindow -- OnPreDrawListener, mHaveFrame = true, this = android.view.SurfaceView$3@446f3760
01-22 14:31:14.688: I/SurfaceView(27441): updateWindow -- OnPreDrawListener, mHaveFrame = true, this = android.view.SurfaceView$3@446f3760
01-22 14:31:14.705: I/SurfaceView(27441): updateWindow -- OnPreDrawListener, mHaveFrame = true, this = android.view.SurfaceView$3@446f3760
01-22 14:31:14.721: I/SurfaceView(27441): updateWindow -- OnPreDrawListener, mHaveFrame = true, this = android.view.SurfaceView$3@446f3760
01-22 14:31:14.738: I/SurfaceView(27441): updateWindow -- OnPreDrawListener, mHaveFrame = true, this = android.view.SurfaceView$3@446f3760
01-22 14:31:14.755: I/SurfaceView(27441): updateWindow -- OnPreDrawListener, mHaveFrame = true, this = android.view.SurfaceView$3@446f3760
01-22 14:31:14.771: I/SurfaceView(27441): updateWindow -- OnPreDrawListener, mHaveFrame = true, this = android.view.SurfaceView$3@446f3760
01-22 14:31:14.788: I/SurfaceView(27441): updateWindow -- OnPreDrawListener, mHaveFrame = true, this = android.view.SurfaceView$3@446f3760
01-22 14:31:14.805: I/SurfaceView(27441): updateWindow -- OnPreDrawListener, mHaveFrame = true, this = android.view.SurfaceView$3@446f3760
01-22 14:31:14.821: I/SurfaceView(27441): updateWindow -- OnPreDrawListener, mHaveFrame = true, this = android.view.SurfaceView$3@446f3760
01-22 14:31:14.840: I/SurfaceView(27441): updateWindow -- OnPreDrawListener, mHaveFrame = true, this = android.view.SurfaceView$3@446f3760
01-22 14:31:14.843: I/BufferQueue(144): [SurfaceView](this:0xb8d4bc90,id:769,api:2,p:27441,c:144) [queue] fps:23.45, dur:1023.26, max:69.86, min:12.58
01-22 14:31:14.858: I/SurfaceView(27441): updateWindow -- OnPreDrawListener, mHaveFrame = true, this = android.view.SurfaceView$3@446f3760
01-22 14:31:14.871: I/SurfaceView(27441): updateWindow -- OnPreDrawListener, mHaveFrame = true, this = android.view.SurfaceView$3@446f3760
01-22 14:31:14.871: I/BufferQueue(144): [SurfaceView](this:0xb8d4bc90,id:769,api:2,p:27441,c:144) [release] fps:23.98, dur:1000.93, max:66.93, min:16.34
01-22 14:31:14.888: I/SurfaceView(27441): updateWindow -- OnPreDrawListener, mHaveFrame = true, this = android.view.SurfaceView$3@446f3760
01-22 14:31:14.905: I/SurfaceView(27441): updateWindow -- OnPreDrawListener, mHaveFrame = true, this = android.view.SurfaceView$3@446f3760
01-22 14:31:14.922: I/SurfaceView(27441): updateWindow -- OnPreDrawListener, mHaveFrame = true, this = android.view.SurfaceView$3@446f3760
01-22 14:31:14.938: I/SurfaceView(27441): updateWindow -- OnPreDrawListener, mHaveFrame = true, this = android.view.SurfaceView$3@446f3760
01-22 14:31:14.955: I/SurfaceView(27441): updateWindow -- OnPreDrawListener, mHaveFrame = true, this = android.view.SurfaceView$3@446f3760
01-22 14:31:14.971: I/SurfaceView(27441): updateWindow -- OnPreDrawListener, mHaveFrame = true, this = android.view.SurfaceView$3@446f3760
01-22 14:31:14.977: I/BufferQueue(144): [com.pplive.tvplayer/com.pplive.tvplayer.player.video.VideoPlayerActivity](this:0xb8d504a8,id:768,api:1,p:27441,c:144) [queue] fps:60.28, dur:1011.98, max:24.53, min:9.05
01-22 14:31:14.988: I/SurfaceView(27441): updateWindow -- OnPreDrawListener, mHaveFrame = true, this = android.view.SurfaceView$3@446f3760
01-22 14:31:15.005: I/SurfaceView(27441): updateWindow -- OnPreDrawListener, mHaveFrame = true, this = android.view.SurfaceView$3@446f3760
01-22 14:31:15.022: I/SurfaceView(27441): updateWindow -- OnPreDrawListener, mHaveFrame = true, this = android.view.SurfaceView$3@446f3760
01-22 14:31:15.039: I/SurfaceView(27441): updateWindow -- OnPreDrawListener, mHaveFrame = true, this = android.view.SurfaceView$3@446f3760
01-22 14:31:15.055: I/SurfaceView(27441): updateWindow -- OnPreDrawListener, mHaveFrame = true, this = android.view.SurfaceView$3@446f3760
01-22 14:31:15.071: I/SurfaceView(27441): updateWindow -- OnPreDrawListener, mHaveFrame = true, this = android.view.SurfaceView$3@446f3760
01-22 14:31:15.088: I/SurfaceView(27441): updateWindow -- OnPreDrawListener, mHaveFrame = true, this = android.view.SurfaceView$3@446f3760
01-22 14:31:15.105: I/SurfaceView(27441): updateWindow -- OnPreDrawListener, mHaveFrame = true, this = android.view.SurfaceView$3@446f3760
01-22 14:31:15.122: I/SurfaceView(27441): updateWindow -- OnPreDrawListener, mHaveFrame = true, this = android.view.SurfaceView$3@446f3760
01-22 14:31:15.139: I/SurfaceView(27441): updateWindow -- OnPreDrawListener, mHaveFrame = true, this = android.view.SurfaceView$3@446f3760
01-22 14:31:15.155: I/SurfaceView(27441): updateWindow -- OnPreDrawListener, mHaveFrame = true, this = android.view.SurfaceView$3@446f3760
01-22 14:31:15.172: I/SurfaceView(27441): updateWindow -- OnPreDrawListener, mHaveFrame = true, this = android.view.SurfaceView$3@446f3760
01-22 14:31:15.188: I/SurfaceView(27441): updateWindow -- OnPreDrawListener, mHaveFrame = true, this = android.view.SurfaceView$3@446f3760
01-22 14:31:15.205: I/SurfaceView(27441): updateWindow -- OnPreDrawListener, mHaveFrame = true, this = android.view.SurfaceView$3@446f3760
01-22 14:31:15.222: I/SurfaceView(27441): updateWindow -- OnPreDrawListener, mHaveFrame = true, this = android.view.SurfaceView$3@446f3760
01-22 14:31:15.223: I/BufferQueue(144): [FrameBufferSurface_0](this:0xb8d3c848,id:0,api:1,p:144,c:144) [release] fps:59.94, dur:1001.04, max:17.46, min:15.97
01-22 14:31:15.239: I/SurfaceView(27441): updateWindow -- OnPreDrawListener, mHaveFrame = true, this = android.view.SurfaceView$3@446f3760
01-22 14:31:15.255: I/SurfaceView(27441): updateWindow -- OnPreDrawListener, mHaveFrame = true, this = android.view.SurfaceView$3@446f3760
01-22 14:31:15.272: I/SurfaceView(27441): updateWindow -- OnPreDrawListener, mHaveFrame = true, this = android.view.SurfaceView$3@446f3760
01-22 14:31:15.288: I/SurfaceView(27441): updateWindow -- OnPreDrawListener, mHaveFrame = true, this = android.view.SurfaceView$3@446f3760
01-22 14:31:15.305: I/SurfaceView(27441): updateWindow -- OnPreDrawListener, mHaveFrame = true, this = android.view.SurfaceView$3@446f3760
01-22 14:31:15.322: I/SurfaceView(27441): updateWindow -- OnPreDrawListener, mHaveFrame = true, this = android.view.SurfaceView$3@446f3760
01-22 14:31:15.323: I/BufferQueue(144): [FrameBufferSurface_0](this:0xb8d3c848,id:0,api:1,p:144,c:144) [queue] fps:59.94, dur:1001.07, max:17.46, min:15.97
01-22 14:31:15.323: I/SurfaceFlinger(144): [Built-in Screen (type:0)] fps:59.936855,dur:1001.05,max:17.44,min:15.99
01-22 14:31:15.338: I/BufferQueue(144): [com.pplive.tvplayer/com.pplive.tvplayer.player.video.VideoPlayerActivity](this:0xb8d504a8,id:768,api:1,p:27441,c:144) [release] fps:59.95, dur:1000.83, max:17.14, min:16.30
01-22 14:31:15.339: I/SurfaceView(27441): updateWindow -- OnPreDrawListener, mHaveFrame = true, this = android.view.SurfaceView$3@446f3760
01-22 14:31:15.355: I/SurfaceView(27441): updateWindow -- OnPreDrawListener, mHaveFrame = true, this = android.view.SurfaceView$3@446f3760
01-22 14:31:15.372: I/SurfaceView(27441): updateWindow -- OnPreDrawListener, mHaveFrame = true, this = android.view.SurfaceView$3@446f3760
01-22 14:31:15.388: I/SurfaceView(27441): updateWindow -- OnPreDrawListener, mHaveFrame = true, this = android.view.SurfaceView$3@446f3760
01-22 14:31:15.405: I/SurfaceView(27441): updateWindow -- OnPreDrawListener, mHaveFrame = true, this = android.view.SurfaceView$3@446f3760
01-22 14:31:15.423: I/SurfaceView(27441): updateWindow -- OnPreDrawListener, mHaveFrame = true, this = android.view.SurfaceView$3@446f3760
01-22 14:31:15.439: I/SurfaceView(27441): updateWindow -- OnPreDrawListener, mHaveFrame = true, this = android.view.SurfaceView$3@446f3760
01-22 14:31:15.457: I/SurfaceView(27441): updateWindow -- OnPreDrawListener, mHaveFrame = true, this = android.view.SurfaceView$3@446f3760
01-22 14:31:15.472: I/SurfaceView(27441): updateWindow -- OnPreDrawListener, mHaveFrame = true, this = android.view.SurfaceView$3@446f3760
01-22 14:31:15.493: I/SurfaceView(27441): updateWindow -- OnPreDrawListener, mHaveFrame = true, this = android.view.SurfaceView$3@446f3760
01-22 14:31:15.506: I/SurfaceView(27441): updateWindow -- OnPreDrawListener, mHaveFrame = true, this = android.view.SurfaceView$3@446f3760
