01-22 14:31:20.293: I/SurfaceView(27441): updateWindow -- OnPreDrawListener, mHaveFrame = true, this = android.view.SurfaceView$3@446f3760
01-22 14:31:20.311: I/SurfaceView(27441): updateWindow -- OnPreDrawListener, mHaveFrame = true, this = android.view.SurfaceView$3@446f3760
01-22 14:31:20.329: I/BufferQueue(144): [FrameBufferSurface_0](this:0xb8d3c848,id:0,api:1,p:144,c:144) [queue] fps:59.97, dur:1000.46, max:18.54, min:14.61
01-22 14:31:20.329: I/SurfaceFlinger(144): [Built-in Screen (type:0)] fps:59.972427,dur:1000.46,max:18.54,min:14.63
01-22 14:31:20.331: I/SurfaceView(27441): updateWindow -- OnPreDrawListener, mHaveFrame = true, this = android.view.SurfaceView$3@446f3760
01-22 14:31:20.344: I/BufferQueue(144): [com.pplive.tvplayer/com.pplive.tvplayer.player.video.VideoPlayerActivity](this:0xb8d504a8,id:768,api:1,p:27441,c:144) [release] fps:59.92, dur:1001.29, max:18.81, min:14.48
01-22 14:31:20.345: I/SurfaceView(27441): updateWindow -- OnPreDrawListener, mHaveFrame = true, this = android.view.SurfaceView$3@446f3760
01-22 14:31:20.361: I/SurfaceView(27441): updateWindow -- OnPreDrawListener, mHaveFrame = true, this = android.view.SurfaceView$3@446f3760
01-22 14:31:20.377: I/SurfaceView(27441): updateWindow -- OnPreDrawListener, mHaveFrame = true, this = android.view.SurfaceView$3@446f3760
01-22 14:31:20.394: I/SurfaceView(27441): updateWindow -- OnPreDrawListener, mHaveFrame = true, this = android.view.SurfaceView$3@446f3760
01-22 14:31:20.410: I/SurfaceView(27441): updateWindow -- OnPreDrawListener, mHaveFrame = true, this = android.view.SurfaceView$3@446f3760
01-22 14:31:20.427: I/SurfaceView(27441): updateWindow -- OnPreDrawListener, mHaveFrame = true, this = android.view.SurfaceView$3@446f3760
01-22 14:31:20.444: I/SurfaceView(27441): updateWindow -- OnPreDrawListener, mHaveFrame = true, this = android.view.SurfaceView$3@446f3760
01-22 14:31:20.461: I/SurfaceView(27441): updateWindow -- OnPreDrawListener, mHaveFrame = true, this = android.view.SurfaceView$3@446f3760
01-22 14:31:20.477: I/SurfaceView(27441): updateWindow -- OnPreDrawListener, mHaveFrame = true, this = android.view.SurfaceView$3@446f3760
01-22 14:31:20.494: I/SurfaceView(27441): updateWindow -- OnPreDrawListener, mHaveFrame = true, this = android.view.SurfaceView$3@446f3760
01-22 14:31:20.511: I/SurfaceView(27441): updateWindow -- OnPreDrawListener, mHaveFrame = true, this = android.view.SurfaceView$3@446f3760
01-22 14:31:20.527: I/SurfaceView(27441): updateWindow -- OnPreDrawListener, mHaveFrame = true, this = android.view.SurfaceView$3@446f3760
01-22 14:31:20.544: I/SurfaceView(27441): updateWindow -- OnPreDrawListener, mHaveFrame = true, this = android.view.SurfaceView$3@446f3760
01-22 14:31:20.561: I/SurfaceView(27441): updateWindow -- OnPreDrawListener, mHaveFrame = true, this = android.view.SurfaceView$3@446f3760
01-22 14:31:20.577: I/SurfaceView(27441): updateWindow -- OnPreDrawListener, mHaveFrame = true, this = android.view.SurfaceView$3@446f3760
01-22 14:31:20.594: I/SurfaceView(27441): updateWindow -- OnPreDrawListener, mHaveFrame = true, this = android.view.SurfaceView$3@446f3760
01-22 14:31:20.610: I/SurfaceView(27441): updateWindow -- OnPreDrawListener, mHaveFrame = true, this = android.view.SurfaceView$3@446f3760
01-22 14:31:20.628: I/SurfaceView(27441): updateWindow -- OnPreDrawListener, mHaveFrame = true, this = android.view.SurfaceView$3@446f3760
01-22 14:31:20.644: I/SurfaceView(27441): updateWindow -- OnPreDrawListener, mHaveFrame = true, this = android.view.SurfaceView$3@446f3760
01-22 14:31:20.661: I/SurfaceView(27441): updateWindow -- OnPreDrawListener, mHaveFrame = true, this = android.view.SurfaceView$3@446f3760
01-22 14:31:20.677: I/SurfaceView(27441): updateWindow -- OnPreDrawListener, mHaveFrame = true, this = android.view.SurfaceView$3@446f3760
01-22 14:31:20.694: I/SurfaceView(27441): updateWindow -- OnPreDrawListener, mHaveFrame = true, this = android.view.SurfaceView$3@446f3760
01-22 14:31:20.711: I/SurfaceView(27441): updateWindow -- OnPreDrawListener, mHaveFrame = true, this = android.view.SurfaceView$3@446f3760
01-22 14:31:20.727: I/SurfaceView(27441): updateWindow -- OnPreDrawListener, mHaveFrame = true, this = android.view.SurfaceView$3@446f3760
01-22 14:31:20.744: I/SurfaceView(27441): updateWindow -- OnPreDrawListener, mHaveFrame = true, this = android.view.SurfaceView$3@446f3760
01-22 14:31:20.761: I/SurfaceView(27441): updateWindow -- OnPreDrawListener, mHaveFrame = true, this = android.view.SurfaceView$3@446f3760
01-22 14:31:20.778: I/SurfaceView(27441): updateWindow -- OnPreDrawListener, mHaveFrame = true, this = android.view.SurfaceView$3@446f3760
01-22 14:31:20.794: I/SurfaceView(27441): updateWindow -- OnPreDrawListener, mHaveFrame = true, this = android.view.SurfaceView$3@446f3760
01-22 14:31:20.811: I/SurfaceView(27441): updateWindow -- OnPreDrawListener, mHaveFrame = true, this = android.view.SurfaceView$3@446f3760
01-22 14:31:20.813: I/Neon-FFPlayer(27441): video_clock: 527610, audio_clock: 527616, delay: 13(msec)
01-22 14:31:20.827: I/SurfaceView(27441): updateWindow -- OnPreDrawListener, mHaveFrame = true, this = android.view.SurfaceView$3@446f3760
01-22 14:31:20.844: I/SurfaceView(27441): updateWindow -- OnPreDrawListener, mHaveFrame = true, this = android.view.SurfaceView$3@446f3760
01-22 14:31:20.861: I/SurfaceView(27441): updateWindow -- OnPreDrawListener, mHaveFrame = true, this = android.view.SurfaceView$3@446f3760
01-22 14:31:20.877: I/SurfaceView(27441): updateWindow -- OnPreDrawListener, mHaveFrame = true, this = android.view.SurfaceView$3@446f3760
01-22 14:31:20.894: I/SurfaceView(27441): updateWindow -- OnPreDrawListener, mHaveFrame = true, this = android.view.SurfaceView$3@446f3760
01-22 14:31:20.911: I/SurfaceView(27441): updateWindow -- OnPreDrawListener, mHaveFrame = true, this = android.view.SurfaceView$3@446f3760
01-22 14:31:20.927: I/SurfaceView(27441): updateWindow -- OnPreDrawListener, mHaveFrame = true, this = android.view.SurfaceView$3@446f3760
01-22 14:31:20.944: I/SurfaceView(27441): updateWindow -- OnPreDrawListener, mHaveFrame = true, this = android.view.SurfaceView$3@446f3760
01-22 14:31:20.961: I/SurfaceView(27441): updateWindow -- OnPreDrawListener, mHaveFrame = true, this = android.view.SurfaceView$3@446f3760
01-22 14:31:20.978: I/SurfaceView(27441): updateWindow -- OnPreDrawListener, mHaveFrame = true, this = android.view.SurfaceView$3@446f3760
01-22 14:31:20.978: I/BufferQueue(144): [SurfaceView](this:0xb8d4bc90,id:769,api:2,p:27441,c:144) [queue] fps:23.16, dur:1036.34, max:94.90, min:9.47
01-22 14:31:20.994: I/SurfaceView(27441): updateWindow -- OnPreDrawListener, mHaveFrame = true, this = android.view.SurfaceView$3@446f3760
01-22 14:31:20.994: I/BufferQueue(144): [SurfaceView](this:0xb8d4bc90,id:769,api:2,p:27441,c:144) [release] fps:23.41, dur:1067.78, max:100.18, min:16.29
01-22 14:31:21.013: I/SurfaceView(27441): updateWindow -- OnPreDrawListener, mHaveFrame = true, this = android.view.SurfaceView$3@446f3760
01-22 14:31:21.028: I/SurfaceView(27441): updateWindow -- OnPreDrawListener, mHaveFrame = true, this = android.view.SurfaceView$3@446f3760
01-22 14:31:21.037: I/BufferQueue(144): [com.pplive.tvplayer/com.pplive.tvplayer.player.video.VideoPlayerActivity](this:0xb8d504a8,id:768,api:1,p:27441,c:144) [queue] fps:59.92, dur:1001.40, max:25.48, min:10.85
01-22 14:31:21.044: W/ADB_SERVICES(514): create_local_service_socket() name=shell:ls -l /
01-22 14:31:21.044: W/ADB_SERVICES(514): service_to_fd() name=shell:ls -l /
01-22 14:31:21.045: W/ADB_SERVICES(514): read_meminfo() mem_free=34140
01-22 14:31:21.045: I/SurfaceView(27441): updateWindow -- OnPreDrawListener, mHaveFrame = true, this = android.view.SurfaceView$3@446f3760
01-22 14:31:21.045: W/ADB_SERVICES(514): create_subprocess() ret_fd=42 pid=30756
01-22 14:31:21.046: W/ADB_SERVICES(514): LS(11378): bound to 'shell:ls -l /' via 42
01-22 14:31:21.072: W/ADB_SERVICES(514): entered. LS(11378) fd=42
01-22 14:31:21.073: I/SurfaceView(27441): updateWindow -- OnPreDrawListener, mHaveFrame = true, this = android.view.SurfaceView$3@446f3760
01-22 14:31:21.085: W/ADB_SERVICES(514): create_local_service_socket() name=shell:ls -l -d /emmc@android/
01-22 14:31:21.085: W/ADB_SERVICES(514): service_to_fd() name=shell:ls -l -d /emmc@android/
01-22 14:31:21.085: W/ADB_SERVICES(514): read_meminfo() mem_free=34644
01-22 14:31:21.086: I/SurfaceView(27441): updateWindow -- OnPreDrawListener, mHaveFrame = true, this = android.view.SurfaceView$3@446f3760
01-22 14:31:21.086: W/ADB_SERVICES(514): create_subprocess() ret_fd=42 pid=30757
01-22 14:31:21.087: W/ADB_SERVICES(514): LS(11379): bound to 'shell:ls -l -d /emmc@android/' via 42
01-22 14:31:21.100: W/ADB_SERVICES(514): entered. LS(11379) fd=42
01-22 14:31:21.103: I/SurfaceView(27441): updateWindow -- OnPreDrawListener, mHaveFrame = true, this = android.view.SurfaceView$3@446f3760
01-22 14:31:21.111: I/SurfaceView(27441): updateWindow -- OnPreDrawListener, mHaveFrame = true, this = android.view.SurfaceView$3@446f3760
01-22 14:31:21.125: W/ADB_SERVICES(514): create_local_service_socket() name=shell:ls -l -d /emmc@backup/
01-22 14:31:21.125: W/ADB_SERVICES(514): service_to_fd() name=shell:ls -l -d /emmc@backup/
01-22 14:31:21.126: W/ADB_SERVICES(514): read_meminfo() mem_free=34628
01-22 14:31:21.126: W/ADB_SERVICES(514): create_subprocess() ret_fd=42 pid=30758
01-22 14:31:21.126: W/ADB_SERVICES(514): LS(11380): bound to 'shell:ls -l -d /emmc@backup/' via 42
01-22 14:31:21.128: I/SurfaceView(27441): updateWindow -- OnPreDrawListener, mHaveFrame = true, this = android.view.SurfaceView$3@446f3760
01-22 14:31:21.139: W/ADB_SERVICES(514): entered. LS(11380) fd=42
01-22 14:31:21.144: I/SurfaceView(27441): updateWindow -- OnPreDrawListener, mHaveFrame = true, this = android.view.SurfaceView$3@446f3760
01-22 14:31:21.161: I/SurfaceView(27441): updateWindow -- OnPreDrawListener, mHaveFrame = true, this = android.view.SurfaceView$3@446f3760
01-22 14:31:21.164: W/ADB_SERVICES(514): create_local_service_socket() name=shell:ls -l -d /emmc@cache/
01-22 14:31:21.164: W/ADB_SERVICES(514): service_to_fd() name=shell:ls -l -d /emmc@cache/
01-22 14:31:21.164: W/ADB_SERVICES(514): read_meminfo() mem_free=34744
01-22 14:31:21.165: W/ADB_SERVICES(514): create_subprocess() ret_fd=42 pid=30759
01-22 14:31:21.165: W/ADB_SERVICES(514): LS(11381): bound to 'shell:ls -l -d /emmc@cache/' via 42
01-22 14:31:21.178: I/SurfaceView(27441): updateWindow -- OnPreDrawListener, mHaveFrame = true, this = android.view.SurfaceView$3@446f3760
01-22 14:31:21.183: W/ADB_SERVICES(514): entered. LS(11381) fd=42
01-22 14:31:21.202: I/SurfaceView(27441): updateWindow -- OnPreDrawListener, mHaveFrame = true, this = android.view.SurfaceView$3@446f3760
01-22 14:31:21.203: W/ADB_SERVICES(514): create_local_service_socket() name=shell:ls -l -d /emmc@ebr1/
01-22 14:31:21.203: W/ADB_SERVICES(514): service_to_fd() name=shell:ls -l -d /emmc@ebr1/
01-22 14:31:21.203: W/ADB_SERVICES(514): read_meminfo() mem_free=34860
01-22 14:31:21.204: W/ADB_SERVICES(514): create_subprocess() ret_fd=42 pid=30760
01-22 14:31:21.204: W/ADB_SERVICES(514): LS(11382): bound to 'shell:ls -l -d /emmc@ebr1/' via 42
01-22 14:31:21.217: W/ADB_SERVICES(514): entered. LS(11382) fd=42
01-22 14:31:21.228: I/SurfaceView(27441): updateWindow -- OnPreDrawListener, mHaveFrame = true, this = android.view.SurfaceView$3@446f3760
01-22 14:31:21.229: I/BufferQueue(144): [FrameBufferSurface_0](this:0xb8d3c848,id:0,api:1,p:144,c:144) [release] fps:59.93, dur:1001.09, max:18.16, min:15.44
01-22 14:31:21.244: W/ADB_SERVICES(514): create_local_service_socket() name=shell:ls -l -d /emmc@protect_f/
01-22 14:31:21.244: W/ADB_SERVICES(514): service_to_fd() name=shell:ls -l -d /emmc@protect_f/
01-22 14:31:21.244: W/ADB_SERVICES(514): read_meminfo() mem_free=34860
01-22 14:31:21.245: W/ADB_SERVICES(514): create_subprocess() ret_fd=42 pid=30761
01-22 14:31:21.245: W/ADB_SERVICES(514): LS(11383): bound to 'shell:ls -l -d /emmc@protect_f/' via 42
01-22 14:31:21.257: I/SurfaceView(27441): updateWindow -- OnPreDrawListener, mHaveFrame = true, this = android.view.SurfaceView$3@446f3760
01-22 14:31:21.258: W/ADB_SERVICES(514): entered. LS(11383) fd=42
01-22 14:31:21.277: I/SurfaceView(27441): updateWindow -- OnPreDrawListener, mHaveFrame = true, this = android.view.SurfaceView$3@446f3760
01-22 14:31:21.285: W/ADB_SERVICES(514): create_local_service_socket() name=shell:ls -l -d /emmc@protect_s/
01-22 14:31:21.285: W/ADB_SERVICES(514): service_to_fd() name=shell:ls -l -d /emmc@protect_s/
01-22 14:31:21.286: W/ADB_SERVICES(514): read_meminfo() mem_free=34944
01-22 14:31:21.287: W/ADB_SERVICES(514): create_subprocess() ret_fd=42 pid=30762
01-22 14:31:21.287: W/ADB_SERVICES(514): LS(11384): bound to 'shell:ls -l -d /emmc@protect_s/' via 42
01-22 14:31:21.299: I/SurfaceView(27441): updateWindow -- OnPreDrawListener, mHaveFrame = true, this = android.view.SurfaceView$3@446f3760
01-22 14:31:21.301: W/ADB_SERVICES(514): entered. LS(11384) fd=42
01-22 14:31:21.312: I/SurfaceView(27441): updateWindow -- OnPreDrawListener, mHaveFrame = true, this = android.view.SurfaceView$3@446f3760
01-22 14:31:21.326: W/ADB_SERVICES(514): create_local_service_socket() name=shell:ls -l -d /emmc@sec_ro/
01-22 14:31:21.326: W/ADB_SERVICES(514): service_to_fd() name=shell:ls -l -d /emmc@sec_ro/
01-22 14:31:21.326: W/ADB_SERVICES(514): read_meminfo() mem_free=35092
01-22 14:31:21.327: W/ADB_SERVICES(514): create_subprocess() ret_fd=42 pid=30763
01-22 14:31:21.327: W/ADB_SERVICES(514): LS(11385): bound to 'shell:ls -l -d /emmc@sec_ro/' via 42
01-22 14:31:21.329: I/BufferQueue(144): [FrameBufferSurface_0](this:0xb8d3c848,id:0,api:1,p:144,c:144) [queue] fps:58.96, dur:1000.61, max:34.74, min:14.00
01-22 14:31:21.329: I/SurfaceFlinger(144): [Built-in Screen (type:0)] fps:58.962231,dur:1000.64,max:34.75,min:14.00
01-22 14:31:21.331: I/SurfaceView(27441): updateWindow -- OnPreDrawListener, mHaveFrame = true, this = android.view.SurfaceView$3@446f3760
01-22 14:31:21.342: W/ADB_SERVICES(514): entered. LS(11385) fd=42
01-22 14:31:21.345: I/SurfaceView(27441): updateWindow -- OnPreDrawListener, mHaveFrame = true, this = android.view.SurfaceView$3@446f3760
01-22 14:31:21.345: I/BufferQueue(144): [com.pplive.tvplayer/com.pplive.tvplayer.player.video.VideoPlayerActivity](this:0xb8d504a8,id:768,api:1,p:27441,c:144) [release] fps:58.98, dur:1000.34, max:33.89, min:14.30
01-22 14:31:21.361: I/SurfaceView(27441): updateWindow -- OnPreDrawListener, mHaveFrame = true, this = android.view.SurfaceView$3@446f3760
01-22 14:31:21.362: W/ADB_SERVICES(514): create_local_service_socket() name=shell:ls -l -d /emmc@usrdata/
01-22 14:31:21.362: W/ADB_SERVICES(514): service_to_fd() name=shell:ls -l -d /emmc@usrdata/
01-22 14:31:21.362: W/ADB_SERVICES(514): read_meminfo() mem_free=35108
01-22 14:31:21.363: W/ADB_SERVICES(514): create_subprocess() ret_fd=42 pid=30764
01-22 14:31:21.363: W/ADB_SERVICES(514): LS(11386): bound to 'shell:ls -l -d /emmc@usrdata/' via 42
01-22 14:31:21.375: W/ADB_SERVICES(514): entered. LS(11386) fd=42
01-22 14:31:21.378: I/SurfaceView(27441): updateWindow -- OnPreDrawListener, mHaveFrame = true, this = android.view.SurfaceView$3@446f3760
01-22 14:31:21.395: I/SurfaceView(27441): updateWindow -- OnPreDrawListener, mHaveFrame = true, this = android.view.SurfaceView$3@446f3760
01-22 14:31:21.414: I/SurfaceView(27441): updateWindow -- OnPreDrawListener, mHaveFrame = true, this = android.view.SurfaceView$3@446f3760
01-22 14:31:21.428: I/SurfaceView(27441): updateWindow -- OnPreDrawListener, mHaveFrame = true, this = android.view.SurfaceView$3@446f3760
01-22 14:31:21.445: I/SurfaceView(27441): updateWindow -- OnPreDrawListener, mHaveFrame = true, this = android.view.SurfaceView$3@446f3760
01-22 14:31:21.461: I/SurfaceView(27441): updateWindow -- OnPreDrawListener, mHaveFrame = true, this = android.view.SurfaceView$3@446f3760
01-22 14:31:21.478: I/SurfaceView(27441): updateWindow -- OnPreDrawListener, mHaveFrame = true, this = android.view.SurfaceView$3@446f3760
01-22 14:31:21.496: I/SurfaceView(27441): updateWindow -- OnPreDrawListener, mHaveFrame = true, this = android.view.SurfaceView$3@446f3760
01-22 14:31:21.511: I/SurfaceView(27441): updateWindow -- OnPreDrawListener, mHaveFrame = true, this = android.view.SurfaceView$3@446f3760
01-22 14:31:21.528: I/SurfaceView(27441): updateWindow -- OnPreDrawListener, mHaveFrame = true, this = android.view.SurfaceView$3@446f3760
01-22 14:31:21.545: I/SurfaceView(27441): updateWindow -- OnPreDrawListener, mHaveFrame = true, this = android.view.SurfaceView$3@446f3760
01-22 14:31:21.561: I/SurfaceView(27441): updateWindow -- OnPreDrawListener, mHaveFrame = true, this = android.view.SurfaceView$3@446f3760
01-22 14:31:21.584: I/SurfaceView(27441): updateWindow -- OnPreDrawListener, mHaveFrame = true, this = android.view.SurfaceView$3@446f3760
01-22 14:31:21.595: I/SurfaceView(27441): updateWindow -- OnPreDrawListener, mHaveFrame = true, this = android.view.SurfaceView$3@446f3760
01-22 14:31:21.612: I/SurfaceView(27441): updateWindow -- OnPreDrawListener, mHaveFrame = true, this = android.view.SurfaceView$3@446f3760
01-22 14:31:21.640: I/SurfaceView(27441): updateWindow -- OnPreDrawListener, mHaveFrame = true, this = android.view.SurfaceView$3@446f3760
01-22 14:31:21.647: I/SurfaceView(27441): updateWindow -- OnPreDrawListener, mHaveFrame = true, this = android.view.SurfaceView$3@446f3760
01-22 14:31:21.666: I/SurfaceView(27441): updateWindow -- OnPreDrawListener, mHaveFrame = true, this = android.view.SurfaceView$3@446f3760
01-22 14:31:21.679: I/SurfaceView(27441): updateWindow -- OnPreDrawListener, mHaveFrame = true, this = android.view.SurfaceView$3@446f3760
01-22 14:31:21.695: I/SurfaceView(27441): updateWindow -- OnPreDrawListener, mHaveFrame = true, this = android.view.SurfaceView$3@446f3760
01-22 14:31:21.712: I/SurfaceView(27441): updateWindow -- OnPreDrawListener, mHaveFrame = true, this = android.view.SurfaceView$3@446f3760
01-22 14:31:21.728: I/SurfaceView(27441): updateWindow -- OnPreDrawListener, mHaveFrame = true, this = android.view.SurfaceView$3@446f3760
01-22 14:31:21.745: I/SurfaceView(27441): updateWindow -- OnPreDrawListener, mHaveFrame = true, this = android.view.SurfaceView$3@446f3760
01-22 14:31:21.770: I/SurfaceView(27441): updateWindow -- OnPreDrawListener, mHaveFrame = true, this = android.view.SurfaceView$3@446f3760
01-22 14:31:21.779: I/SurfaceView(27441): updateWindow -- OnPreDrawListener, mHaveFrame = true, this = android.view.SurfaceView$3@446f3760
01-22 14:31:21.786: I/ANRManager(613): updateProcessStats
01-22 14:31:21.795: I/SurfaceView(27441): updateWindow -- OnPreDrawListener, mHaveFrame = true, this = android.view.SurfaceView$3@446f3760
01-22 14:31:21.812: I/SurfaceView(27441): updateWindow -- OnPreDrawListener, mHaveFrame = true, this = android.view.SurfaceView$3@446f3760
01-22 14:31:21.828: I/SurfaceView(27441): updateWindow -- OnPreDrawListener, mHaveFrame = true, this = android.view.SurfaceView$3@446f3760
01-22 14:31:21.847: I/SurfaceView(27441): updateWindow -- OnPreDrawListener, mHaveFrame = true, this = android.view.SurfaceView$3@446f3760
01-22 14:31:21.862: I/SurfaceView(27441): updateWindow -- OnPreDrawListener, mHaveFrame = true, this = android.view.SurfaceView$3@446f3760
01-22 14:31:21.878: I/SurfaceView(27441): updateWindow -- OnPreDrawListener, mHaveFrame = true, this = android.view.SurfaceView$3@446f3760
01-22 14:31:21.895: I/SurfaceView(27441): updateWindow -- OnPreDrawListener, mHaveFrame = true, this = android.view.SurfaceView$3@446f3760
01-22 14:31:21.915: I/SurfaceView(27441): updateWindow -- OnPreDrawListener, mHaveFrame = true, this = android.view.SurfaceView$3@446f3760
01-22 14:31:21.929: I/SurfaceView(27441): updateWindow -- OnPreDrawListener, mHaveFrame = true, this = android.view.SurfaceView$3@446f3760
01-22 14:31:21.945: I/SurfaceView(27441): updateWindow -- OnPreDrawListener, mHaveFrame = true, this = android.view.SurfaceView$3@446f3760
01-22 14:31:21.962: I/SurfaceView(27441): updateWindow -- OnPreDrawListener, mHaveFrame = true, this = android.view.SurfaceView$3@446f3760
01-22 14:31:21.978: I/SurfaceView(27441): updateWindow -- OnPreDrawListener, mHaveFrame = true, this = android.view.SurfaceView$3@446f3760
01-22 14:31:21.990: I/BufferQueue(144): [SurfaceView](this:0xb8d4bc90,id:769,api:2,p:27441,c:144) [queue] fps:24.72, dur:1011.18, max:79.26, min:11.30
01-22 14:31:21.995: I/SurfaceView(27441): updateWindow -- OnPreDrawListener, mHaveFrame = true, this = android.view.SurfaceView$3@446f3760
01-22 14:31:21.995: I/BufferQueue(144): [SurfaceView](this:0xb8d4bc90,id:769,api:2,p:27441,c:144) [release] fps:24.97, dur:1001.09, max:83.65, min:16.40
01-22 14:31:22.012: I/SurfaceView(27441): updateWindow -- OnPreDrawListener, mHaveFrame = true, this = android.view.SurfaceView$3@446f3760
01-22 14:31:22.029: I/SurfaceView(27441): updateWindow -- OnPreDrawListener, mHaveFrame = true, this = android.view.SurfaceView$3@446f3760
01-22 14:31:22.045: I/SurfaceView(27441): updateWindow -- OnPreDrawListener, mHaveFrame = true, this = android.view.SurfaceView$3@446f3760
01-22 14:31:22.054: I/BufferQueue(144): [com.pplive.tvplayer/com.pplive.tvplayer.player.video.VideoPlayerActivity](this:0xb8d504a8,id:768,api:1,p:27441,c:144) [queue] fps:57.99, dur:1017.39, max:33.77, min:5.78
01-22 14:31:22.064: I/SurfaceView(27441): updateWindow -- OnPreDrawListener, mHaveFrame = true, this = android.view.SurfaceView$3@446f3760
01-22 14:31:22.080: I/SurfaceView(27441): updateWindow -- OnPreDrawListener, mHaveFrame = true, this = android.view.SurfaceView$3@446f3760
01-22 14:31:22.095: I/SurfaceView(27441): updateWindow -- OnPreDrawListener, mHaveFrame = true, this = android.view.SurfaceView$3@446f3760
01-22 14:31:22.112: I/SurfaceView(27441): updateWindow -- OnPreDrawListener, mHaveFrame = true, this = android.view.SurfaceView$3@446f3760
01-22 14:31:22.132: I/SurfaceView(27441): updateWindow -- OnPreDrawListener, mHaveFrame = true, this = android.view.SurfaceView$3@446f3760
01-22 14:31:22.145: I/SurfaceView(27441): updateWindow -- OnPreDrawListener, mHaveFrame = true, this = android.view.SurfaceView$3@446f3760
01-22 14:31:22.162: I/SurfaceView(27441): updateWindow -- OnPreDrawListener, mHaveFrame = true, this = android.view.SurfaceView$3@446f3760
01-22 14:31:22.179: I/SurfaceView(27441): updateWindow -- OnPreDrawListener, mHaveFrame = true, this = android.view.SurfaceView$3@446f3760
01-22 14:31:22.195: I/SurfaceView(27441): updateWindow -- OnPreDrawListener, mHaveFrame = true, this = android.view.SurfaceView$3@446f3760
01-22 14:31:22.212: I/SurfaceView(27441): updateWindow -- OnPreDrawListener, mHaveFrame = true, this = android.view.SurfaceView$3@446f3760
01-22 14:31:22.229: I/SurfaceView(27441): updateWindow -- OnPreDrawListener, mHaveFrame = true, this = android.view.SurfaceView$3@446f3760
01-22 14:31:22.230: I/BufferQueue(144): [FrameBufferSurface_0](this:0xb8d3c848,id:0,api:1,p:144,c:144) [release] fps:58.96, dur:1000.65, max:34.86, min:14.01
01-22 14:31:22.245: I/SurfaceView(27441): updateWindow -- OnPreDrawListener, mHaveFrame = true, this = android.view.SurfaceView$3@446f3760
01-22 14:31:22.263: I/SurfaceView(27441): updateWindow -- OnPreDrawListener, mHaveFrame = true, this = android.view.SurfaceView$3@446f3760
01-22 14:31:22.280: I/SurfaceView(27441): updateWindow -- OnPreDrawListener, mHaveFrame = true, this = android.view.SurfaceView$3@446f3760
01-22 14:31:22.297: I/SurfaceView(27441): updateWindow -- OnPreDrawListener, mHaveFrame = true, this = android.view.SurfaceView$3@446f3760
01-22 14:31:22.317: I/SurfaceView(27441): updateWindow -- OnPreDrawListener, mHaveFrame = true, this = android.view.SurfaceView$3@446f3760
01-22 14:31:22.329: I/SurfaceView(27441): updateWindow -- OnPreDrawListener, mHaveFrame = true, this = android.view.SurfaceView$3@446f3760
01-22 14:31:22.331: I/BufferQueue(144): [FrameBufferSurface_0](this:0xb8d3c848,id:0,api:1,p:144,c:144) [queue] fps:59.91, dur:1001.52, max:18.59, min:15.22
01-22 14:31:22.331: I/SurfaceFlinger(144): [Built-in Screen (type:0)] fps:59.909794,dur:1001.51,max:18.56,min:15.22
01-22 14:31:22.346: I/BufferQueue(144): [com.pplive.tvplayer/com.pplive.tvplayer.player.video.VideoPlayerActivity](this:0xb8d504a8,id:768,api:1,p:27441,c:144) [release] fps:58.95, dur:1000.89, max:33.53, min:15.50
01-22 14:31:22.346: I/SurfaceView(27441): updateWindow -- OnPreDrawListener, mHaveFrame = true, this = android.view.SurfaceView$3@446f3760
01-22 14:31:22.362: I/SurfaceView(27441): updateWindow -- OnPreDrawListener, mHaveFrame = true, this = android.view.SurfaceView$3@446f3760
01-22 14:31:22.379: I/SurfaceView(27441): updateWindow -- OnPreDrawListener, mHaveFrame = true, this = android.view.SurfaceView$3@446f3760
01-22 14:31:22.396: I/SurfaceView(27441): updateWindow -- OnPreDrawListener, mHaveFrame = true, this = android.view.SurfaceView$3@446f3760
01-22 14:31:22.412: I/SurfaceView(27441): updateWindow -- OnPreDrawListener, mHaveFrame = true, this = android.view.SurfaceView$3@446f3760
01-22 14:31:22.429: I/SurfaceView(27441): updateWindow -- OnPreDrawListener, mHaveFrame = true, this = android.view.SurfaceView$3@446f3760
01-22 14:31:22.446: I/SurfaceView(27441): updateWindow -- OnPreDrawListener, mHaveFrame = true, this = android.view.SurfaceView$3@446f3760
01-22 14:31:22.462: I/WifiStateMachine(613): fetchRssiAndLinkSpeedNative, newRssi:-56, newLinkSpeed:121, SSID:"PPTV QA"
01-22 14:31:22.463: I/SurfaceView(27441): updateWindow -- OnPreDrawListener, mHaveFrame = true, this = android.view.SurfaceView$3@446f3760
01-22 14:31:22.479: I/SurfaceView(27441): updateWindow -- OnPreDrawListener, mHaveFrame = true, this = android.view.SurfaceView$3@446f3760
01-22 14:31:22.496: I/SurfaceView(27441): updateWindow -- OnPreDrawListener, mHaveFrame = true, this = android.view.SurfaceView$3@446f3760
01-22 14:31:22.512: I/SurfaceView(27441): updateWindow -- OnPreDrawListener, mHaveFrame = true, this = android.view.SurfaceView$3@446f3760
01-22 14:31:22.529: I/SurfaceView(27441): updateWindow -- OnPreDrawListener, mHaveFrame = true, this = android.view.SurfaceView$3@446f3760
01-22 14:31:22.547: I/SurfaceView(27441): updateWindow -- OnPreDrawListener, mHaveFrame = true, this = android.view.SurfaceView$3@446f3760
01-22 14:31:22.562: I/SurfaceView(27441): updateWindow -- OnPreDrawListener, mHaveFrame = true, this = android.view.SurfaceView$3@446f3760
01-22 14:31:22.579: I/SurfaceView(27441): updateWindow -- OnPreDrawListener, mHaveFrame = true, this = android.view.SurfaceView$3@446f3760
01-22 14:31:22.596: I/SurfaceView(27441): updateWindow -- OnPreDrawListener, mHaveFrame = true, this = android.view.SurfaceView$3@446f3760
01-22 14:31:22.612: I/SurfaceView(27441): updateWindow -- OnPreDrawListener, mHaveFrame = true, this = android.view.SurfaceView$3@446f3760
01-22 14:31:22.629: I/SurfaceView(27441): updateWindow -- OnPreDrawListener, mHaveFrame = true, this = android.view.SurfaceView$3@446f3760
01-22 14:31:22.646: I/SurfaceView(27441): updateWindow -- OnPreDrawListener, mHaveFrame = true, this = android.view.SurfaceView$3@446f3760
01-22 14:31:22.663: I/SurfaceView(27441): updateWindow -- OnPreDrawListener, mHaveFrame = true, this = android.view.SurfaceView$3@446f3760
01-22 14:31:22.679: I/SurfaceView(27441): updateWindow -- OnPreDrawListener, mHaveFrame = true, this = android.view.SurfaceView$3@446f3760
01-22 14:31:22.696: I/SurfaceView(27441): updateWindow -- OnPreDrawListener, mHaveFrame = true, this = android.view.SurfaceView$3@446f3760
01-22 14:31:22.713: I/SurfaceView(27441): updateWindow -- OnPreDrawListener, mHaveFrame = true, this = android.view.SurfaceView$3@446f3760
01-22 14:31:22.730: I/SurfaceView(27441): updateWindow -- OnPreDrawListener, mHaveFrame = true, this = android.view.SurfaceView$3@446f3760
01-22 14:31:22.746: I/SurfaceView(27441): updateWindow -- OnPreDrawListener, mHaveFrame = true, this = android.view.SurfaceView$3@446f3760
01-22 14:31:22.762: I/SurfaceView(27441): updateWindow -- OnPreDrawListener, mHaveFrame = true, this = android.view.SurfaceView$3@446f3760
01-22 14:31:22.779: I/SurfaceView(27441): updateWindow -- OnPreDrawListener, mHaveFrame = true, this = android.view.SurfaceView$3@446f3760
01-22 14:31:22.796: I/SurfaceView(27441): updateWindow -- OnPreDrawListener, mHaveFrame = true, this = android.view.SurfaceView$3@446f3760
01-22 14:31:22.813: I/SurfaceView(27441): updateWindow -- OnPreDrawListener, mHaveFrame = true, this = android.view.SurfaceView$3@446f3760
01-22 14:31:22.829: I/SurfaceView(27441): updateWindow -- OnPreDrawListener, mHaveFrame = true, this = android.view.SurfaceView$3@446f3760
01-22 14:31:22.847: I/SurfaceView(27441): updateWindow -- OnPreDrawListener, mHaveFrame = true, this = android.view.SurfaceView$3@446f3760
01-22 14:31:22.863: I/SurfaceView(27441): updateWindow -- OnPreDrawListener, mHaveFrame = true, this = android.view.SurfaceView$3@446f3760
01-22 14:31:22.879: I/SurfaceView(27441): updateWindow -- OnPreDrawListener, mHaveFrame = true, this = android.view.SurfaceView$3@446f3760
01-22 14:31:22.896: I/SurfaceView(27441): updateWindow -- OnPreDrawListener, mHaveFrame = true, this = android.view.SurfaceView$3@446f3760
01-22 14:31:22.913: I/SurfaceView(27441): updateWindow -- OnPreDrawListener, mHaveFrame = true, this = android.view.SurfaceView$3@446f3760
01-22 14:31:22.929: I/SurfaceView(27441): updateWindow -- OnPreDrawListener, mHaveFrame = true, this = android.view.SurfaceView$3@446f3760
01-22 14:31:22.946: I/SurfaceView(27441): updateWindow -- OnPreDrawListener, mHaveFrame = true, this = android.view.SurfaceView$3@446f3760
01-22 14:31:22.963: I/SurfaceView(27441): updateWindow -- OnPreDrawListener, mHaveFrame = true, this = android.view.SurfaceView$3@446f3760
01-22 14:31:22.981: I/SurfaceView(27441): updateWindow -- OnPreDrawListener, mHaveFrame = true, this = android.view.SurfaceView$3@446f3760
01-22 14:31:22.997: I/SurfaceView(27441): updateWindow -- OnPreDrawListener, mHaveFrame = true, this = android.view.SurfaceView$3@446f3760
01-22 14:31:22.997: I/BufferQueue(144): [SurfaceView](this:0xb8d4bc90,id:769,api:2,p:27441,c:144) [release] fps:22.95, dur:1002.07, max:100.34, min:16.17
01-22 14:31:23.008: I/BufferQueue(144): [SurfaceView](this:0xb8d4bc90,id:769,api:2,p:27441,c:144) [queue] fps:23.57, dur:1018.17, max:99.61, min:10.23
01-22 14:31:23.013: I/SurfaceView(27441): updateWindow -- OnPreDrawListener, mHaveFrame = true, this = android.view.SurfaceView$3@446f3760
01-22 14:31:23.032: I/SurfaceView(27441): updateWindow -- OnPreDrawListener, mHaveFrame = true, this = android.view.SurfaceView$3@446f3760
01-22 14:31:23.046: I/SurfaceView(27441): updateWindow -- OnPreDrawListener, mHaveFrame = true, this = android.view.SurfaceView$3@446f3760
01-22 14:31:23.063: I/SurfaceView(27441): updateWindow -- OnPreDrawListener, mHaveFrame = true, this = android.view.SurfaceView$3@446f3760
01-22 14:31:23.070: I/BufferQueue(144): [com.pplive.tvplayer/com.pplive.tvplayer.player.video.VideoPlayerActivity](this:0xb8d504a8,id:768,api:1,p:27441,c:144) [queue] fps:60.04, dur:1015.99, max:25.72, min:9.53
01-22 14:31:23.080: I/SurfaceView(27441): updateWindow -- OnPreDrawListener, mHaveFrame = true, this = android.view.SurfaceView$3@446f3760
01-22 14:31:23.097: I/SurfaceView(27441): updateWindow -- OnPreDrawListener, mHaveFrame = true, this = android.view.SurfaceView$3@446f3760
01-22 14:31:23.114: I/SurfaceView(27441): updateWindow -- OnPreDrawListener, mHaveFrame = true, this = android.view.SurfaceView$3@446f3760
01-22 14:31:23.130: I/SurfaceView(27441): updateWindow -- OnPreDrawListener, mHaveFrame = true, this = android.view.SurfaceView$3@446f3760
01-22 14:31:23.146: I/SurfaceView(27441): updateWindow -- OnPreDrawListener, mHaveFrame = true, this = android.view.SurfaceView$3@446f3760
01-22 14:31:23.163: I/SurfaceView(27441): updateWindow -- OnPreDrawListener, mHaveFrame = true, this = android.view.SurfaceView$3@446f3760
01-22 14:31:23.180: I/SurfaceView(27441): updateWindow -- OnPreDrawListener, mHaveFrame = true, this = android.view.SurfaceView$3@446f3760
01-22 14:31:23.197: I/SurfaceView(27441): updateWindow -- OnPreDrawListener, mHaveFrame = true, this = android.view.SurfaceView$3@446f3760
01-22 14:31:23.213: I/SurfaceView(27441): updateWindow -- OnPreDrawListener, mHaveFrame = true, this = android.view.SurfaceView$3@446f3760
01-22 14:31:23.230: I/SurfaceView(27441): updateWindow -- OnPreDrawListener, mHaveFrame = true, this = android.view.SurfaceView$3@446f3760
01-22 14:31:23.231: I/BufferQueue(144): [FrameBufferSurface_0](this:0xb8d3c848,id:0,api:1,p:144,c:144) [release] fps:59.92, dur:1001.38, max:17.87, min:15.56
01-22 14:31:23.248: I/SurfaceView(27441): updateWindow -- OnPreDrawListener, mHaveFrame = true, this = android.view.SurfaceView$3@446f3760
01-22 14:31:23.263: I/SurfaceView(27441): updateWindow -- OnPreDrawListener, mHaveFrame = true, this = android.view.SurfaceView$3@446f3760
01-22 14:31:23.280: I/SurfaceView(27441): updateWindow -- OnPreDrawListener, mHaveFrame = true, this = android.view.SurfaceView$3@446f3760
01-22 14:31:23.299: I/SurfaceView(27441): updateWindow -- OnPreDrawListener, mHaveFrame = true, this = android.view.SurfaceView$3@446f3760
01-22 14:31:23.313: I/SurfaceView(27441): updateWindow -- OnPreDrawListener, mHaveFrame = true, this = android.view.SurfaceView$3@446f3760
01-22 14:31:23.331: I/BufferQueue(144): [FrameBufferSurface_0](this:0xb8d3c848,id:0,api:1,p:144,c:144) [queue] fps:59.97, dur:1000.48, max:17.88, min:15.56
01-22 14:31:23.331: I/SurfaceFlinger(144): [Built-in Screen (type:0)] fps:59.967850,dur:1000.54,max:17.90,min:15.56
01-22 14:31:23.335: I/SurfaceView(27441): updateWindow -- OnPreDrawListener, mHaveFrame = true, this = android.view.SurfaceView$3@446f3760
01-22 14:31:23.351: I/BufferQueue(144): [com.pplive.tvplayer/com.pplive.tvplayer.player.video.VideoPlayerActivity](this:0xb8d504a8,id:768,api:1,p:27441,c:144) [release] fps:59.68, dur:1005.35, max:20.72, min:15.49
01-22 14:31:23.353: I/SurfaceView(27441): updateWindow -- OnPreDrawListener, mHaveFrame = true, this = android.view.SurfaceView$3@446f3760
01-22 14:31:23.363: I/SurfaceView(27441): updateWindow -- OnPreDrawListener, mHaveFrame = true, this = android.view.SurfaceView$3@446f3760
01-22 14:31:23.380: I/SurfaceView(27441): updateWindow -- OnPreDrawListener, mHaveFrame = true, this = android.view.SurfaceView$3@446f3760
01-22 14:31:23.397: I/SurfaceView(27441): updateWindow -- OnPreDrawListener, mHaveFrame = true, this = android.view.SurfaceView$3@446f3760
01-22 14:31:23.413: I/SurfaceView(27441): updateWindow -- OnPreDrawListener, mHaveFrame = true, this = android.view.SurfaceView$3@446f3760
01-22 14:31:23.432: I/SurfaceView(27441): updateWindow -- OnPreDrawListener, mHaveFrame = true, this = android.view.SurfaceView$3@446f3760
01-22 14:31:23.449: I/SurfaceView(27441): updateWindow -- OnPreDrawListener, mHaveFrame = true, this = android.view.SurfaceView$3@446f3760
01-22 14:31:23.465: I/SurfaceView(27441): updateWindow -- OnPreDrawListener, mHaveFrame = true, this = android.view.SurfaceView$3@446f3760
01-22 14:31:23.480: I/SurfaceView(27441): updateWindow -- OnPreDrawListener, mHaveFrame = true, this = android.view.SurfaceView$3@446f3760
01-22 14:31:23.497: I/SurfaceView(27441): updateWindow -- OnPreDrawListener, mHaveFrame = true, this = android.view.SurfaceView$3@446f3760
01-22 14:31:23.513: I/SurfaceView(27441): updateWindow -- OnPreDrawListener, mHaveFrame = true, this = android.view.SurfaceView$3@446f3760
01-22 14:31:23.531: I/SurfaceView(27441): updateWindow -- OnPreDrawListener, mHaveFrame = true, this = android.view.SurfaceView$3@446f3760
01-22 14:31:23.547: I/SurfaceView(27441): updateWindow -- OnPreDrawListener, mHaveFrame = true, this = android.view.SurfaceView$3@446f3760
01-22 14:31:23.565: I/SurfaceView(27441): updateWindow -- OnPreDrawListener, mHaveFrame = true, this = android.view.SurfaceView$3@446f3760
01-22 14:31:23.580: I/SurfaceView(27441): updateWindow -- OnPreDrawListener, mHaveFrame = true, this = android.view.SurfaceView$3@446f3760
01-22 14:31:23.597: I/SurfaceView(27441): updateWindow -- OnPreDrawListener, mHaveFrame = true, this = android.view.SurfaceView$3@446f3760
01-22 14:31:23.614: I/SurfaceView(27441): updateWindow -- OnPreDrawListener, mHaveFrame = true, this = android.view.SurfaceView$3@446f3760
01-22 14:31:23.631: I/SurfaceView(27441): updateWindow -- OnPreDrawListener, mHaveFrame = true, this = android.view.SurfaceView$3@446f3760
01-22 14:31:23.647: I/SurfaceView(27441): updateWindow -- OnPreDrawListener, mHaveFrame = true, this = android.view.SurfaceView$3@446f3760
01-22 14:31:23.664: I/SurfaceView(27441): updateWindow -- OnPreDrawListener, mHaveFrame = true, this = android.view.SurfaceView$3@446f3760
01-22 14:31:23.680: I/SurfaceView(27441): updateWindow -- OnPreDrawListener, mHaveFrame = true, this = android.view.SurfaceView$3@446f3760
01-22 14:31:23.698: I/SurfaceView(27441): updateWindow -- OnPreDrawListener, mHaveFrame = true, this = android.view.SurfaceView$3@446f3760
01-22 14:31:23.715: I/SurfaceView(27441): updateWindow -- OnPreDrawListener, mHaveFrame = true, this = android.view.SurfaceView$3@446f3760
01-22 14:31:23.730: I/SurfaceView(27441): updateWindow -- OnPreDrawListener, mHaveFrame = true, this = android.view.SurfaceView$3@446f3760
01-22 14:31:23.747: I/SurfaceView(27441): updateWindow -- OnPreDrawListener, mHaveFrame = true, this = android.view.SurfaceView$3@446f3760
01-22 14:31:23.764: I/SurfaceView(27441): updateWindow -- OnPreDrawListener, mHaveFrame = true, this = android.view.SurfaceView$3@446f3760
01-22 14:31:23.780: I/SurfaceView(27441): updateWindow -- OnPreDrawListener, mHaveFrame = true, this = android.view.SurfaceView$3@446f3760
01-22 14:31:23.797: I/SurfaceView(27441): updateWindow -- OnPreDrawListener, mHaveFrame = true, this = android.view.SurfaceView$3@446f3760
01-22 14:31:23.814: I/SurfaceView(27441): updateWindow -- OnPreDrawListener, mHaveFrame = true, this = android.view.SurfaceView$3@446f3760
01-22 14:31:23.830: I/SurfaceView(27441): updateWindow -- OnPreDrawListener, mHaveFrame = true, this = android.view.SurfaceView$3@446f3760
01-22 14:31:23.848: I/SurfaceView(27441): updateWindow -- OnPreDrawListener, mHaveFrame = true, this = android.view.SurfaceView$3@446f3760
01-22 14:31:23.864: I/SurfaceView(27441): updateWindow -- OnPreDrawListener, mHaveFrame = true, this = android.view.SurfaceView$3@446f3760
01-22 14:31:23.881: I/SurfaceView(27441): updateWindow -- OnPreDrawListener, mHaveFrame = true, this = android.view.SurfaceView$3@446f3760
01-22 14:31:23.897: I/SurfaceView(27441): updateWindow -- OnPreDrawListener, mHaveFrame = true, this = android.view.SurfaceView$3@446f3760
01-22 14:31:23.914: I/SurfaceView(27441): updateWindow -- OnPreDrawListener, mHaveFrame = true, this = android.view.SurfaceView$3@446f3760
01-22 14:31:23.930: I/SurfaceView(27441): updateWindow -- OnPreDrawListener, mHaveFrame = true, this = android.view.SurfaceView$3@446f3760
01-22 14:31:23.947: I/SurfaceView(27441): updateWindow -- OnPreDrawListener, mHaveFrame = true, this = android.view.SurfaceView$3@446f3760
01-22 14:31:23.964: I/SurfaceView(27441): updateWindow -- OnPreDrawListener, mHaveFrame = true, this = android.view.SurfaceView$3@446f3760
01-22 14:31:23.980: I/SurfaceView(27441): updateWindow -- OnPreDrawListener, mHaveFrame = true, this = android.view.SurfaceView$3@446f3760
01-22 14:31:23.997: I/SurfaceView(27441): updateWindow -- OnPreDrawListener, mHaveFrame = true, this = android.view.SurfaceView$3@446f3760
01-22 14:31:24.013: I/BufferQueue(144): [SurfaceView](this:0xb8d4bc90,id:769,api:2,p:27441,c:144) [queue] fps:23.87, dur:1005.33, max:70.60, min:13.72
01-22 14:31:24.014: I/SurfaceView(27441): updateWindow -- OnPreDrawListener, mHaveFrame = true, this = android.view.SurfaceView$3@446f3760
01-22 14:31:24.014: I/BufferQueue(144): [SurfaceView](this:0xb8d4bc90,id:769,api:2,p:27441,c:144) [release] fps:24.60, dur:1016.46, max:66.88, min:15.53
01-22 14:31:24.031: I/SurfaceView(27441): updateWindow -- OnPreDrawListener, mHaveFrame = true, this = android.view.SurfaceView$3@446f3760
01-22 14:31:24.047: I/SurfaceView(27441): updateWindow -- OnPreDrawListener, mHaveFrame = true, this = android.view.SurfaceView$3@446f3760
01-22 14:31:24.064: I/SurfaceView(27441): updateWindow -- OnPreDrawListener, mHaveFrame = true, this = android.view.SurfaceView$3@446f3760
01-22 14:31:24.081: I/SurfaceView(27441): updateWindow -- OnPreDrawListener, mHaveFrame = true, this = android.view.SurfaceView$3@446f3760
01-22 14:31:24.087: I/BufferQueue(144): [com.pplive.tvplayer/com.pplive.tvplayer.player.video.VideoPlayerActivity](this:0xb8d504a8,id:768,api:1,p:27441,c:144) [queue] fps:59.98, dur:1017.08, max:26.34, min:7.70
01-22 14:31:24.097: I/SurfaceView(27441): updateWindow -- OnPreDrawListener, mHaveFrame = true, this = android.view.SurfaceView$3@446f3760
01-22 14:31:24.114: I/SurfaceView(27441): updateWindow -- OnPreDrawListener, mHaveFrame = true, this = android.view.SurfaceView$3@446f3760
01-22 14:31:24.131: I/SurfaceView(27441): updateWindow -- OnPreDrawListener, mHaveFrame = true, this = android.view.SurfaceView$3@446f3760
01-22 14:31:24.147: I/SurfaceView(27441): updateWindow -- OnPreDrawListener, mHaveFrame = true, this = android.view.SurfaceView$3@446f3760
01-22 14:31:24.164: I/SurfaceView(27441): updateWindow -- OnPreDrawListener, mHaveFrame = true, this = android.view.SurfaceView$3@446f3760
01-22 14:31:24.182: I/SurfaceView(27441): updateWindow -- OnPreDrawListener, mHaveFrame = true, this = android.view.SurfaceView$3@446f3760
01-22 14:31:24.198: I/SurfaceView(27441): updateWindow -- OnPreDrawListener, mHaveFrame = true, this = android.view.SurfaceView$3@446f3760
01-22 14:31:24.214: I/SurfaceView(27441): updateWindow -- OnPreDrawListener, mHaveFrame = true, this = android.view.SurfaceView$3@446f3760
01-22 14:31:24.231: I/SurfaceView(27441): updateWindow -- OnPreDrawListener, mHaveFrame = true, this = android.view.SurfaceView$3@446f3760
01-22 14:31:24.232: I/BufferQueue(144): [FrameBufferSurface_0](this:0xb8d3c848,id:0,api:1,p:144,c:144) [release] fps:59.94, dur:1001.08, max:20.83, min:12.86
01-22 14:31:24.247: I/SurfaceView(27441): updateWindow -- OnPreDrawListener, mHaveFrame = true, this = android.view.SurfaceView$3@446f3760
01-22 14:31:24.264: I/SurfaceView(27441): updateWindow -- OnPreDrawListener, mHaveFrame = true, this = android.view.SurfaceView$3@446f3760
01-22 14:31:24.281: I/SurfaceView(27441): updateWindow -- OnPreDrawListener, mHaveFrame = true, this = android.view.SurfaceView$3@446f3760
01-22 14:31:24.297: I/SurfaceView(27441): updateWindow -- OnPreDrawListener, mHaveFrame = true, this = android.view.SurfaceView$3@446f3760
01-22 14:31:24.314: I/SurfaceView(27441): updateWindow -- OnPreDrawListener, mHaveFrame = true, this = android.view.SurfaceView$3@446f3760
01-22 14:31:24.331: I/SurfaceView(27441): updateWindow -- OnPreDrawListener, mHaveFrame = true, this = android.view.SurfaceView$3@446f3760
01-22 14:31:24.332: I/BufferQueue(144): [FrameBufferSurface_0](this:0xb8d3c848,id:0,api:1,p:144,c:144) [queue] fps:59.93, dur:1001.13, max:20.82, min:12.87
01-22 14:31:24.333: I/SurfaceFlinger(144): [Built-in Screen (type:0)] fps:59.934822,dur:1001.09,max:20.70,min:12.87
01-22 14:31:24.348: I/SurfaceView(27441): updateWindow -- OnPreDrawListener, mHaveFrame = true, this = android.view.SurfaceView$3@446f3760
01-22 14:31:24.364: I/SurfaceView(27441): updateWindow -- OnPreDrawListener, mHaveFrame = true, this = android.view.SurfaceView$3@446f3760
01-22 14:31:24.364: I/BufferQueue(144): [com.pplive.tvplayer/com.pplive.tvplayer.player.video.VideoPlayerActivity](this:0xb8d504a8,id:768,api:1,p:27441,c:144) [release] fps:60.19, dur:1013.40, max:17.07, min:12.76
01-22 14:31:24.381: I/SurfaceView(27441): updateWindow -- OnPreDrawListener, mHaveFrame = true, this = android.view.SurfaceView$3@446f3760
01-22 14:31:24.398: I/SurfaceView(27441): updateWindow -- OnPreDrawListener, mHaveFrame = true, this = android.view.SurfaceView$3@446f3760
01-22 14:31:24.414: I/SurfaceView(27441): updateWindow -- OnPreDrawListener, mHaveFrame = true, this = android.view.SurfaceView$3@446f3760
01-22 14:31:24.431: I/SurfaceView(27441): updateWindow -- OnPreDrawListener, mHaveFrame = true, this = android.view.SurfaceView$3@446f3760
01-22 14:31:24.448: I/SurfaceView(27441): updateWindow -- OnPreDrawListener, mHaveFrame = true, this = android.view.SurfaceView$3@446f3760
01-22 14:31:24.464: I/SurfaceView(27441): updateWindow -- OnPreDrawListener, mHaveFrame = true, this = android.view.SurfaceView$3@446f3760
01-22 14:31:24.481: I/SurfaceView(27441): updateWindow -- OnPreDrawListener, mHaveFrame = true, this = android.view.SurfaceView$3@446f3760
01-22 14:31:24.498: I/SurfaceView(27441): updateWindow -- OnPreDrawListener, mHaveFrame = true, this = android.view.SurfaceView$3@446f3760
01-22 14:31:24.514: I/SurfaceView(27441): updateWindow -- OnPreDrawListener, mHaveFrame = true, this = android.view.SurfaceView$3@446f3760
01-22 14:31:24.531: I/SurfaceView(27441): updateWindow -- OnPreDrawListener, mHaveFrame = true, this = android.view.SurfaceView$3@446f3760
01-22 14:31:24.548: I/SurfaceView(27441): updateWindow -- OnPreDrawListener, mHaveFrame = true, this = android.view.SurfaceView$3@446f3760
01-22 14:31:24.565: I/SurfaceView(27441): updateWindow -- OnPreDrawListener, mHaveFrame = true, this = android.view.SurfaceView$3@446f3760
01-22 14:31:24.581: I/SurfaceView(27441): updateWindow -- OnPreDrawListener, mHaveFrame = true, this = android.view.SurfaceView$3@446f3760
01-22 14:31:24.598: I/SurfaceView(27441): updateWindow -- OnPreDrawListener, mHaveFrame = true, this = android.view.SurfaceView$3@446f3760
01-22 14:31:24.615: I/SurfaceView(27441): updateWindow -- OnPreDrawListener, mHaveFrame = true, this = android.view.SurfaceView$3@446f3760
01-22 14:31:24.631: I/SurfaceView(27441): updateWindow -- OnPreDrawListener, mHaveFrame = true, this = android.view.SurfaceView$3@446f3760
01-22 14:31:24.652: I/SurfaceView(27441): updateWindow -- OnPreDrawListener, mHaveFrame = true, this = android.view.SurfaceView$3@446f3760
01-22 14:31:24.665: I/SurfaceView(27441): updateWindow -- OnPreDrawListener, mHaveFrame = true, this = android.view.SurfaceView$3@446f3760
01-22 14:31:24.681: I/SurfaceView(27441): updateWindow -- OnPreDrawListener, mHaveFrame = true, this = android.view.SurfaceView$3@446f3760
01-22 14:31:24.698: I/SurfaceView(27441): updateWindow -- OnPreDrawListener, mHaveFrame = true, this = android.view.SurfaceView$3@446f3760
01-22 14:31:24.714: I/SurfaceView(27441): updateWindow -- OnPreDrawListener, mHaveFrame = true, this = android.view.SurfaceView$3@446f3760
01-22 14:31:24.731: I/SurfaceView(27441): updateWindow -- OnPreDrawListener, mHaveFrame = true, this = android.view.SurfaceView$3@446f3760
01-22 14:31:24.748: I/SurfaceView(27441): updateWindow -- OnPreDrawListener, mHaveFrame = true, this = android.view.SurfaceView$3@446f3760
01-22 14:31:24.767: I/SurfaceView(27441): updateWindow -- OnPreDrawListener, mHaveFrame = true, this = android.view.SurfaceView$3@446f3760
01-22 14:31:24.787: I/SurfaceView(27441): updateWindow -- OnPreDrawListener, mHaveFrame = true, this = android.view.SurfaceView$3@446f3760
01-22 14:31:24.798: I/SurfaceView(27441): updateWindow -- OnPreDrawListener, mHaveFrame = true, this = android.view.SurfaceView$3@446f3760
01-22 14:31:24.820: I/SurfaceView(27441): updateWindow -- OnPreDrawListener, mHaveFrame = true, this = android.view.SurfaceView$3@446f3760
01-22 14:31:24.848: I/SurfaceView(27441): updateWindow -- OnPreDrawListener, mHaveFrame = true, this = android.view.SurfaceView$3@446f3760
01-22 14:31:24.865: I/SurfaceView(27441): updateWindow -- OnPreDrawListener, mHaveFrame = true, this = android.view.SurfaceView$3@446f3760
01-22 14:31:24.881: I/SurfaceView(27441): updateWindow -- OnPreDrawListener, mHaveFrame = true, this = android.view.SurfaceView$3@446f3760
01-22 14:31:24.898: I/SurfaceView(27441): updateWindow -- OnPreDrawListener, mHaveFrame = true, this = android.view.SurfaceView$3@446f3760
01-22 14:31:24.915: I/SurfaceView(27441): updateWindow -- OnPreDrawListener, mHaveFrame = true, this = android.view.SurfaceView$3@446f3760
01-22 14:31:24.932: I/SurfaceView(27441): updateWindow -- OnPreDrawListener, mHaveFrame = true, this = android.view.SurfaceView$3@446f3760
01-22 14:31:24.949: I/SurfaceView(27441): updateWindow -- OnPreDrawListener, mHaveFrame = true, this = android.view.SurfaceView$3@446f3760
01-22 14:31:24.965: I/SurfaceView(27441): updateWindow -- OnPreDrawListener, mHaveFrame = true, this = android.view.SurfaceView$3@446f3760
01-22 14:31:24.981: I/SurfaceView(27441): updateWindow -- OnPreDrawListener, mHaveFrame = true, this = android.view.SurfaceView$3@446f3760
01-22 14:31:24.999: I/SurfaceView(27441): updateWindow -- OnPreDrawListener, mHaveFrame = true, this = android.view.SurfaceView$3@446f3760
01-22 14:31:25.015: I/SurfaceView(27441): updateWindow -- OnPreDrawListener, mHaveFrame = true, this = android.view.SurfaceView$3@446f3760
01-22 14:31:25.032: I/SurfaceView(27441): updateWindow -- OnPreDrawListener, mHaveFrame = true, this = android.view.SurfaceView$3@446f3760
01-22 14:31:25.048: I/SurfaceView(27441): updateWindow -- OnPreDrawListener, mHaveFrame = true, this = android.view.SurfaceView$3@446f3760
01-22 14:31:25.066: I/SurfaceView(27441): updateWindow -- OnPreDrawListener, mHaveFrame = true, this = android.view.SurfaceView$3@446f3760
01-22 14:31:25.067: I/BufferQueue(144): [SurfaceView](this:0xb8d4bc90,id:769,api:2,p:27441,c:144) [queue] fps:23.73, dur:1053.73, max:79.60, min:9.69
01-22 14:31:25.082: I/BufferQueue(144): [SurfaceView](this:0xb8d4bc90,id:769,api:2,p:27441,c:144) [release] fps:23.41, dur:1067.91, max:83.59, min:16.13
01-22 14:31:25.082: I/SurfaceView(27441): updateWindow -- OnPreDrawListener, mHaveFrame = true, this = android.view.SurfaceView$3@446f3760
